2022-12-01 22:57:45.074 10146-10220/? I/flutter: invokeApi Start HttpMethod.GET https://api2.mymarket.ge/app/ru/user/lastsync\
2022-12-01 22:57:55.077 10146-10220/? I/flutter: invokeApi Start HttpMethod.GET https://api2.mymarket.ge/app/ru/user/lastsync\
2022-12-01 22:58:00.064 758-832/? D/EGL_emulation: app_time_stats: avg=60023.42ms min=60023.42ms max=60023.42ms count=1\
2022-12-01 22:58:05.086 10146-10220/? I/flutter: invokeApi Start HttpMethod.GET https://api2.mymarket.ge/app/ru/user/lastsync\
2022-12-01 22:58:05.314 7387-7441/? I/PhenotypeProcessReaper: Memory state is: 125\
2022-12-01 22:58:07.226 512-559/? I/ActivityManager: Killing 8255:com.google.android.apps.messaging/u0a103 (adj 975): empty for 1893s\
2022-12-01 22:58:07.237 512-561/? I/libprocessgroup: Successfully killed process cgroup uid 10103 pid 8255 in 5ms\
2022-12-01 22:58:07.276 7387-15231/? I/AlarmManager: setExactAndAllowWhileIdle [name: GCM_HB_ALARM type: 2 triggerAtMillis: 3171219]\
2022-12-01 22:58:07.283 7387-15231/? E/WakeLock: GCM_HB_ALARM release without a matched acquire!\
2022-12-01 22:58:07.294 323-323/? I/Zygote: Process 8255 exited due to signal 9 (Killed)\
2022-12-01 22:58:07.362 7387-15544/? I/AlarmManager: setExactAndAllowWhileIdle [name: GCM_HB_ALARM type: 2 triggerAtMillis: 3701306]\
2022-12-01 22:58:15.066 10146-10220/? I/flutter: invokeApi Start HttpMethod.GET https://api2.mymarket.ge/app/ru/user/lastsync\
2022-12-01 22:58:16.090 1016-1653/? D/EGL_emulation: app_time_stats: avg=59960.91ms min=59960.91ms max=59960.91ms count=1\
2022-12-01 22:58:25.055 10146-10220/? I/flutter: invokeApi Start HttpMethod.GET https://api2.mymarket.ge/app/ru/user/lastsync\
2022-12-01 22:58:27.981 359-359/? I/android.hardware.vibrator-service.example: Vibrator perform\
2022-12-01 22:58:27.981 359-15747/? I/android.hardware.vibrator-service.example: Starting perform on another thread\
2022-12-01 22:58:27.994 758-832/? D/EGL_emulation: app_time_stats: avg=7039.97ms min=9.17ms max=259869.86ms count=37\
2022-12-01 22:58:28.125 359-15747/? I/android.hardware.vibrator-service.example: Notifying perform complete\
2022-12-01 22:58:28.125 359-359/? I/android.hardware.vibrator-service.example: Vibrator off\
2022-12-01 22:58:28.127 359-359/? I/android.hardware.vibrator-service.example: Vibrator perform\
2022-12-01 22:58:28.127 359-15751/? I/android.hardware.vibrator-service.example: Starting perform on another thread\
2022-12-01 22:58:28.137 512-549/? I/ActivityTaskManager: START u0 \{act=android.intent.action.MAIN cat=[android.intent.category.HOME] flg=0x10000100 cmp=com.google.android.apps.nexuslauncher/.NexusLauncherActivity (has extras)\} from uid 0\
2022-12-01 22:58:28.144 758-758/? V/ShadeControllerImpl: NotificationShadeWindow: com.android.systemui.statusbar.phone.NotificationShadeWindowView\{f070360 I.E...... ......ID 0,0-1080,2280\} canPanelBeCollapsed(): false\
2022-12-01 22:58:28.156 758-758/? V/ShadeControllerImpl: NotificationShadeWindow: com.android.systemui.statusbar.phone.NotificationShadeWindowView\{f070360 I.E...... ......ID 0,0-1080,2280\} canPanelBeCollapsed(): false\
2022-12-01 22:58:28.172 8233-8233/? I/GoogleInputMethodService: GoogleInputMethodService.onFinishInput():3420 \
2022-12-01 22:58:28.173 8233-8233/? I/GoogleInputMethodService: GoogleInputMethodService.onStartInput():2002 \
2022-12-01 22:58:28.174 8233-8233/? I/DeviceUnlockedTag: DeviceUnlockedTag.notifyDeviceLockStatusChanged():31 Notify device unlocked.\
2022-12-01 22:58:28.179 1016-1653/? D/EGL_emulation: app_time_stats: avg=12089.24ms min=12089.24ms max=12089.24ms count=1\
2022-12-01 22:58:28.188 512-1961/? W/ActivityManager: Unable to start service Intent \{ act=android.service.smartspace.SmartspaceService cmp=com.google.android.as/com.google.android.apps.miphone.aiai.app.AiAiSmartspaceService \} U=0: not found\
2022-12-01 22:58:28.189 512-1961/? W/RemoteSmartspaceService: could not bind to Intent \{ act=android.service.smartspace.SmartspaceService cmp=com.google.android.as/com.google.android.apps.miphone.aiai.app.AiAiSmartspaceService \} using flags 67112961\
2022-12-01 22:58:28.189 512-512/? W/ActivityManager: Unbind failed: could not find connection for android.app.LoadedApk$ServiceDispatcher$InnerConnection@d68d48b\
2022-12-01 22:58:28.227 359-15751/? I/android.hardware.vibrator-service.example: Notifying perform complete\
2022-12-01 22:58:28.230 359-359/? I/android.hardware.vibrator-service.example: Vibrator off\
2022-12-01 22:58:28.305 340-340/? W/RanchuHwc: validateDisplay: layer 97 CompositionType 1, fallback\
2022-12-01 22:58:28.312 340-340/? W/RanchuHwc: presentDisplay display has no layers to compose, flushing client target buffer.\
2022-12-01 22:58:28.320 340-340/? W/RanchuHwc: validateDisplay: layer 97 CompositionType 1, fallback\
2022-12-01 22:58:28.327 340-340/? W/RanchuHwc: presentDisplay display has no layers to compose, flushing client target buffer.\
2022-12-01 22:58:28.338 340-340/? W/RanchuHwc: validateDisplay: layer 97 CompositionType 1, fallback\
2022-12-01 22:58:28.340 340-340/? W/RanchuHwc: presentDisplay display has no layers to compose, flushing client target buffer.\
2022-12-01 22:58:28.356 340-340/? W/RanchuHwc: validateDisplay: layer 97 CompositionType 1, fallback\
2022-12-01 22:58:28.358 340-340/? W/RanchuHwc: presentDisplay display has no layers to compose, flushing client target buffer.\
2022-12-01 22:58:28.372 340-340/? W/RanchuHwc: validateDisplay: layer 97 CompositionType 1, fallback\
2022-12-01 22:58:28.374 340-340/? W/RanchuHwc: presentDisplay display has no layers to compose, flushing client target buffer.\
2022-12-01 22:58:28.388 340-340/? W/RanchuHwc: validateDisplay: layer 97 CompositionType 1, fallback\
2022-12-01 22:58:28.390 340-340/? W/RanchuHwc: presentDisplay display has no layers to compose, flushing client target buffer.\
2022-12-01 22:58:28.398 758-832/? D/EGL_emulation: app_time_stats: avg=28334.00ms min=28334.00ms max=28334.00ms count=1\
2022-12-01 22:58:28.405 340-340/? W/RanchuHwc: validateDisplay: layer 97 CompositionType 1, fallback\
2022-12-01 22:58:28.408 340-340/? W/RanchuHwc: presentDisplay display has no layers to compose, flushing client target buffer.\
2022-12-01 22:58:28.423 340-340/? W/RanchuHwc: validateDisplay: layer 97 CompositionType 1, fallback\
2022-12-01 22:58:28.425 340-340/? W/RanchuHwc: presentDisplay display has no layers to compose, flushing client target buffer.\
2022-12-01 22:58:28.439 340-340/? W/RanchuHwc: validateDisplay: layer 97 CompositionType 1, fallback\
2022-12-01 22:58:28.441 340-340/? W/RanchuHwc: presentDisplay display has no layers to compose, flushing client target buffer.\
2022-12-01 22:58:28.454 340-340/? W/RanchuHwc: validateDisplay: layer 97 CompositionType 1, fallback\
2022-12-01 22:58:28.456 340-340/? W/RanchuHwc: presentDisplay display has no layers to compose, flushing client target buffer.\
2022-12-01 22:58:28.473 340-340/? W/RanchuHwc: validateDisplay: layer 97 CompositionType 1, fallback\
2022-12-01 22:58:28.475 340-340/? W/RanchuHwc: presentDisplay display has no layers to compose, flushing client target buffer.\
2022-12-01 22:58:28.489 340-340/? W/RanchuHwc: validateDisplay: layer 97 CompositionType 1, fallback\
2022-12-01 22:58:28.491 340-340/? W/RanchuHwc: presentDisplay display has no layers to compose, flushing client target buffer.\
2022-12-01 22:58:28.506 340-340/? W/RanchuHwc: validateDisplay: layer 97 CompositionType 1, fallback\
2022-12-01 22:58:28.508 340-340/? W/RanchuHwc: presentDisplay display has no layers to compose, flushing client target buffer.\
2022-12-01 22:58:28.521 340-340/? W/RanchuHwc: validateDisplay: layer 97 CompositionType 1, fallback\
2022-12-01 22:58:28.524 340-340/? W/RanchuHwc: presentDisplay display has no layers to compose, flushing client target buffer.\
2022-12-01 22:58:29.192 1016-1653/? D/EGL_emulation: app_time_stats: avg=21.64ms min=1.74ms max=518.64ms count=30\
2022-12-01 22:58:29.211 512-828/? I/ActivityTaskManager: START u0 \{act=android.intent.action.MAIN cat=[android.intent.category.LAUNCHER] flg=0x10200000 cmp=com.android.vending/.AssetBrowserActivity bnds=[440,1687][641,1855]\} from uid 10127\
2022-12-01 22:58:29.240 512-828/? W/ActivityTaskManager: Can't find TaskDisplayArea to determine support for multi window. Task id=21 attached=false\
2022-12-01 22:58:29.247 512-828/? I/ActivityTaskManager: Add Task\{2e9facd #16 type=standard A=10100:com.android.vending U=0 visible=false mode=fullscreen translucent=true sz=1\} to hidden list because adding Task\{10e2e67 #21 type=standard A=10100:com.android.vending U=0 visible=true mode=fullscreen translucent=true sz=1\}\
2022-12-01 22:58:29.251 512-828/? W/ActivityTaskManager: Tried to set launchTime (0) < mLastActivityLaunchTime (1614014)\
2022-12-01 22:58:29.275 338-338/? D/goldfish-address-space: claimShared: Ask to claim region [0x1ea6a8000 0x1eb010000]\
2022-12-01 22:58:29.286 338-338/? D/goldfish-address-space: claimShared: Ask to claim region [0x1e8000000 0x1e8968000]\
2022-12-01 22:58:29.287 338-405/? D/goldfish-address-space: claimShared: Ask to claim region [0x1e8968000 0x1e92d0000]\
2022-12-01 22:58:29.357 340-340/? W/RanchuHwc: validateDisplay: layer 98 CompositionType 1, fallback\
2022-12-01 22:58:29.359 340-340/? W/RanchuHwc: presentDisplay display has no layers to compose, flushing client target buffer.\
2022-12-01 22:58:29.361 3363-3363/? I/GsaVoiceInteractionSrv: Handling ACTION_STOP_HOTWORD\
2022-12-01 22:58:29.361 3363-3363/? E/HwDetectorWithState: a: 3\
2022-12-01 22:58:29.370 340-340/? W/RanchuHwc: validateDisplay: layer 98 CompositionType 1, fallback\
2022-12-01 22:58:29.372 340-340/? W/RanchuHwc: presentDisplay display has no layers to compose, flushing client target buffer.\
2022-12-01 22:58:29.387 340-340/? W/RanchuHwc: validateDisplay: layer 98 CompositionType 1, fallback\
2022-12-01 22:58:29.389 340-340/? W/RanchuHwc: presentDisplay display has no layers to compose, flushing client target buffer.\
2022-12-01 22:58:29.389 1016-1034/? W/System: A resource failed to call release. \
2022-12-01 22:58:29.389 1016-1034/? W/System: A resource failed to call release. \
2022-12-01 22:58:29.389 1016-1034/? W/System: A resource failed to call release. \
2022-12-01 22:58:29.390 1016-1034/? W/System: A resource failed to call release. \
2022-12-01 22:58:29.390 1016-1034/? W/System: A resource failed to call release. \
2022-12-01 22:58:29.390 1016-1034/? W/System: A resource failed to call release. \
2022-12-01 22:58:29.404 340-340/? W/RanchuHwc: validateDisplay: layer 98 CompositionType 1, fallback\
2022-12-01 22:58:29.405 340-340/? W/RanchuHwc: presentDisplay display has no layers to compose, flushing client target buffer.\
2022-12-01 22:58:29.419 7537-7537/? W/Finsky: [2] ftf.g(1): Null bundle, which breaks event chain!. Creating a new logging context.\
2022-12-01 22:58:29.421 340-340/? W/RanchuHwc: validateDisplay: layer 97 CompositionType 1, fallback\
2022-12-01 22:58:29.423 340-340/? W/RanchuHwc: presentDisplay display has no layers to compose, flushing client target buffer.\
2022-12-01 22:58:29.435 512-828/? I/ActivityTaskManager: START u0 \{act=android.intent.action.MAIN cmp=com.android.vending/com.google.android.finsky.unauthenticated.activity.UnauthenticatedMainActivity (has extras)\} from uid 10100\
2022-12-01 22:58:29.437 340-340/? W/RanchuHwc: validateDisplay: layer 97 CompositionType 1, fallback\
2022-12-01 22:58:29.440 340-340/? W/RanchuHwc: presentDisplay display has no layers to compose, flushing client target buffer.\
2022-12-01 22:58:29.454 340-340/? W/RanchuHwc: validateDisplay: layer 97 CompositionType 1, fallback\
2022-12-01 22:58:29.456 340-340/? W/RanchuHwc: presentDisplay display has no layers to compose, flushing client target buffer.\
2022-12-01 22:58:29.470 340-340/? W/RanchuHwc: validateDisplay: layer 97 CompositionType 1, fallback\
2022-12-01 22:58:29.473 340-340/? W/RanchuHwc: presentDisplay display has no layers to compose, flushing client target buffer.\
2022-12-01 22:58:29.475 7537-7537/? I/Finsky: [2] rjq.<init>(4): [P2p][Nav] Listener initialized\
2022-12-01 22:58:29.482 512-828/? I/ActivityTaskManager: Add Task\{10e2e67 #21 type=standard A=10100:com.android.vending U=0 visible=false mode=fullscreen translucent=true sz=1\} to hidden list because adding Task\{2e9facd #16 type=standard A=10100:com.android.vending U=0 visible=true mode=fullscreen translucent=true sz=1\}\
2022-12-01 22:58:29.487 340-340/? W/RanchuHwc: validateDisplay: layer 97 CompositionType 1, fallback\
2022-12-01 22:58:29.491 340-340/? W/RanchuHwc: presentDisplay display has no layers to compose, flushing client target buffer.\
2022-12-01 22:58:29.502 512-1949/? W/InputManager-JNI: Input channel object '9c54a03 Splash Screen com.android.vending (client)' was disposed without first being removed with the input manager!\
2022-12-01 22:58:29.503 338-405/? D/goldfish-address-space: claimShared: Ask to claim region [0x1e8000000 0x1e8968000]\
2022-12-01 22:58:29.504 340-340/? W/RanchuHwc: validateDisplay: layer 97 CompositionType 1, fallback\
2022-12-01 22:58:29.507 340-340/? W/RanchuHwc: presentDisplay display has no layers to compose, flushing client target buffer.\
2022-12-01 22:58:29.509 8862-8862/? D/BoundBrokerSvc: onBind: Intent \{ act=com.google.android.gms.inappreach.service.START dat=chimera-action: cmp=com.google.android.gms/.chimera.GmsApiService \}\
2022-12-01 22:58:29.510 8862-8862/? D/BoundBrokerSvc: Loading bound service for intent: Intent \{ act=com.google.android.gms.inappreach.service.START dat=chimera-action: cmp=com.google.android.gms/.chimera.GmsApiService \}\
2022-12-01 22:58:29.511 338-405/? D/goldfish-address-space: claimShared: Ask to claim region [0x1ea6a8000 0x1eb010000]\
2022-12-01 22:58:29.512 338-405/? D/goldfish-address-space: claimShared: Ask to claim region [0x1e8968000 0x1e92d0000]\
2022-12-01 22:58:29.521 340-340/? W/RanchuHwc: validateDisplay: layer 97 CompositionType 1, fallback\
2022-12-01 22:58:29.534 340-340/? W/RanchuHwc: presentDisplay display has no layers to compose, flushing client target buffer.\
2022-12-01 22:58:29.537 340-340/? W/RanchuHwc: validateDisplay: layer 97 CompositionType 1, fallback\
2022-12-01 22:58:29.540 340-340/? W/RanchuHwc: presentDisplay display has no layers to compose, flushing client target buffer.\
2022-12-01 22:58:29.554 340-340/? W/RanchuHwc: validateDisplay: layer 97 CompositionType 1, fallback\
2022-12-01 22:58:29.556 340-340/? W/RanchuHwc: presentDisplay display has no layers to compose, flushing client target buffer.\
2022-12-01 22:58:29.558 758-832/? D/EGL_emulation: app_time_stats: avg=128.87ms min=14.33ms max=1031.22ms count=9\
2022-12-01 22:58:29.561 758-832/? D/EGL_emulation: app_time_stats: avg=33.66ms min=0.98ms max=935.39ms count=35\
2022-12-01 22:58:29.566 512-548/? I/ActivityTaskManager: Displayed com.android.vending/com.google.android.finsky.unauthenticated.activity.UnauthenticatedMainActivity: +337ms\
2022-12-01 22:58:29.571 340-340/? W/RanchuHwc: validateDisplay: layer 97 CompositionType 1, fallback\
2022-12-01 22:58:29.573 340-340/? W/RanchuHwc: presentDisplay display has no layers to compose, flushing client target buffer.\
2022-12-01 22:58:29.575 8233-8233/? I/GoogleInputMethodService: GoogleInputMethodService.onFinishInput():3420 \
2022-12-01 22:58:29.575 8233-8233/? I/GoogleInputMethodService: GoogleInputMethodService.onStartInput():2002 \
2022-12-01 22:58:29.575 8233-8233/? I/DeviceUnlockedTag: DeviceUnlockedTag.notifyDeviceLockStatusChanged():31 Notify device unlocked.\
2022-12-01 22:58:29.588 340-340/? W/RanchuHwc: validateDisplay: layer 97 CompositionType 1, fallback\
2022-12-01 22:58:29.591 340-340/? W/RanchuHwc: presentDisplay display has no layers to compose, flushing client target buffer.\
2022-12-01 22:58:29.604 340-340/? W/RanchuHwc: validateDisplay: layer 97 CompositionType 1, fallback\
2022-12-01 22:58:29.608 340-340/? W/RanchuHwc: presentDisplay display has no layers to compose, flushing client target buffer.\
2022-12-01 22:58:29.623 340-340/? W/RanchuHwc: validateDisplay: layer 97 CompositionType 1, fallback\
2022-12-01 22:58:29.626 340-340/? W/RanchuHwc: presentDisplay display has no layers to compose, flushing client target buffer.\
2022-12-01 22:58:29.638 340-340/? W/RanchuHwc: validateDisplay: layer 97 CompositionType 1, fallback\
2022-12-01 22:58:29.642 340-340/? W/RanchuHwc: presentDisplay display has no layers to compose, flushing client target buffer.\
2022-12-01 22:58:29.655 340-340/? W/RanchuHwc: validateDisplay: layer 97 CompositionType 1, fallback\
2022-12-01 22:58:29.658 340-340/? W/RanchuHwc: presentDisplay display has no layers to compose, flushing client target buffer.\
2022-12-01 22:58:29.671 340-340/? W/RanchuHwc: validateDisplay: layer 97 CompositionType 1, fallback\
2022-12-01 22:58:29.674 340-340/? W/RanchuHwc: presentDisplay display has no layers to compose, flushing client target buffer.\
2022-12-01 22:58:29.690 340-340/? W/RanchuHwc: validateDisplay: layer 97 CompositionType 1, fallback\
2022-12-01 22:58:29.693 340-340/? W/RanchuHwc: presentDisplay display has no layers to compose, flushing client target buffer.\
2022-12-01 22:58:29.704 340-340/? W/RanchuHwc: validateDisplay: layer 97 CompositionType 1, fallback\
2022-12-01 22:58:29.707 340-340/? W/RanchuHwc: presentDisplay display has no layers to compose, flushing client target buffer.\
2022-12-01 22:58:29.722 340-340/? W/RanchuHwc: validateDisplay: layer 97 CompositionType 1, fallback\
2022-12-01 22:58:29.725 340-340/? W/RanchuHwc: presentDisplay display has no layers to compose, flushing client target buffer.\
2022-12-01 22:58:29.738 340-340/? W/RanchuHwc: validateDisplay: layer 97 CompositionType 1, fallback\
2022-12-01 22:58:29.740 340-340/? W/RanchuHwc: presentDisplay display has no layers to compose, flushing client target buffer.\
2022-12-01 22:58:29.755 340-340/? W/RanchuHwc: validateDisplay: layer 97 CompositionType 1, fallback\
2022-12-01 22:58:29.758 340-340/? W/RanchuHwc: presentDisplay display has no layers to compose, flushing client target buffer.\
2022-12-01 22:58:29.773 340-340/? W/RanchuHwc: validateDisplay: layer 97 CompositionType 1, fallback\
2022-12-01 22:58:29.777 340-340/? W/RanchuHwc: presentDisplay display has no layers to compose, flushing client target buffer.\
2022-12-01 22:58:29.790 340-340/? W/RanchuHwc: validateDisplay: layer 97 CompositionType 1, fallback\
2022-12-01 22:58:29.792 340-340/? W/RanchuHwc: presentDisplay display has no layers to compose, flushing client target buffer.\
2022-12-01 22:58:29.807 512-3889/? W/ActivityManager: Unable to start service Intent \{ act=android.service.smartspace.SmartspaceService cmp=com.google.android.as/com.google.android.apps.miphone.aiai.app.AiAiSmartspaceService \} U=0: not found\
2022-12-01 22:58:29.808 512-3889/? W/RemoteSmartspaceService: could not bind to Intent \{ act=android.service.smartspace.SmartspaceService cmp=com.google.android.as/com.google.android.apps.miphone.aiai.app.AiAiSmartspaceService \} using flags 67112961\
2022-12-01 22:58:29.808 512-512/? W/ActivityManager: Unbind failed: could not find connection for android.app.LoadedApk$ServiceDispatcher$InnerConnection@c6e400d\
2022-12-01 22:58:29.813 8345-8345/? I/A: onApplyWindowInsets: systemWindowInsets=Insets\{left=0, top=66, right=0, bottom=132\}\
2022-12-01 22:58:29.814 8345-8345/? I/A: onApplyWindowInsets: systemWindowInsets=Insets\{left=0, top=66, right=0, bottom=132\}\
2022-12-01 22:58:29.840 364-364/? W/SurfaceFlinger: couldn't log to binary event log: overflow.\
2022-12-01 22:58:30.177 512-552/? W/ActivityTaskManager: Can't find TaskDisplayArea to determine support for multi window. Task id=21 attached=false\
2022-12-01 22:58:30.177 512-552/? W/ActivityTaskManager: Can't find TaskDisplayArea to determine support for multi window. Task id=21 attached=false\
2022-12-01 22:58:30.575 758-832/? D/EGL_emulation: app_time_stats: avg=38.91ms min=13.09ms max=596.54ms count=26\
2022-12-01 22:58:31.272 7537-10101/? D/EGL_emulation: app_time_stats: avg=216.64ms min=12.28ms max=1578.66ms count=8\
2022-12-01 22:58:31.328 512-3889/? I/ActivityTaskManager: START u0 \{act=com.google.android.gms.ui.UNPACKING_REDIRECT dat=intent://com.google.android.gms.auth.uiflows.common/63406f06-2304-41da-a381-e65382e91b32 pkg=com.google.android.gms cmp=com.google.android.gms/.auth.uiflows.common.UnpackingRedirectActivity clip=\{text/plain \{\}\} (has extras)\} from uid 10100\
2022-12-01 22:58:31.331 512-3889/? D/CompatibilityChangeReporter: Compat change id reported: 184838306; UID 10101; state: DISABLED\
2022-12-01 22:58:31.332 512-3889/? D/CompatibilityChangeReporter: Compat change id reported: 185004937; UID 10101; state: DISABLED\
2022-12-01 22:58:31.332 512-3889/? D/CompatibilityChangeReporter: Compat change id reported: 181136395; UID 10101; state: DISABLED\
2022-12-01 22:58:31.332 512-3889/? D/CompatibilityChangeReporter: Compat change id reported: 174042936; UID 10101; state: DISABLED\
2022-12-01 22:58:31.335 512-551/? D/CompatibilityChangeReporter: Compat change id reported: 135634846; UID 10101; state: DISABLED\
2022-12-01 22:58:31.335 512-551/? D/CompatibilityChangeReporter: Compat change id reported: 177438394; UID 10101; state: DISABLED\
2022-12-01 22:58:31.335 512-551/? D/CompatibilityChangeReporter: Compat change id reported: 135772972; UID 10101; state: DISABLED\
2022-12-01 22:58:31.335 512-551/? D/CompatibilityChangeReporter: Compat change id reported: 135754954; UID 10101; state: ENABLED\
2022-12-01 22:58:31.335 512-560/? D/CompatibilityChangeReporter: Compat change id reported: 143937733; UID 10101; state: ENABLED\
2022-12-01 22:58:31.359 323-323/? D/Zygote: Forked child process 15760\
2022-12-01 22:58:31.360 512-560/? I/ActivityManager: Start proc 15760:com.google.android.gms.ui/u0a101 for pre-top-activity \{com.google.android.gms/com.google.android.gms.auth.uiflows.common.UnpackingRedirectActivity\}\
2022-12-01 22:58:31.378 15760-15760/? E/.android.gms.u: Not starting debugger since process cannot load the jdwp agent.\
2022-12-01 22:58:31.390 15760-15760/? D/CompatibilityChangeReporter: Compat change id reported: 171979766; UID 10101; state: ENABLED\
2022-12-01 22:58:31.416 15760-15760/? W/.android.gms.u: JIT profile information will not be recorded: profile file does not exist.\
2022-12-01 22:58:31.416 15760-15760/? W/.android.gms.u: JIT profile information will not be recorded: profile file does not exist.\
2022-12-01 22:58:31.427 15760-15760/? V/GraphicsEnvironment: ANGLE Developer option for 'com.google.android.gms' set to: 'default'\
2022-12-01 22:58:31.427 15760-15760/? V/GraphicsEnvironment: Neither updatable production driver nor prerelease driver is supported.\
2022-12-01 22:58:31.429 15760-15760/? D/NetworkSecurityConfig: Using Network Security Config from resource network_security_config debugBuild: false\
2022-12-01 22:58:31.432 15760-15760/? D/NetworkSecurityConfig: Using Network Security Config from resource network_security_config debugBuild: false\
2022-12-01 22:58:31.512 15760-15760/? W/ProviderHelper: Unknown dynamite feature providerinstaller.dynamite\
2022-12-01 22:58:31.513 15760-15760/? I/DynamiteModule: Considering local module com.google.android.gms.providerinstaller.dynamite:1 and remote module com.google.android.gms.providerinstaller.dynamite:0\
2022-12-01 22:58:31.513 15760-15760/? I/DynamiteModule: Selected local version of com.google.android.gms.providerinstaller.dynamite\
2022-12-01 22:58:31.547 15760-15760/? V/NativeCrypto: Registering com/google/android/gms/org/conscrypt/NativeCrypto's 295 native methods...\
2022-12-01 22:58:31.560 15760-15760/? I/ProviderInstaller: Installed default security provider GmsCore_OpenSSL\
2022-12-01 22:58:31.580 15760-15784/? I/GMS_MM_Logger: Started.\
2022-12-01 22:58:31.581 15760-15760/? I/clbr: Primes not initialized, returning default (no-op) Primes instance which will ignore all calls. Please call Primes.initialize(...) before using any Primes API.\
2022-12-01 22:58:31.590 758-832/? D/EGL_emulation: app_time_stats: avg=11.80ms min=0.77ms max=23.14ms count=61\
2022-12-01 22:58:31.616 15760-15791/? D/libEGL: loaded /vendor/lib64/egl/libEGL_emulation.so\
2022-12-01 22:58:31.618 15760-15791/? D/libEGL: loaded /vendor/lib64/egl/libGLESv1_CM_emulation.so\
2022-12-01 22:58:31.624 15760-15791/? D/libEGL: loaded /vendor/lib64/egl/libGLESv2_emulation.so\
2022-12-01 22:58:31.644 512-1949/? I/ActivityTaskManager: START u0 \{cat=[categoryhack:sessionid=9a0a9357-1404-4c94-b848-a5b3495e50a7] flg=0x2000000 cmp=com.google.android.gms/.auth.uiflows.addaccount.AccountIntroActivity (has extras)\} from uid 10101\
2022-12-01 22:58:31.659 512-3889/? W/ActivityTaskManager: Tried to set launchTime (0) < mLastActivityLaunchTime (3135331)\
2022-12-01 22:58:31.684 15760-15760/? I/Auth: [CommonAuth,ManagedAccountUtil] No DO or PO.\
2022-12-01 22:58:31.684 15760-15760/? I/Auth: [AddAccount, IntentResolveHelper] Found activity to handle action com.google.android.gms.auth.addaccount.PRE_ADD_ACCOUNT\
2022-12-01 22:58:31.686 512-3889/? I/ActivityTaskManager: START u0 \{flg=0x2000000 cmp=com.google.android.gms/.auth.uiflows.addaccount.WrapperControlledActivity (has extras)\} from uid 10101\
2022-12-01 22:58:31.695 512-3889/? W/ActivityTaskManager: Tried to set launchTime (0) < mLastActivityLaunchTime (3135603)\
2022-12-01 22:58:31.759 15760-15760/? D/CompatibilityChangeReporter: Compat change id reported: 171228096; UID 10101; state: ENABLED\
2022-12-01 22:58:31.836 15760-15760/? I/cspx: PartnerConfigsBundle=107\
2022-12-01 22:58:31.843 3350-15795/? I/SetupLibrary: [SetupCompatServiceProvider] State changed: NOT_STARTED -> BINDING\
2022-12-01 22:58:31.843 3350-15795/? I/SetupLibrary: [SetupCompatServiceProvider] Context#bindService went through, now waiting for service connection\
2022-12-01 22:58:31.843 3350-15795/? I/SetupLibrary: [SetupCompatServiceProvider] Waiting for service to get connected\
2022-12-01 22:58:31.845 3350-3350/? I/SetupLibrary: [SetupCompatServiceProvider] State changed: BINDING -> CONNECTED\
2022-12-01 22:58:31.845 3350-15795/? I/SetupLibrary: [SetupCompatServiceProvider] Finished waiting for service to get connected. Current state = CONNECTED\
2022-12-01 22:58:31.900 512-1961/? I/ActivityTaskManager: START u0 \{act=com.google.android.gms.auth.addaccount.PRE_ADD_ACCOUNT cmp=com.google.android.gms/.auth.uiflows.addaccount.PreAddAccountActivity (has extras)\} from uid 10101\
2022-12-01 22:58:31.918 512-1961/? W/ActivityTaskManager: Tried to set launchTime (0) < mLastActivityLaunchTime (3135640)\
2022-12-01 22:58:31.933 512-552/? D/CompatibilityChangeReporter: Compat change id reported: 158002302; UID 10101; state: ENABLED\
2022-12-01 22:58:31.934 364-748/? W/ServiceManager: Permission failure: android.permission.ACCESS_SURFACE_FLINGER from uid=10101 pid=15760\
2022-12-01 22:58:31.934 364-748/? D/PermissionCache: checking android.permission.ACCESS_SURFACE_FLINGER for uid=10101 => denied (443 us)\
2022-12-01 22:58:31.935 364-748/? W/ServiceManager: Permission failure: android.permission.ROTATE_SURFACE_FLINGER from uid=10101 pid=15760\
2022-12-01 22:58:31.935 364-748/? D/PermissionCache: checking android.permission.ROTATE_SURFACE_FLINGER for uid=10101 => denied (303 us)\
2022-12-01 22:58:31.939 15760-15789/? D/HostConnection: createUnique: call\
2022-12-01 22:58:31.946 15760-15789/? D/HostConnection: HostConnection::get() New Host Connection established 0xb4000078b0c15110, tid 15789\
2022-12-01 22:58:31.955 15760-15789/? D/HostConnection: HostComposition ext ANDROID_EMU_CHECKSUM_HELPER_v1 ANDROID_EMU_native_sync_v2 ANDROID_EMU_native_sync_v3 ANDROID_EMU_native_sync_v4 ANDROID_EMU_dma_v1 ANDROID_EMU_direct_mem ANDROID_EMU_host_composition_v1 ANDROID_EMU_host_composition_v2 ANDROID_EMU_vulkan ANDROID_EMU_deferred_vulkan_commands ANDROID_EMU_vulkan_null_optional_strings ANDROID_EMU_vulkan_create_resources_with_requirements ANDROID_EMU_YUV_Cache ANDROID_EMU_vulkan_ignored_handles ANDROID_EMU_has_shared_slots_host_memory_allocator ANDROID_EMU_vulkan_free_memory_sync ANDROID_EMU_vulkan_shader_float16_int8 ANDROID_EMU_vulkan_async_queue_submit ANDROID_EMU_vulkan_queue_submit_with_commands ANDROID_EMU_sync_buffer_data ANDROID_EMU_read_color_buffer_dma GL_OES_EGL_image_external_essl3 GL_OES_vertex_array_object GL_KHR_texture_compression_astc_ldr ANDROID_EMU_host_side_tracing ANDROID_EMU_gles_max_version_3_0 \
2022-12-01 22:58:31.961 177-177/? I/hwservicemanager: getTransport: Cannot find entry android.hardware.configstore@1.0::ISurfaceFlingerConfigs/default in either framework or device VINTF manifest.\
2022-12-01 22:58:31.961 15760-15789/? W/OpenGLRenderer: Failed to choose config with EGL_SWAP_BEHAVIOR_PRESERVED, retrying without...\
2022-12-01 22:58:31.961 15760-15789/? W/OpenGLRenderer: Failed to initialize 101010-2 format, error = EGL_SUCCESS\
2022-12-01 22:58:31.962 15760-15789/? D/EGL_emulation: eglCreateContext: 0xb4000078b0c15e90: maj 3 min 0 rcv 3\
2022-12-01 22:58:31.963 15760-15789/? D/EGL_emulation: eglMakeCurrent: 0xb4000078b0c15e90: ver 3 0 (tinfo 0x7ac78d4080) (first time)\
2022-12-01 22:58:31.980 364-748/? E/HWComposer: getSupportedContentTypes: getSupportedContentTypes failed for display 4619827259835644672: Unsupported (8)\
2022-12-01 22:58:31.981 177-177/? I/hwservicemanager: getTransport: Cannot find entry android.hardware.graphics.mapper@4.0::IMapper/default in either framework or device VINTF manifest.\
2022-12-01 22:58:31.981 15760-15789/? I/Gralloc4: mapper 4.x is not supported\
2022-12-01 22:58:31.981 15760-15789/? D/HostConnection: createUnique: call\
2022-12-01 22:58:31.981 15760-15789/? D/HostConnection: HostConnection::get() New Host Connection established 0xb4000078b0c15050, tid 15789\
2022-12-01 22:58:31.982 15760-15789/? D/goldfish-address-space: allocate: Ask for block of size 0x100\
2022-12-01 22:58:31.982 15760-15789/? D/goldfish-address-space: allocate: ioctl allocate returned offset 0x1e5ff0000 size 0x8000\
2022-12-01 22:58:31.982 177-177/? I/hwservicemanager: getTransport: Cannot find entry android.hardware.graphics.allocator@4.0::IAllocator/default in either framework or device VINTF manifest.\
2022-12-01 22:58:31.983 15760-15789/? W/Gralloc4: allocator 4.x is not supported\
2022-12-01 22:58:31.987 338-405/? D/goldfish-address-space: claimShared: Ask to claim region [0x1e92d0000 0x1e9c38000]\
2022-12-01 22:58:31.995 15760-15789/? D/HostConnection: HostComposition ext ANDROID_EMU_CHECKSUM_HELPER_v1 ANDROID_EMU_native_sync_v2 ANDROID_EMU_native_sync_v3 ANDROID_EMU_native_sync_v4 ANDROID_EMU_dma_v1 ANDROID_EMU_direct_mem ANDROID_EMU_host_composition_v1 ANDROID_EMU_host_composition_v2 ANDROID_EMU_vulkan ANDROID_EMU_deferred_vulkan_commands ANDROID_EMU_vulkan_null_optional_strings ANDROID_EMU_vulkan_create_resources_with_requirements ANDROID_EMU_YUV_Cache ANDROID_EMU_vulkan_ignored_handles ANDROID_EMU_has_shared_slots_host_memory_allocator ANDROID_EMU_vulkan_free_memory_sync ANDROID_EMU_vulkan_shader_float16_int8 ANDROID_EMU_vulkan_async_queue_submit ANDROID_EMU_vulkan_queue_submit_with_commands ANDROID_EMU_sync_buffer_data ANDROID_EMU_read_color_buffer_dma GL_OES_EGL_image_external_essl3 GL_OES_vertex_array_object GL_KHR_texture_compression_astc_ldr ANDROID_EMU_host_side_tracing ANDROID_EMU_gles_max_version_3_0 \
2022-12-01 22:58:31.996 338-405/? D/goldfish-address-space: claimShared: Ask to claim region [0x1ec000000 0x1ec968000]\
2022-12-01 22:58:31.996 338-405/? D/goldfish-address-space: claimShared: Ask to claim region [0x1ec968000 0x1ed2d0000]\
2022-12-01 22:58:32.117 512-1961/? W/ActivityManager: Unable to start service Intent \{ act=com.google.android.gms.enterprise.service.START pkg=com.google.android.gms \} U=0: not found\
2022-12-01 22:58:32.118 512-1961/? W/ActivityManager: Unbind failed: could not find connection for android.os.BinderProxy@f756e57\
2022-12-01 22:58:32.118 15760-15794/? W/GmsClient: unable to connect to service: com.google.android.gms.enterprise.service.START on com.google.android.gms\
2022-12-01 22:58:32.127 8862-8862/? D/BoundBrokerSvc: onBind: Intent \{ act=com.google.android.gms.enterprise.loader.service.START dat=chimera-action: cmp=com.google.android.gms/.chimera.GmsInternalBoundBrokerService \}\
2022-12-01 22:58:32.127 8862-8862/? D/BoundBrokerSvc: Loading bound service for intent: Intent \{ act=com.google.android.gms.enterprise.loader.service.START dat=chimera-action: cmp=com.google.android.gms/.chimera.GmsInternalBoundBrokerService \}\
2022-12-01 22:58:32.146 338-405/? D/goldfish-address-space: claimShared: Ask to claim region [0x1ed2d0000 0x1edc38000]\
2022-12-01 22:58:32.147 338-405/? D/goldfish-address-space: claimShared: Ask to claim region [0x1edc38000 0x1ee5a0000]\
2022-12-01 22:58:32.147 338-405/? D/goldfish-address-space: claimShared: Ask to claim region [0x1ee5a0000 0x1eef08000]\
2022-12-01 22:58:32.165 7387-7805/? W/Auth: [FactoryResetProtectionManager] Factory reset protection is not supported!\
2022-12-01 22:58:32.201 15760-15760/? W/FRP: [SecureFrpUtil] Failed to get FRP mode\
    android.provider.Settings$SettingNotFoundException: secure_frp_mode\
        at android.provider.Settings$Secure.getIntForUser(Settings.java:6063)\
        at android.provider.Settings$Secure.getInt(Settings.java:6053)\
        at lbj.b(:com.google.android.gms@224517044@22.45.17 (190400-490120723):1)\
        at com.google.android.gms.auth.uiflows.addaccount.PreAddAccountChimeraActivity.c(:com.google.android.gms@224517044@22.45.17 (190400-490120723):7)\
        at cin.a(:com.google.android.gms@224517044@22.45.17 (190400-490120723):2)\
        at cfx.b(:com.google.android.gms@224517044@22.45.17 (190400-490120723):4)\
        at cfx.f(:com.google.android.gms@224517044@22.45.17 (190400-490120723):2)\
        at cfx.l(:com.google.android.gms@224517044@22.45.17 (190400-490120723):2)\
        at cim.l(:com.google.android.gms@224517044@22.45.17 (190400-490120723):1)\
        at cim.onLoadComplete(:com.google.android.gms@224517044@22.45.17 (190400-490120723):1)\
        at cix.deliverResult(:com.google.android.gms@224517044@22.45.17 (190400-490120723):0)\
        at qol.deliverResult(:com.google.android.gms@224517044@22.45.17 (190400-490120723):0)\
        at cir.c(:com.google.android.gms@224517044@22.45.17 (190400-490120723):6)\
        at cja.run(:com.google.android.gms@224517044@22.45.17 (190400-490120723):3)\
        at android.os.Handler.handleCallback(Handler.java:938)\
        at android.os.Handler.dispatchMessage(Handler.java:99)\
        at android.os.Looper.loopOnce(Looper.java:201)\
        at android.os.Looper.loop(Looper.java:288)\
        at android.app.ActivityThread.main(ActivityThread.java:7839)\
        at java.lang.reflect.Method.invoke(Native Method)\
        at com.android.internal.os.RuntimeInit$MethodAndArgsCaller.run(RuntimeInit.java:548)\
        at com.android.internal.os.ZygoteInit.main(ZygoteInit.java:1003)\
2022-12-01 22:58:32.217 758-832/? D/EGL_emulation: app_time_stats: avg=265.85ms min=13.12ms max=2508.15ms count=10\
2022-12-01 22:58:32.227 8233-8233/? I/GoogleInputMethodService: GoogleInputMethodService.onFinishInput():3420 \
2022-12-01 22:58:32.228 8233-8233/? I/GoogleInputMethodService: GoogleInputMethodService.onStartInput():2002 \
2022-12-01 22:58:32.228 8233-8233/? I/DeviceUnlockedTag: DeviceUnlockedTag.notifyDeviceLockStatusChanged():31 Notify device unlocked.\
2022-12-01 22:58:32.689 364-364/? W/SurfaceFlinger: couldn't log to binary event log: overflow.\
2022-12-01 22:58:33.131 338-405/? D/goldfish-address-space: claimShared: Ask to claim region [0x1ea6a8000 0x1eacac000]\
2022-12-01 22:58:33.165 15760-15789/? D/EGL_emulation: app_time_stats: avg=9.62ms min=2.58ms max=19.51ms count=59\
2022-12-01 22:58:33.200 15760-15760/? I/Auth: [AddAccount, IntentResolveHelper] Failed to resolve activity for action com.google.android.gms.auth.addaccount.POST_PRE_ADD_ACCOUNT\
2022-12-01 22:58:33.228 512-3889/? I/ActivityTaskManager: START u0 \{flg=0x2000000 cmp=com.google.android.gms/.auth.uiflows.minutemaid.MinuteMaidActivity (has extras)\} from uid 10101\
2022-12-01 22:58:33.243 512-3889/? W/ActivityTaskManager: Tried to set launchTime (0) < mLastActivityLaunchTime (3135863)\
2022-12-01 22:58:33.252 348-348/? E/android.hardware.power.stats@1.0-service-mock: Failed to getEnergyData\
2022-12-01 22:58:33.280 15760-15760/? I/Auth: [MinuteMaidFragment] shouldDrawStatusBarInWebview: false, useNativeNavigationBar: false, shouldForceUseNativeNavigationBar: false, isTablet: false\
2022-12-01 22:58:33.296 15760-15760/? I/WebViewFactory: Loading com.google.android.webview version 91.0.4472.114 (code 447211484)\
2022-12-01 22:58:33.375 512-3889/? D/CompatibilityChangeReporter: Compat change id reported: 135634846; UID 10111; state: DISABLED\
2022-12-01 22:58:33.375 512-3889/? D/CompatibilityChangeReporter: Compat change id reported: 177438394; UID 10111; state: DISABLED\
2022-12-01 22:58:33.375 512-3889/? D/CompatibilityChangeReporter: Compat change id reported: 135772972; UID 10111; state: DISABLED\
2022-12-01 22:58:33.375 512-3889/? D/CompatibilityChangeReporter: Compat change id reported: 135754954; UID 10111; state: ENABLED\
2022-12-01 22:58:33.376 512-560/? D/CompatibilityChangeReporter: Compat change id reported: 143937733; UID 10111; state: ENABLED\
2022-12-01 22:58:33.392 323-323/? D/Zygote: Forked child process 15817\
2022-12-01 22:58:33.393 512-560/? I/ActivityManager: Start proc 15817:com.google.android.webview:webview_service/u0a111 for service \{com.google.android.webview/org.chromium.android_webview.services.VariationsSeedServer\}\
2022-12-01 22:58:33.411 15817-15817/? E/webview_servic: Not starting debugger since process cannot load the jdwp agent.\
2022-12-01 22:58:33.416 15760-15760/? I/cr_LibraryLoader: Loaded native library version number "91.0.4472.114"\
2022-12-01 22:58:33.417 15760-15760/? I/cr_CachingUmaRecorder: Flushed 5 samples from 5 histograms.\
2022-12-01 22:58:33.424 512-3889/? D/CompatibilityChangeReporter: Compat change id reported: 168419799; UID 10111; state: DISABLED\
2022-12-01 22:58:33.428 15817-15817/? D/CompatibilityChangeReporter: Compat change id reported: 171979766; UID 10111; state: ENABLED\
2022-12-01 22:58:33.441 15817-15817/? V/GraphicsEnvironment: ANGLE Developer option for 'com.google.android.webview' set to: 'default'\
2022-12-01 22:58:33.441 15817-15817/? V/GraphicsEnvironment: Neither updatable production driver nor prerelease driver is supported.\
2022-12-01 22:58:33.443 15817-15817/? D/NetworkSecurityConfig: No Network Security Config specified, using platform default\
2022-12-01 22:58:33.445 15817-15817/? D/NetworkSecurityConfig: No Network Security Config specified, using platform default\
2022-12-01 22:58:33.481 512-693/? D/CompatibilityChangeReporter: Compat change id reported: 135634846; UID 10101; state: DISABLED\
2022-12-01 22:58:33.481 512-693/? D/CompatibilityChangeReporter: Compat change id reported: 177438394; UID 10101; state: DISABLED\
2022-12-01 22:58:33.481 512-693/? D/CompatibilityChangeReporter: Compat change id reported: 135772972; UID 10101; state: DISABLED\
2022-12-01 22:58:33.481 512-693/? D/CompatibilityChangeReporter: Compat change id reported: 135754954; UID 10101; state: ENABLED\
2022-12-01 22:58:33.481 512-560/? D/CompatibilityChangeReporter: Compat change id reported: 143937733; UID 10101; state: ENABLED\
2022-12-01 22:58:33.485 8862-8862/? D/BoundBrokerSvc: onBind: Intent \{ act=com.google.android.gms.safetynet.service.START pkg=com.google.android.gms \}\
2022-12-01 22:58:33.485 8862-8862/? D/BoundBrokerSvc: Loading bound service for intent: Intent \{ act=com.google.android.gms.safetynet.service.START pkg=com.google.android.gms \}\
2022-12-01 22:58:33.495 940-940/? D/Zygote: Forked child process 15838\
2022-12-01 22:58:33.496 512-560/? I/ActivityManager: Start proc 15838:com.google.android.webview:sandboxed_process0:org.chromium.content.app.SandboxedProcessService0:0/u0i1 for  \{com.google.android.gms/org.chromium.content.app.SandboxedProcessService0:0\}\
2022-12-01 22:58:33.499 15838-15838/? E/libc: SetHeapTaggingLevel: re-enabling tagging after it was disabled is not supported\
2022-12-01 22:58:33.503 15838-15838/? E/ocessService0:: Not starting debugger since process cannot load the jdwp agent.\
2022-12-01 22:58:33.516 15838-15838/? D/CompatibilityChangeReporter: Compat change id reported: 171979766; UID 99001; state: ENABLED\
2022-12-01 22:58:33.524 15838-15838/? D/NetworkSecurityConfig: No Network Security Config specified, using platform default\
2022-12-01 22:58:33.525 15838-15838/? D/NetworkSecurityConfig: No Network Security Config specified, using platform default\
2022-12-01 22:58:33.529 15838-15838/? I/cr_ChildProcessService: Creating new ChildProcessService pid=15838\
2022-12-01 22:58:33.537 359-359/? I/android.hardware.vibrator-service.example: Vibrator perform\
2022-12-01 22:58:33.538 359-15854/? I/android.hardware.vibrator-service.example: Starting perform on another thread\
2022-12-01 22:58:33.547 758-832/? D/EGL_emulation: app_time_stats: avg=100.48ms min=1.22ms max=1003.76ms count=18\
2022-12-01 22:58:33.638 359-15854/? I/android.hardware.vibrator-service.example: Notifying perform complete\
2022-12-01 22:58:33.640 359-359/? I/android.hardware.vibrator-service.example: Vibrator off\
2022-12-01 22:58:33.698 512-3889/? D/ConnectivityService: requestNetwork for uid/pid:10101/15760 activeRequest: null callbackRequest: 236 [NetworkRequest [ REQUEST id=237, [ Capabilities: INTERNET&NOT_RESTRICTED&TRUSTED&NOT_VCN_MANAGED Uid: 10101 RequestorUid: 10101 RequestorPkg: com.google.android.gms] ]] callback flags: 0 priority: 2147483647\
2022-12-01 22:58:33.698 359-359/? I/android.hardware.vibrator-service.example: Vibrator perform\
2022-12-01 22:58:33.699 512-707/? D/ConnectivityService: NetReassign [237 : null 
\f1 \uc0\u8594 
\f0  100]\
2022-12-01 22:58:33.700 512-707/? D/ConnectivityService: NetReassign [no changes]\
2022-12-01 22:58:33.701 512-700/? D/WifiNetworkFactory: got request NetworkRequest [ REQUEST id=237, [ Capabilities: INTERNET&NOT_RESTRICTED&TRUSTED&NOT_VCN_MANAGED Uid: 10101 RequestorUid: 10101 RequestorPkg: com.google.android.gms] ]\
2022-12-01 22:58:33.701 512-700/? D/UntrustedWifiNetworkFactory: got request NetworkRequest [ REQUEST id=237, [ Capabilities: INTERNET&NOT_RESTRICTED&TRUSTED&NOT_VCN_MANAGED Uid: 10101 RequestorUid: 10101 RequestorPkg: com.google.android.gms] ]\
2022-12-01 22:58:33.701 359-15871/? I/android.hardware.vibrator-service.example: Starting perform on another thread\
2022-12-01 22:58:33.705 758-758/? V/ShadeControllerImpl: NotificationShadeWindow: com.android.systemui.statusbar.phone.NotificationShadeWindowView\{f070360 I.E...... ......ID 0,0-1080,2280\} canPanelBeCollapsed(): false\
2022-12-01 22:58:33.719 512-700/? D/OemPaidWifiNetworkFactory: got request NetworkRequest [ REQUEST id=237, [ Capabilities: INTERNET&NOT_RESTRICTED&TRUSTED&NOT_VCN_MANAGED Uid: 10101 RequestorUid: 10101 RequestorPkg: com.google.android.gms] ]\
2022-12-01 22:58:33.720 512-549/? I/ActivityTaskManager: START u0 \{act=android.intent.action.MAIN cat=[android.intent.category.HOME] flg=0x10000100 cmp=com.google.android.apps.nexuslauncher/.NexusLauncherActivity (has extras)\} from uid 0\
2022-12-01 22:58:33.746 512-551/? W/ProcessStats: Tracking association SourceState\{2be16ef com.android.vending/10100 BTopFgs #21545\} whose proc state 2 is better than process ProcessState\{b863112 com.google.android.gms.persistent/10101 pkg=com.google.android.gms (sub)\} proc state 3 (19 skipped)\
2022-12-01 22:58:33.765 338-405/? D/goldfish-address-space: claimShared: Ask to claim region [0x1eacac000 0x1eb614000]\
2022-12-01 22:58:33.767 512-1961/? W/ActivityManager: Unable to start service Intent \{ act=android.service.smartspace.SmartspaceService cmp=com.google.android.as/com.google.android.apps.miphone.aiai.app.AiAiSmartspaceService \} U=0: not found\
2022-12-01 22:58:33.767 512-1961/? W/RemoteSmartspaceService: could not bind to Intent \{ act=android.service.smartspace.SmartspaceService cmp=com.google.android.as/com.google.android.apps.miphone.aiai.app.AiAiSmartspaceService \} using flags 67112961\
2022-12-01 22:58:33.768 338-405/? D/goldfish-address-space: claimShared: Ask to claim region [0x1e8000000 0x1e8968000]\
2022-12-01 22:58:33.768 512-512/? W/ActivityManager: Unbind failed: could not find connection for android.app.LoadedApk$ServiceDispatcher$InnerConnection@70bea00\
2022-12-01 22:58:33.769 338-405/? D/goldfish-address-space: claimShared: Ask to claim region [0x1e8968000 0x1e92d0000]\
2022-12-01 22:58:33.778 758-758/? V/ShadeControllerImpl: NotificationShadeWindow: com.android.systemui.statusbar.phone.NotificationShadeWindowView\{f070360 I.E...... ......ID 0,0-1080,2280\} canPanelBeCollapsed(): false\
2022-12-01 22:58:33.789 512-545/? W/ActivityManager: Unable to start service Intent \{ act=android.service.smartspace.SmartspaceService cmp=com.google.android.as/com.google.android.apps.miphone.aiai.app.AiAiSmartspaceService \} U=0: not found\
2022-12-01 22:58:33.789 512-545/? W/RemoteSmartspaceService: could not bind to Intent \{ act=android.service.smartspace.SmartspaceService cmp=com.google.android.as/com.google.android.apps.miphone.aiai.app.AiAiSmartspaceService \} using flags 67112961\
2022-12-01 22:58:33.795 512-512/? W/ActivityManager: Unbind failed: could not find connection for android.app.LoadedApk$ServiceDispatcher$InnerConnection@f5158f5\
2022-12-01 22:58:33.801 359-15871/? I/android.hardware.vibrator-service.example: Notifying perform complete\
2022-12-01 22:58:33.802 359-359/? I/android.hardware.vibrator-service.example: Vibrator off\
2022-12-01 22:58:33.813 8345-8345/? I/A: onApplyWindowInsets: systemWindowInsets=Insets\{left=0, top=66, right=0, bottom=132\}\
2022-12-01 22:58:33.816 8345-8345/? I/A: onApplyWindowInsets: systemWindowInsets=Insets\{left=0, top=66, right=0, bottom=132\}\
2022-12-01 22:58:33.817 338-405/? D/goldfish-address-space: claimShared: Ask to claim region [0x1e92d0000 0x1e9c38000]\
2022-12-01 22:58:33.818 338-405/? D/goldfish-address-space: claimShared: Ask to claim region [0x1eef08000 0x1ef870000]\
2022-12-01 22:58:33.819 338-405/? D/goldfish-address-space: claimShared: Ask to claim region [0x1ec000000 0x1ec968000]\
2022-12-01 22:58:33.837 512-545/? D/ActivityManager: sync unfroze 9659 com.google.android.gms.unstable\
2022-12-01 22:58:33.872 3363-3363/? I/GsaVoiceInteractionSrv: Handling ACTION_START_HOTWORD\
2022-12-01 22:58:33.872 3363-3363/? I/GsaVoiceInteractionSrv: disregardVoiceMatch: false\
2022-12-01 22:58:33.872 3363-3363/? I/GsaVoiceInteractionSrv: Cannot start hotword, hotword has been explicitly disabled.\
2022-12-01 22:58:33.885 8233-8233/? I/GoogleInputMethodService: GoogleInputMethodService.onFinishInput():3420 \
2022-12-01 22:58:33.885 8233-8233/? I/GoogleInputMethodService: GoogleInputMethodService.onStartInput():2002 \
2022-12-01 22:58:33.892 8233-8233/? I/DeviceUnlockedTag: DeviceUnlockedTag.notifyDeviceLockStatusChanged():31 Notify device unlocked.\
2022-12-01 22:58:33.896 512-693/? W/InputManager-JNI: Input channel object '3a9afe com.google.android.gms/com.google.android.gms.auth.uiflows.addaccount.WrapperControlledActivity (client)' was disposed without first being removed with the input manager!\
2022-12-01 22:58:34.177 15760-15789/? D/EGL_emulation: app_time_stats: avg=7.78ms min=3.00ms max=45.41ms count=57\
2022-12-01 22:58:34.260 512-1949/? W/InputManager-JNI: Input channel object '79d14f com.google.android.gms/com.google.android.gms.auth.uiflows.addaccount.PreAddAccountActivity (client)' was disposed without first being removed with the input manager!\
2022-12-01 22:58:35.065 10146-10220/? I/flutter: invokeApi Start HttpMethod.GET https://api2.mymarket.ge/app/ru/user/lastsync\
2022-12-01 22:58:41.361 7537-7612/? I/Finsky: [64] sdu.h(1): Triggered update for experiment package com.google.android.finsky.regular.\
2022-12-01 22:58:41.385 7537-15890/? D/PhenotypeDbHelper: Enabled write-ahead logging\
2022-12-01 22:58:41.410 7537-15890/? D/GetConfigurationSnapsho: getFullConfigurations\
2022-12-01 22:58:41.447 7537-7612/? I/Finsky: [64] sdu.h(7): Already at the latest configurations for experiment package com.google.android.finsky.regular.\
2022-12-01 22:58:41.447 7537-7608/? I/Finsky: [60] sdu.h(1): Triggered update for experiment package com.google.android.finsky.stable.\
2022-12-01 22:58:41.452 7537-15890/? D/GetConfigurationSnapsho: getFullConfigurations\
2022-12-01 22:58:41.466 7537-7608/? I/Finsky: [60] sdu.h(7): Already at the latest configurations for experiment package com.google.android.finsky.stable.\
2022-12-01 22:58:45.084 10146-10220/? I/flutter: invokeApi Start HttpMethod.GET https://api2.mymarket.ge/app/ru/user/lastsync\
2022-12-01 22:58:46.329 512-843/? W/ProcessStats: Tracking association SourceState\{384b791 system/1000 BTopFgs #21586\} whose proc state 2 is better than process ProcessState\{b863112 com.google.android.gms.persistent/10101 pkg=com.google.android.gms (sub)\} proc state 3 (40 skipped)\
2022-12-01 22:58:47.270 8862-8862/? D/BoundBrokerSvc: onUnbind: Intent \{ act=com.google.android.gms.enterprise.loader.service.START dat=chimera-action: cmp=com.google.android.gms/.chimera.GmsInternalBoundBrokerService \}\
2022-12-01 22:58:48.926 8862-8862/? D/BoundBrokerSvc: onUnbind: Intent \{ act=com.google.android.gms.safetynet.service.START pkg=com.google.android.gms \}\
2022-12-01 22:58:55.076 10146-10220/? I/flutter: invokeApi Start HttpMethod.GET https://api2.mymarket.ge/app/ru/user/lastsync\
2022-12-01 22:58:57.372 512-612/? W/libprocessgroup: Failed to open /sys/fs/cgroup/./frozen/cgroup.procs: No such file or directory\
2022-12-01 22:58:57.372 512-612/? W/libprocessgroup: Failed to apply Frozen process profile: No such file or directory\
2022-12-01 22:58:57.372 512-612/? D/ActivityManager: froze 10465 com.google.android.documentsui\
2022-12-01 22:59:00.076 758-832/? D/EGL_emulation: app_time_stats: avg=3095.39ms min=12.61ms max=27533.95ms count=9\
