2022-12-01 22:48:56.739 512-520/? I/system_server: JIT allocated 120KB for compiled code of boolean android.app.admin.IDevicePolicyManager$Stub.onTransact(int, android.os.Parcel, android.os.Parcel, int)\
2022-12-01 22:48:56.740 512-520/? I/system_server: Compiler allocated 5071KB to compile boolean android.app.admin.IDevicePolicyManager$Stub.onTransact(int, android.os.Parcel, android.os.Parcel, int)\
2022-12-01 22:48:56.761 13743-13759/? W/GmsIpProtection: [Binder:13743_2] Error changing state for com.google.android.apps.docs.sync.syncadapter.DocsSyncAdapterService\
2022-12-01 22:48:56.763 13743-13759/? W/GmsIpProtection: [Binder:13743_2] Error changing state for com.google.android.apps.docs.drive.directsharing.ChooserTargetService\
2022-12-01 22:48:56.767 13743-13759/? W/GmsIpProtection: [Binder:13743_2] Error changing state for com.google.android.apps.docs.editors.shared.documentcreation.WidgetDocumentCreatorActivity\
2022-12-01 22:48:56.767 13743-13759/? W/GmsIpProtection: [Binder:13743_2] Error changing state for com.google.android.apps.docs.editors.shared.documentcreation.ExternalDocumentCreatorActivity\
2022-12-01 22:48:56.767 13743-13759/? W/GmsIpProtection: [Binder:13743_2] Error changing state for com.google.android.apps.docs.editors.shared.widgets.NewDocumentWidgetActivity\
2022-12-01 22:48:56.768 13743-13759/? W/GmsIpProtection: [Binder:13743_2] Error changing state for com.google.android.apps.docs.editors.shared.export.FileContentProvider\
2022-12-01 22:48:56.768 13743-13759/? W/GmsIpProtection: [Binder:13743_2] Error changing state for com.google.android.apps.docs.editors.shared.copypaste.AndroidClipboardContentProvider\
2022-12-01 22:48:56.768 13743-13759/? W/GmsIpProtection: [Binder:13743_2] Error changing state for com.google.android.apps.docs.editors.shared.copypaste.AndroidImageContentProvider\
2022-12-01 22:48:56.769 13743-13759/? W/GmsIpProtection: [Binder:13743_2] Error changing state for com.google.android.apps.docs.editors.shared.inserttool.clipboard.InsertToolClipboardContentProvider\
2022-12-01 22:48:56.769 13743-13759/? W/GmsIpProtection: [Binder:13743_2] Error changing state for com.google.android.apps.docs.editors.shared.inserttool.clipboard.InsertToolImageContentProvider\
2022-12-01 22:48:56.769 13743-13759/? W/GmsIpProtection: [Binder:13743_2] Error changing state for com.google.android.apps.docs.editors.kix.conversion.KixOnlineImportActivity\
2022-12-01 22:48:56.769 13743-13759/? W/GmsIpProtection: [Binder:13743_2] Error changing state for com.google.android.apps.docs.editors.ritz.conversion.RitzOnlineImportActivity\
2022-12-01 22:48:56.769 13743-13759/? W/GmsIpProtection: [Binder:13743_2] Error changing state for com.google.android.apps.docs.editors.punch.conversion.PunchOnlineImportActivity\
2022-12-01 22:48:56.811 8862-8862/? D/BoundBrokerSvc: onBind: Intent \{ act=com.google.android.gms.feedback.internal.IFeedbackService dat=chimera-action: cmp=com.google.android.gms/.chimera.GmsBoundBrokerService \}\
2022-12-01 22:48:56.811 8862-8862/? D/BoundBrokerSvc: Loading bound service for intent: Intent \{ act=com.google.android.gms.feedback.internal.IFeedbackService dat=chimera-action: cmp=com.google.android.gms/.chimera.GmsBoundBrokerService \}\
2022-12-01 22:48:57.264 512-548/? D/CompanionDeviceManagerService: onPackageModified(packageName = com.google.android.apps.docs)\
2022-12-01 22:48:57.270 512-558/? E/system_server: No package ID 7f found for ID 0x7f0802ab.\
2022-12-01 22:48:57.270 512-558/? E/system_server: No package ID 7f found for ID 0x7f13050b.\
2022-12-01 22:48:57.270 512-558/? E/system_server: No package ID 7f found for ID 0x7f13050b.\
2022-12-01 22:48:57.274 512-558/? E/system_server: No package ID 7f found for ID 0x7f0802a7.\
2022-12-01 22:48:57.274 512-558/? E/system_server: No package ID 7f found for ID 0x7f130509.\
2022-12-01 22:48:57.274 512-558/? E/system_server: No package ID 7f found for ID 0x7f130509.\
2022-12-01 22:48:57.274 512-558/? E/system_server: No package ID 7f found for ID 0x7f0802a9.\
2022-12-01 22:48:57.274 512-558/? E/system_server: No package ID 7f found for ID 0x7f13050a.\
2022-12-01 22:48:57.274 512-558/? E/system_server: No package ID 7f found for ID 0x7f13050a.\
2022-12-01 22:48:57.287 757-757/? V/MediaPlayerList: mPackageChangedBroadcastReceiver: action: android.intent.action.PACKAGE_CHANGED\
2022-12-01 22:48:57.287 757-757/? D/MediaPlayerList: Name of package changed: com.google.android.apps.docs\
2022-12-01 22:48:57.302 512-559/? D/ActivityManager: pid 10465 com.google.android.documentsui  received async transactions while frozen\
2022-12-01 22:48:57.302 512-559/? D/ActivityManager: sync unfroze 10465 com.google.android.documentsui\
2022-12-01 22:48:57.351 10465-13952/? I/ProvidersCache: Provider returned no roots. Possibly naughty: com.google.android.apps.docs.storage\
2022-12-01 22:48:57.379 512-512/? I/Telecom: DefaultDialerCache: Refreshing default dialer for user 0: now com.android.dialer: DDC.oR@AQ4\
2022-12-01 22:48:57.386 971-971/? D/CarrierSvcBindHelper: No carrier app for: 0\
2022-12-01 22:48:57.409 971-971/? D/ImsResolver: maybeAddedImsService, packageName: com.google.android.apps.docs\
2022-12-01 22:48:57.415 9531-9566/? I/PermissionControllerServiceImpl: Updating user sensitive for uid 10124\
2022-12-01 22:48:57.442 512-618/? I/InputReader: Reconfiguring input devices, changes=KEYBOARD_LAYOUTS | \
2022-12-01 22:48:57.587 7387-13955/? I/Fitness: OnPackageChangedOperation got intent: Intent \{ act=android.intent.action.PACKAGE_CHANGED dat=package:com.google.android.apps.docs flg=0x45000010 pkg=com.google.android.gms cmp=com.google.android.gms/.chimera.PersistentIntentOperationService (has extras) \} [CONTEXT service_id=17 ]\
2022-12-01 22:48:57.610 7387-13962/? I/Fitness: FitCleanupIntentOperation received Intent android.intent.action.PACKAGE_CHANGED [CONTEXT service_id=17 ]\
2022-12-01 22:48:57.719 8862-8929/? I/Icing: IndexChimeraService.getServiceInterface callingPackage=com.google.android.gms componentName=AppsCorpus serviceId=36\
2022-12-01 22:48:57.744 10146-10221/? D/EGL_emulation: app_time_stats: avg=10.23ms min=2.18ms max=23.98ms count=60\
2022-12-01 22:48:57.755 7387-7441/? W/ChimeraUtils: Module com.google.android.gms.nearby_en has empty metadata display_name_string_id\
2022-12-01 22:48:57.778 7387-7441/? W/ChimeraUtils: Module com.google.android.gms.nearby_en has empty metadata display_name_string_id\
2022-12-01 22:48:57.781 7387-7441/? W/ChimeraUtils: Module com.google.android.gms.nearby_en has empty metadata display_name_string_id\
2022-12-01 22:48:57.793 8862-8915/? W/Icing: No valid account for uploading user actions\
2022-12-01 22:48:57.834 8862-8931/? I/Icing: IndexChimeraService.getServiceInterface callingPackage=com.google.android.gms componentName=null serviceId=30\
2022-12-01 22:48:57.979 8862-8915/? I/Icing: Usage reports ok 4, Failed Usage reports 0, indexed 0, rejected 0\
2022-12-01 22:48:58.011 8862-8915/? W/Icing: No valid account for uploading user actions\
2022-12-01 22:48:58.016 8862-8915/? I/Icing: Usage reports ok 0, Failed Usage reports 0, indexed 0, rejected 0\
2022-12-01 22:48:58.018 8862-8915/? I/Icing: Indexing com.google.android.gms-apps from com.google.android.gms\
2022-12-01 22:48:58.033 8862-8915/? I/Icing: Indexing done com.google.android.gms-apps\
2022-12-01 22:48:59.134 10146-10220/? I/flutter: RouteSettings("Widget", null)\
2022-12-01 22:48:59.134 10146-10220/? I/flutter: FirebaseAnalytics setPage Widget\
2022-12-01 22:48:59.143 10146-10220/? I/flutter: invokeApi Start HttpMethod.POST https://api2.mymarket.ge/app/ru/user/sync\
2022-12-01 22:48:59.155 10146-10220/? I/flutter: invokeApi Start HttpMethod.GET https://api2.mymarket.ge/app/ru/user/lastsync\
2022-12-01 22:48:59.158 10146-10220/? I/flutter: invokeApi Start HttpMethod.GET https://api2.mymarket.ge/app/ru/user/favorites/products/?Page=1\
2022-12-01 22:48:59.180 10146-10221/? D/EGL_emulation: app_time_stats: avg=23.89ms min=2.02ms max=604.55ms count=50\
2022-12-01 22:48:59.257 13743-13820/? W/DynamiteModule: Local module descriptor class for com.google.android.gms.providerinstaller.dynamite not found.\
2022-12-01 22:48:59.261 7387-8148/? W/ProviderHelper: Unknown dynamite feature providerinstaller.dynamite\
2022-12-01 22:48:59.262 13743-13820/? W/ProviderInstaller: Failed to load providerinstaller module: No acceptable module found. Local version is 0 and remote version is 0.\
2022-12-01 22:48:59.337 13743-13820/? V/NativeCrypto: Registering com/google/android/gms/org/conscrypt/NativeCrypto's 295 native methods...\
2022-12-01 22:48:59.364 13743-13820/? I/ProviderInstaller: Installed default security provider GmsCore_OpenSSL\
2022-12-01 22:49:00.136 758-758/? I/KeyButtonView: Back button event: ACTION_DOWN\
2022-12-01 22:49:00.160 359-359/? I/android.hardware.vibrator-service.example: Vibrator perform\
2022-12-01 22:49:00.167 359-14276/? I/android.hardware.vibrator-service.example: Starting perform on another thread\
2022-12-01 22:49:00.186 758-832/? D/EGL_emulation: app_time_stats: avg=9602.31ms min=0.78ms max=220826.72ms count=23\
2022-12-01 22:49:00.193 10146-10221/? D/EGL_emulation: app_time_stats: avg=9.42ms min=5.26ms max=78.35ms count=57\
2022-12-01 22:49:00.196 758-758/? I/KeyButtonView: Back button event: ACTION_UP\
2022-12-01 22:49:00.203 512-549/? E/RemoteAugmentedAutofillService: Bad service name for flags 1048704: com.google.android.as/com.google.android.apps.miphone.aiai.app.AiAiAugmentedAutofillService\
2022-12-01 22:49:00.204 758-832/? D/EGL_emulation: app_time_stats: avg=60158.85ms min=60158.85ms max=60158.85ms count=1\
2022-12-01 22:49:00.268 359-14276/? I/android.hardware.vibrator-service.example: Notifying perform complete\
2022-12-01 22:49:00.268 359-359/? I/android.hardware.vibrator-service.example: Vibrator off\
2022-12-01 22:49:00.816 412-13135/? D/BufferPoolAccessor2.0: bufferpool2 0xb4000071f76f4ed8 : 2(7387200 size) total buffers - 1(3693600 size) used buffers - 359/362 (recycle/alloc) - 4/362 (fetch/transfer)\
2022-12-01 22:49:00.851 10146-10220/? I/flutter: []\
2022-12-01 22:49:00.851 10146-10220/? I/flutter: []\
2022-12-01 22:49:00.854 10146-10220/? I/flutter: Loaded\
2022-12-01 22:49:01.100 758-758/? I/KeyButtonView: Back button event: ACTION_DOWN\
2022-12-01 22:49:01.102 359-359/? I/android.hardware.vibrator-service.example: Vibrator perform\
2022-12-01 22:49:01.102 359-14401/? I/android.hardware.vibrator-service.example: Starting perform on another thread\
2022-12-01 22:49:01.114 361-477/? D/AudioFlinger: mixer(0xb4000071eb260a70) throttle end: throttle time(11)\
2022-12-01 22:49:01.194 10146-10221/? D/EGL_emulation: app_time_stats: avg=6.88ms min=1.85ms max=46.65ms count=57\
2022-12-01 22:49:01.194 758-832/? D/EGL_emulation: app_time_stats: avg=24.95ms min=1.49ms max=429.81ms count=33\
2022-12-01 22:49:01.202 359-14401/? I/android.hardware.vibrator-service.example: Notifying perform complete\
2022-12-01 22:49:01.203 359-359/? I/android.hardware.vibrator-service.example: Vibrator off\
2022-12-01 22:49:01.244 758-758/? I/KeyButtonView: Back button event: ACTION_UP\
2022-12-01 22:49:01.245 512-549/? E/RemoteAugmentedAutofillService: Bad service name for flags 1048704: com.google.android.as/com.google.android.apps.miphone.aiai.app.AiAiAugmentedAutofillService\
2022-12-01 22:49:01.247 10146-10220/? I/flutter: RouteSettings("/home", null)\
2022-12-01 22:49:01.247 10146-10220/? I/flutter: FirebaseAnalytics setPage home\
2022-12-01 22:49:02.208 10146-10221/? D/EGL_emulation: app_time_stats: avg=6.00ms min=1.85ms max=25.40ms count=60\
2022-12-01 22:49:03.229 10146-10221/? D/EGL_emulation: app_time_stats: avg=15.68ms min=9.84ms max=22.77ms count=61\
2022-12-01 22:49:03.418 758-832/? D/EGL_emulation: app_time_stats: avg=66.57ms min=10.12ms max=1689.46ms count=33\
2022-12-01 22:49:04.243 10146-10221/? D/EGL_emulation: app_time_stats: avg=15.80ms min=8.53ms max=20.49ms count=61\
2022-12-01 22:49:04.428 758-832/? D/EGL_emulation: app_time_stats: avg=15.25ms min=1.08ms max=52.95ms count=60\
2022-12-01 22:49:05.050 10146-10220/? I/flutter: invokeApi Start HttpMethod.GET https://api2.mymarket.ge/app/ru/user/lastsync\
2022-12-01 22:49:05.247 10146-10221/? D/EGL_emulation: app_time_stats: avg=4.76ms min=1.83ms max=59.57ms count=59\
2022-12-01 22:49:05.570 7537-7585/? I/Finsky: [45] htu.run(17): Stats for Executor: BlockingExecutor kix@2316f37[Running, pool size = 0, active threads = 0, queued tasks = 0, completed tasks = 19]\
2022-12-01 22:49:05.575 7537-7585/? I/Finsky: [45] htu.run(17): Stats for Executor: LightweightExecutor kix@a794ca4[Running, pool size = 3, active threads = 0, queued tasks = 0, completed tasks = 115]\
2022-12-01 22:49:05.575 7537-7585/? I/Finsky: [45] htu.run(17): Stats for Executor: bgExecutor kix@5d7ca0d[Running, pool size = 4, active threads = 0, queued tasks = 0, completed tasks = 2253]\
2022-12-01 22:49:05.613 13125-13147/? I/MPEG4Writer: setStartTimestampUs: 2549697244\
2022-12-01 22:49:05.631 13125-13139/? W/GraphicBufferSource: released unpopulated slots: [18, 19, 20, 21, 22, 23, 24, 25, 26, 27, 28, 29, 30, 31, 32, 33, 34, 35, 36, 37, 38, 39, 40, 41, 42, 43, 44, 45, 46, 47, 48, 49, 50, 51, 52, 53, 54, 55, 56, 57, 58, 59, 60, 61, 62, 63]\
2022-12-01 22:49:05.634 13125-13146/? V/MediaWriter: Track event err/info msg:101, trackId:1, type:1000,val:-1011\
2022-12-01 22:49:05.634 13125-13147/? V/MediaWriter: Track event err/info msg:101, trackId:2, type:1000,val:-1011\
2022-12-01 22:49:05.634 13125-13146/? I/MPEG4Writer: Received total/0-length (623/0) buffers and encoded 623 frames. - Video\
2022-12-01 22:49:05.634 13125-13147/? W/MPEG4Writer: 0-duration samples found: 1\
2022-12-01 22:49:05.634 13125-13147/? I/MPEG4Writer: Received total/0-length (1/0) buffers and encoded 1 frames. - Metadata\
2022-12-01 22:49:05.634 13125-13125/? D/MPEG4Writer: reset()\
2022-12-01 22:49:05.634 13125-13125/? D/MPEG4Writer: Video track stopping. Stop source\
2022-12-01 22:49:05.634 13125-13125/? D/MPEG4Writer: Video track source stopping\
2022-12-01 22:49:05.634 13125-13125/? D/MPEG4Writer: Video track source stopped\
2022-12-01 22:49:05.634 13125-13125/? D/MPEG4Writer: Video track stopped. Status:0. Stop source\
2022-12-01 22:49:05.634 13125-13125/? D/MPEG4Writer: Metadata track stopping. Stop source\
2022-12-01 22:49:05.634 13125-13125/? D/MPEG4Writer: Metadata track source stopping\
2022-12-01 22:49:05.634 13125-13125/? D/MPEG4Writer: Metadata track source stopped\
2022-12-01 22:49:05.634 13125-13125/? D/MPEG4Writer: Metadata track stopped. Status:0. Stop source\
2022-12-01 22:49:05.634 13125-13125/? D/MPEG4Writer: Duration from tracks range is [0, 19709731] us\
2022-12-01 22:49:05.634 13125-13144/? D/MPEG4Writer: 0 chunks are written in the last batch\
2022-12-01 22:49:05.635 13125-13125/? D/MPEG4Writer: WriterThread stopped. Status:0\
2022-12-01 22:49:05.635 13125-13125/? I/MPEG4Writer: Adjust the moov start time from 2549697244 us -> 2549697244 us\
2022-12-01 22:49:05.635 13125-13125/? I/MPEG4Writer: The mp4 file will not be streamable.\
2022-12-01 22:49:05.635 13125-13125/? I/MPEG4Writer: MOOV atom was written to the file\
2022-12-01 22:49:05.635 13125-13125/? D/MPEG4Writer: release()\
2022-12-01 22:49:05.635 13125-13125/? D/MPEG4Writer: ftruncate mPreAllocateFileEndOffset:8922676 mOffset:8921638 mMdatEndOffset:8912796 diff:1038\
2022-12-01 22:49:05.684 13125-13125/? D/MPEG4Writer: final fsync() takes 48 ms, file size 8921638\
2022-12-01 22:49:05.684 13125-13125/? D/MPEG4Writer: MP4WtrCtrlHlpLooper stopped\
2022-12-01 22:49:05.684 13125-13125/? D/MPEG4Writer: Top 5 write durations(microseconds): #1:1696 #2:2422 #3:7733 #4:17760 #5:66537\
2022-12-01 22:49:05.686 13125-13130/? I/hw-BpHwBinder: onLastStrongRef automatically unlinking death recipients\
2022-12-01 22:49:05.686 412-860/? I/hw-BpHwBinder: onLastStrongRef automatically unlinking death recipients\
2022-12-01 22:49:05.694 412-860/? V/C2Store: in ~ComponentModule\
2022-12-01 22:49:05.694 412-860/? V/C2Store: unloading dll\
2022-12-01 22:49:05.756 13125-13125/? D/ScreenRecord: success\
2022-12-01 22:49:05.760 13125-13125/? I/BpBinder: onLastStrongRef automatically unlinking death recipients: <uncached descriptor>\
2022-12-01 22:49:05.762 13125-13125/? I/BpBinder: onLastStrongRef automatically unlinking death recipients: <uncached descriptor>\
2022-12-01 22:49:05.762 1512-3358/? I/MediaProvider: Begin Intent \{ act=android.intent.action.MEDIA_SCANNER_SCAN_FILE dat=file:///sdcard/RECORD1adb.mp4 flg=0x1400010 cmp=com.google.android.providers.media.module/com.android.providers.media.MediaService \}\
2022-12-01 22:49:05.764 412-860/? D/BufferPoolAccessor2.0: Destruction - bufferpool2 0xb4000071f76f4ed8 cached: 0/0M, 0/0% in use; allocs: 624, 100% recycled; transfers: 624, 99% unfetched\
2022-12-01 22:49:05.834 1512-3358/? I/MediaProvider: End Intent \{ act=android.intent.action.MEDIA_SCANNER_SCAN_FILE dat=file:///sdcard/RECORD1adb.mp4 flg=0x1400010 cmp=com.google.android.providers.media.module/com.android.providers.media.MediaService \}\
2022-12-01 22:49:05.863 7387-13872/? I/NetworkScheduler.Stats: Task com.google.android.gms/com.google.android.gms.ipa.base.IpaGcmTaskService started execution. cause:9 exec_start_elapsed_seconds: 2569 [CONTEXT service_id=218 ]\
2022-12-01 22:49:05.868 7387-10974/? I/NetworkScheduler.Stats: Task com.google.android.gms/com.google.android.gms.ipa.base.IpaGcmTaskService finished executing. cause:9 result: 1 elapsed_millis: 15 uptime_millis: 15 exec_start_elapsed_seconds: 2569 [CONTEXT service_id=218 ]\
2022-12-01 22:49:06.259 10146-10221/? D/EGL_emulation: app_time_stats: avg=2.78ms min=1.74ms max=8.82ms count=61\
2022-12-01 22:49:06.363 10465-15159/? I/ProvidersCache: Provider returned no roots. Possibly naughty: com.google.android.apps.docs.storage\
2022-12-01 22:49:07.275 10146-10221/? D/EGL_emulation: app_time_stats: avg=1.97ms min=1.81ms max=2.27ms count=61\
2022-12-01 22:49:08.278 10146-10221/? D/EGL_emulation: app_time_stats: avg=2.26ms min=1.78ms max=5.15ms count=60\
2022-12-01 22:49:08.450 512-1949/? W/UriGrantsManagerService: No permission grants found for com.google.android.apps.photos\
2022-12-01 22:49:08.450 512-1949/? W/UriGrantsManagerService: No permission grants found for com.google.android.apps.photos\
2022-12-01 22:49:08.486 512-2417/? W/UriGrantsManagerService: No permission grants found for com.google.android.apps.photos\
2022-12-01 22:49:08.486 512-3886/? W/UriGrantsManagerService: No permission grants found for com.google.android.apps.photos\
2022-12-01 22:49:08.487 512-1949/? D/ConnectivityService: requestNetwork for uid/pid:10125/6079 activeRequest: null callbackRequest: 228 [NetworkRequest [ REQUEST id=229, [ Capabilities: INTERNET&NOT_RESTRICTED&TRUSTED&NOT_VCN_MANAGED Uid: 10125 RequestorUid: 10125 RequestorPkg: com.google.android.apps.photos] ]] callback flags: 0 priority: 2147483647\
2022-12-01 22:49:08.488 512-707/? D/ConnectivityService: NetReassign [229 : null 
\f1 \uc0\u8594 
\f0  100]\
2022-12-01 22:49:08.492 512-700/? D/WifiNetworkFactory: got request NetworkRequest [ REQUEST id=229, [ Capabilities: INTERNET&NOT_RESTRICTED&TRUSTED&NOT_VCN_MANAGED Uid: 10125 RequestorUid: 10125 RequestorPkg: com.google.android.apps.photos] ]\
2022-12-01 22:49:08.493 512-700/? D/UntrustedWifiNetworkFactory: got request NetworkRequest [ REQUEST id=229, [ Capabilities: INTERNET&NOT_RESTRICTED&TRUSTED&NOT_VCN_MANAGED Uid: 10125 RequestorUid: 10125 RequestorPkg: com.google.android.apps.photos] ]\
2022-12-01 22:49:08.493 512-700/? D/OemPaidWifiNetworkFactory: got request NetworkRequest [ REQUEST id=229, [ Capabilities: INTERNET&NOT_RESTRICTED&TRUSTED&NOT_VCN_MANAGED Uid: 10125 RequestorUid: 10125 RequestorPkg: com.google.android.apps.photos] ]\
2022-12-01 22:49:08.494 1512-10854/? I/MediaProvider: Open with lower FS for /storage/emulated/0/RECORD1adb.mp4. Uid: 10125\
2022-12-01 22:49:08.500 1512-10854/? I/MediaProvider: Open with lower FS for /storage/emulated/0/RECORD1adb.mp4. Uid: 10125\
2022-12-01 22:49:08.531 512-2417/? D/CompatibilityChangeReporter: Compat change id reported: 135634846; UID 10125; state: DISABLED\
2022-12-01 22:49:08.531 512-2417/? D/CompatibilityChangeReporter: Compat change id reported: 177438394; UID 10125; state: DISABLED\
2022-12-01 22:49:08.531 512-2417/? D/CompatibilityChangeReporter: Compat change id reported: 135772972; UID 10125; state: DISABLED\
2022-12-01 22:49:08.531 512-2417/? D/CompatibilityChangeReporter: Compat change id reported: 135754954; UID 10125; state: ENABLED\
2022-12-01 22:49:08.531 512-560/? D/CompatibilityChangeReporter: Compat change id reported: 143937733; UID 10125; state: ENABLED\
2022-12-01 22:49:08.546 323-323/? D/Zygote: Forked child process 15164\
2022-12-01 22:49:08.547 512-560/? I/ActivityManager: Start proc 15164:com.google.android.apps.photos:mediametadataservice/u0a125 for service \{com.google.android.apps.photos/com.google.android.apps.photos.mediametadataservice.MediaMetadataService\}\
2022-12-01 22:49:08.567 15164-15164/? E/metadataservic: Not starting debugger since process cannot load the jdwp agent.\
2022-12-01 22:49:08.585 15164-15164/? D/CompatibilityChangeReporter: Compat change id reported: 171979766; UID 10125; state: ENABLED\
2022-12-01 22:49:08.606 15164-15164/? D/nativeloader: classloader namespace configured for unbundled product apk. library_path=/product/app/Photos/lib/arm64:/product/app/Photos/Photos.apk!/lib/arm64-v8a:/product/lib64:/system/product/lib64\
2022-12-01 22:49:08.616 15164-15164/? V/GraphicsEnvironment: ANGLE Developer option for 'com.google.android.apps.photos' set to: 'default'\
2022-12-01 22:49:08.616 15164-15164/? V/GraphicsEnvironment: Neither updatable production driver nor prerelease driver is supported.\
2022-12-01 22:49:08.616 15164-15164/? D/NetworkSecurityConfig: No Network Security Config specified, using platform default\
2022-12-01 22:49:08.617 15164-15164/? D/NetworkSecurityConfig: No Network Security Config specified, using platform default\
2022-12-01 22:49:08.634 15164-15164/? W/metadataservic: Accessing hidden field Ljava/util/Collections$SynchronizedCollection;->mutex:Ljava/lang/Object; (max-target-o, reflection, denied)\
2022-12-01 22:49:08.635 15164-15164/? W/metadataservic: Accessing hidden method Ljava/util/Collections$SynchronizedSet;-><init>(Ljava/util/Set;Ljava/lang/Object;)V (max-target-o, reflection, denied)\
2022-12-01 22:49:08.635 15164-15164/? W/metadataservic: Accessing hidden method Ljava/util/Collections$SynchronizedCollection;-><init>(Ljava/util/Collection;Ljava/lang/Object;)V (max-target-o, reflection, denied)\
2022-12-01 22:49:08.672 1512-10854/? I/MediaProvider: Open with lower FS for /storage/emulated/0/RECORD1adb.mp4. Uid: 10125\
2022-12-01 22:49:08.675 15164-15187/? W/FileSource: offset/length adjusted from 0/576460752303423487 to 0/8921638\
2022-12-01 22:49:08.696 512-1949/? I/ActivityManager: Killing 8965:com.android.providers.calendar/u0a71 (adj 975): empty #17\
2022-12-01 22:49:08.696 512-561/? I/libprocessgroup: Successfully killed process cgroup uid 10071 pid 8965 in 0ms\
2022-12-01 22:49:08.701 323-323/? I/Zygote: Process 8965 exited due to signal 9 (Killed)\
2022-12-01 22:49:08.703 1512-10854/? I/MediaProvider: Open with lower FS for /storage/emulated/0/RECORD1adb.mp4. Uid: 10125\
2022-12-01 22:49:08.712 1512-10854/? W/MediaProvider: Failed to fetch original file descriptor\
    java.io.FileNotFoundException: Input file descriptor is already original\
        at com.android.providers.media.MediaProvider.getOriginalMediaFormatFileDescriptor(MediaProvider.java:5718)\
        at com.android.providers.media.MediaProvider.openTypedAssetFileCommon(MediaProvider.java:7134)\
        at com.android.providers.media.MediaProvider.openTypedAssetFile(MediaProvider.java:7115)\
        at android.content.ContentProvider$Transport.openTypedAssetFile(ContentProvider.java:548)\
        at android.content.ContentProviderNative.onTransact(ContentProviderNative.java:327)\
        at android.os.Binder.execTransactInternal(Binder.java:1179)\
        at android.os.Binder.execTransact(Binder.java:1143)\
2022-12-01 22:49:08.767 1512-10854/? D/MediaProvider: Open with FUSE. FilePath: /storage/emulated/0/RECORD1adb.mp4. Uid: 10125. Media Capabilities Uid: 0. ShouldRedact: false. ShouldTranscode: false\
2022-12-01 22:49:08.769 1512-10854/? W/MediaProvider: Failed to fetch original file descriptor\
    java.io.FileNotFoundException: Input file descriptor is already original\
        at com.android.providers.media.MediaProvider.getOriginalMediaFormatFileDescriptor(MediaProvider.java:5718)\
        at com.android.providers.media.MediaProvider.openTypedAssetFileCommon(MediaProvider.java:7134)\
        at com.android.providers.media.MediaProvider.openTypedAssetFile(MediaProvider.java:7115)\
        at android.content.ContentProvider$Transport.openTypedAssetFile(ContentProvider.java:548)\
        at android.content.ContentProviderNative.onTransact(ContentProviderNative.java:327)\
        at android.os.Binder.execTransactInternal(Binder.java:1179)\
        at android.os.Binder.execTransact(Binder.java:1143)\
2022-12-01 22:49:08.807 1512-10854/? D/MediaProvider: Open with FUSE. FilePath: /storage/emulated/0/RECORD1adb.mp4. Uid: 10125. Media Capabilities Uid: 0. ShouldRedact: false. ShouldTranscode: false\
2022-12-01 22:49:08.810 1512-10854/? W/MediaProvider: Failed to fetch original file descriptor\
    java.io.FileNotFoundException: Input file descriptor is already original\
        at com.android.providers.media.MediaProvider.getOriginalMediaFormatFileDescriptor(MediaProvider.java:5718)\
        at com.android.providers.media.MediaProvider.openTypedAssetFileCommon(MediaProvider.java:7134)\
        at com.android.providers.media.MediaProvider.openTypedAssetFile(MediaProvider.java:7115)\
        at android.content.ContentProvider$Transport.openTypedAssetFile(ContentProvider.java:548)\
        at android.content.ContentProviderNative.onTransact(ContentProviderNative.java:327)\
        at android.os.Binder.execTransactInternal(Binder.java:1179)\
        at android.os.Binder.execTransact(Binder.java:1143)\
2022-12-01 22:49:08.826 1512-10854/? D/MediaProvider: Open with FUSE. FilePath: /storage/emulated/0/RECORD1adb.mp4. Uid: 10125. Media Capabilities Uid: 0. ShouldRedact: false. ShouldTranscode: false\
2022-12-01 22:49:08.827 15164-15197/? W/FileSource: offset/length adjusted from 0/576460752303423487 to 0/8921638\
2022-12-01 22:49:08.844 1512-10854/? D/MediaProvider: Open with FUSE. FilePath: /storage/emulated/0/RECORD1adb.mp4. Uid: 10125. Media Capabilities Uid: 0. ShouldRedact: false. ShouldTranscode: false\
2022-12-01 22:49:08.870 512-2417/? W/UriGrantsManagerService: No permission grants found for com.google.android.apps.photos\
2022-12-01 22:49:08.870 512-2417/? W/UriGrantsManagerService: No permission grants found for com.google.android.apps.photos\
2022-12-01 22:49:09.292 10146-10221/? D/EGL_emulation: app_time_stats: avg=2.70ms min=1.84ms max=6.03ms count=61\
2022-12-01 22:49:10.310 10146-10221/? D/EGL_emulation: app_time_stats: avg=2.09ms min=1.80ms max=5.10ms count=61\
2022-12-01 22:49:10.566 15164-15174/? W/System: A resource failed to call close. \
2022-12-01 22:49:10.688 412-818/? D/BufferPoolAccessor2.0: evictor expired: 1, evicted: 0\
2022-12-01 22:49:11.307 8862-8862/? D/BoundBrokerSvc: onUnbind: Intent \{ act=com.google.android.gms.measurement.START pkg=com.google.android.gms \}\
2022-12-01 22:49:11.310 10146-10221/? D/EGL_emulation: app_time_stats: avg=2.04ms min=1.81ms max=4.82ms count=60\
2022-12-01 22:49:12.325 10146-10221/? D/EGL_emulation: app_time_stats: avg=2.08ms min=1.75ms max=2.91ms count=61\
2022-12-01 22:49:12.837 8862-8862/? D/BoundBrokerSvc: onUnbind: Intent \{ act=com.google.android.gms.feedback.internal.IFeedbackService dat=chimera-action: cmp=com.google.android.gms/.chimera.GmsBoundBrokerService \}\
2022-12-01 22:49:12.840 512-3887/? I/ActivityManager: Killing 9112:com.google.android.calendar/u0a114 (adj 965): empty #17\
2022-12-01 22:49:12.849 323-323/? I/Zygote: Process 9112 exited due to signal 9 (Killed)\
2022-12-01 22:49:12.870 512-561/? I/libprocessgroup: Successfully killed process cgroup uid 10114 pid 9112 in 29ms\
2022-12-01 22:49:13.327 10146-10221/? D/EGL_emulation: app_time_stats: avg=2.35ms min=1.79ms max=13.28ms count=60\
2022-12-01 22:49:14.327 10146-10221/? D/EGL_emulation: app_time_stats: avg=2.01ms min=1.75ms max=3.32ms count=60\
2022-12-01 22:49:15.050 10146-10220/? I/flutter: invokeApi Start HttpMethod.GET https://api2.mymarket.ge/app/ru/user/lastsync\
2022-12-01 22:49:15.344 10146-10221/? D/EGL_emulation: app_time_stats: avg=2.09ms min=1.81ms max=2.83ms count=61\
2022-12-01 22:49:15.643 8862-15203/? I/GmscoreIpa: Starting mediastore instant index [CONTEXT service_id=255 ]\
2022-12-01 22:49:15.831 512-521/? I/system_server: Background young concurrent copying GC freed 257746(12MB) AllocSpace objects, 114(6584KB) LOS objects, 48% free, 20MB/39MB, paused 247us,112us total 125.912ms\
2022-12-01 22:49:15.845 512-2420/? W/UriGrantsManagerService: No permission grants found for com.google.android.apps.photos\
2022-12-01 22:49:15.846 512-2420/? W/UriGrantsManagerService: No permission grants found for com.google.android.apps.photos\
2022-12-01 22:49:15.861 512-1554/? W/UriGrantsManagerService: No permission grants found for com.google.android.apps.photos\
2022-12-01 22:49:15.861 512-1554/? W/UriGrantsManagerService: No permission grants found for com.google.android.apps.photos\
2022-12-01 22:49:15.867 512-1554/? W/UriGrantsManagerService: No permission grants found for com.google.android.apps.photos\
2022-12-01 22:49:15.867 512-1554/? W/UriGrantsManagerService: No permission grants found for com.google.android.apps.photos\
2022-12-01 22:49:15.874 512-2420/? W/ActivityManager: Background start not allowed: service Intent \{ cmp=com.google.android.apps.photos/com.google.android.libraries.social.mediamonitor.BackgroundThreadNotifierIntentService (has extras) \} to com.google.android.apps.photos/com.google.android.libraries.social.mediamonitor.BackgroundThreadNotifierIntentService from pid=6079 uid=10125 pkg=com.google.android.apps.photos startFg?=false\
2022-12-01 22:49:15.874 512-2420/? W/ActivityManager: Background start not allowed: service Intent \{ cmp=com.google.android.apps.photos/com.google.android.libraries.social.mediamonitor.BackgroundThreadNotifierIntentService (has extras) \} to com.google.android.apps.photos/com.google.android.libraries.social.mediamonitor.BackgroundThreadNotifierIntentService from pid=6079 uid=10125 pkg=com.google.android.apps.photos startFg?=false\
2022-12-01 22:49:16.344 10146-10221/? D/EGL_emulation: app_time_stats: avg=2.27ms min=1.87ms max=4.79ms count=60\
2022-12-01 22:49:17.125 7387-13872/? I/AlarmManager: setExactAndAllowWhileIdle [name: GCM_HB_ALARM type: 2 triggerAtMillis: 2641069]\
2022-12-01 22:49:17.130 7387-13872/? E/WakeLock: GCM_HB_ALARM release without a matched acquire!\
2022-12-01 22:49:17.203 7387-13872/? I/AlarmManager: setExactAndAllowWhileIdle [name: GCM_HB_ALARM type: 2 triggerAtMillis: 3111147]\
2022-12-01 22:49:17.361 10146-10221/? D/EGL_emulation: app_time_stats: avg=2.28ms min=1.81ms max=4.78ms count=61\
2022-12-01 22:49:17.818 359-359/? I/android.hardware.vibrator-service.example: Vibrator perform\
2022-12-01 22:49:17.818 359-15210/? I/android.hardware.vibrator-service.example: Starting perform on another thread\
2022-12-01 22:49:17.837 758-832/? D/EGL_emulation: app_time_stats: avg=481.28ms min=0.84ms max=12960.52ms count=27\
2022-12-01 22:49:17.948 359-15210/? I/android.hardware.vibrator-service.example: Notifying perform complete\
2022-12-01 22:49:17.948 359-359/? I/android.hardware.vibrator-service.example: Vibrator off\
2022-12-01 22:49:17.966 512-549/? I/ActivityTaskManager: START u0 \{act=android.intent.action.MAIN cat=[android.intent.category.HOME] flg=0x10000100 cmp=com.google.android.apps.nexuslauncher/.NexusLauncherActivity (has extras)\} from uid 0\
2022-12-01 22:49:18.000 758-758/? V/ShadeControllerImpl: NotificationShadeWindow: com.android.systemui.statusbar.phone.NotificationShadeWindowView\{f070360 I.E...... ......ID 0,0-1080,2280\} canPanelBeCollapsed(): false\
2022-12-01 22:49:18.044 512-549/? W/Looper: Slow dispatch took 132ms android.ui h=com.android.server.policy.PhoneWindowManager$PolicyHandler c=com.android.server.policy.PhoneWindowManager$DisplayHomeButtonHandler$$ExternalSyntheticLambda0@6315007 m=0\
2022-12-01 22:49:18.113 758-758/? V/ShadeControllerImpl: NotificationShadeWindow: com.android.systemui.statusbar.phone.NotificationShadeWindowView\{f070360 I.E...... ......ID 0,0-1080,2280\} canPanelBeCollapsed(): false\
2022-12-01 22:49:18.137 8862-8862/? D/BoundBrokerSvc: onBind: Intent \{ act=com.google.android.gms.measurement.START pkg=com.google.android.gms \}\
2022-12-01 22:49:18.137 8862-8862/? D/BoundBrokerSvc: Loading bound service for intent: Intent \{ act=com.google.android.gms.measurement.START pkg=com.google.android.gms \}\
2022-12-01 22:49:18.137 338-338/? D/goldfish-address-space: claimShared: Ask to claim region [0x1e8000000 0x1e8968000]\
2022-12-01 22:49:18.140 512-1949/? W/ActivityManager: Unable to start service Intent \{ act=android.service.smartspace.SmartspaceService cmp=com.google.android.as/com.google.android.apps.miphone.aiai.app.AiAiSmartspaceService \} U=0: not found\
2022-12-01 22:49:18.141 512-1949/? W/RemoteSmartspaceService: could not bind to Intent \{ act=android.service.smartspace.SmartspaceService cmp=com.google.android.as/com.google.android.apps.miphone.aiai.app.AiAiSmartspaceService \} using flags 67112961\
2022-12-01 22:49:18.141 512-512/? W/ActivityManager: Unbind failed: could not find connection for android.app.LoadedApk$ServiceDispatcher$InnerConnection@78cb82a\
2022-12-01 22:49:18.152 338-338/? D/goldfish-address-space: claimShared: Ask to claim region [0x1e8968000 0x1e92d0000]\
2022-12-01 22:49:18.153 338-338/? D/goldfish-address-space: claimShared: Ask to claim region [0x1e92d0000 0x1e9c38000]\
2022-12-01 22:49:18.196 8345-8345/? I/A: onApplyWindowInsets: systemWindowInsets=Insets\{left=0, top=66, right=0, bottom=132\}\
2022-12-01 22:49:18.197 8345-8345/? I/A: onApplyWindowInsets: systemWindowInsets=Insets\{left=0, top=66, right=0, bottom=132\}\
2022-12-01 22:49:18.200 338-338/? D/goldfish-address-space: claimShared: Ask to claim region [0x1e9c38000 0x1ea5a0000]\
2022-12-01 22:49:18.202 338-338/? D/goldfish-address-space: claimShared: Ask to claim region [0x1ea5a0000 0x1eaf08000]\
2022-12-01 22:49:18.214 338-338/? D/goldfish-address-space: claimShared: Ask to claim region [0x1eaf08000 0x1eb870000]\
2022-12-01 22:49:18.231 512-2001/? W/ActivityManager: Unable to start service Intent \{ act=android.service.smartspace.SmartspaceService cmp=com.google.android.as/com.google.android.apps.miphone.aiai.app.AiAiSmartspaceService \} U=0: not found\
2022-12-01 22:49:18.231 512-2001/? W/RemoteSmartspaceService: could not bind to Intent \{ act=android.service.smartspace.SmartspaceService cmp=com.google.android.as/com.google.android.apps.miphone.aiai.app.AiAiSmartspaceService \} using flags 67112961\
2022-12-01 22:49:18.234 512-512/? W/ActivityManager: Unbind failed: could not find connection for android.app.LoadedApk$ServiceDispatcher$InnerConnection@6595fef\
2022-12-01 22:49:18.239 364-364/? W/SurfaceFlinger: couldn't log to binary event log: overflow.\
2022-12-01 22:49:18.286 338-338/? D/goldfish-address-space: claimShared: Ask to claim region [0x1eb870000 0x1ebe74000]\
2022-12-01 22:49:18.302 3363-3363/? I/GsaVoiceInteractionSrv: Handling ACTION_START_HOTWORD\
2022-12-01 22:49:18.304 3363-3363/? I/GsaVoiceInteractionSrv: disregardVoiceMatch: false\
2022-12-01 22:49:18.310 3363-3363/? I/GsaVoiceInteractionSrv: Cannot start hotword, hotword has been explicitly disabled.\
2022-12-01 22:49:18.327 8233-8233/? I/GoogleInputMethodService: GoogleInputMethodService.onFinishInput():3420 \
2022-12-01 22:49:18.329 758-832/? D/EGL_emulation: app_time_stats: avg=18124.88ms min=18124.88ms max=18124.88ms count=1\
2022-12-01 22:49:18.335 8233-8233/? I/GoogleInputMethodService: GoogleInputMethodService.onStartInput():2002 \
2022-12-01 22:49:18.336 8233-8233/? I/DeviceUnlockedTag: DeviceUnlockedTag.notifyDeviceLockStatusChanged():31 Notify device unlocked.\
2022-12-01 22:49:18.362 10146-10221/? D/EGL_emulation: app_time_stats: avg=7.71ms min=1.79ms max=59.83ms count=55\
2022-12-01 22:49:18.713 10146-10171/? D/TransportRuntime.SQLiteEventStore: Storing event with priority=DEFAULT, name=FIREPERF for destination cct\
2022-12-01 22:49:18.718 10146-10171/? D/TransportRuntime.JobInfoScheduler: Scheduling upload for context TransportContext(cct, DEFAULT, MSRodHRwczovL2ZpcmViYXNlbG9nZ2luZy1wYS5nb29nbGVhcGlzLmNvbS92MS9maXJlbG9nL2xlZ2FjeS9iYXRjaGxvZ1xBSXphU3lDY2traUg4aTJaQVJ3T3MxTEV6RktsZDE1YU9HOG96S28=) with jobId=-288149942 in 30000ms(Backend next call timestamp 1669923930566). Attempt 1\
2022-12-01 22:49:18.730 10146-10171/? D/TransportRuntime.SQLiteEventStore: Storing event with priority=DEFAULT, name=FIREPERF for destination cct\
2022-12-01 22:49:18.733 10146-10171/? D/TransportRuntime.JobInfoScheduler: Upload for context TransportContext(cct, DEFAULT, MSRodHRwczovL2ZpcmViYXNlbG9nZ2luZy1wYS5nb29nbGVhcGlzLmNvbS92MS9maXJlbG9nL2xlZ2FjeS9iYXRjaGxvZ1xBSXphU3lDY2traUg4aTJaQVJ3T3MxTEV6RktsZDE1YU9HOG96S28=) is already scheduled. Returning...\
2022-12-01 22:49:21.224 359-359/? I/android.hardware.vibrator-service.example: Vibrator perform\
2022-12-01 22:49:21.225 359-15219/? I/android.hardware.vibrator-service.example: Starting perform on another thread\
2022-12-01 22:49:21.227 758-832/? D/EGL_emulation: app_time_stats: avg=90.43ms min=5.62ms max=2766.53ms count=37\
2022-12-01 22:49:21.278 512-617/? I/WindowManager: Ignoring HOME; event canceled.\
2022-12-01 22:49:21.325 359-15219/? I/android.hardware.vibrator-service.example: Notifying perform complete\
2022-12-01 22:49:21.327 359-359/? I/android.hardware.vibrator-service.example: Vibrator off\
2022-12-01 22:49:21.326 1016-1653/? D/EGL_emulation: app_time_stats: avg=114.84ms min=8.27ms max=2683.06ms count=27\
2022-12-01 22:49:21.337 340-340/? W/RanchuHwc: validateDisplay: layer 84 CompositionType 1, fallback\
2022-12-01 22:49:21.345 340-340/? W/RanchuHwc: presentDisplay display has no layers to compose, flushing client target buffer.\
2022-12-01 22:49:21.355 340-340/? W/RanchuHwc: validateDisplay: layer 84 CompositionType 1, fallback\
2022-12-01 22:49:21.361 340-340/? W/RanchuHwc: presentDisplay display has no layers to compose, flushing client target buffer.\
2022-12-01 22:49:21.372 340-340/? W/RanchuHwc: validateDisplay: layer 84 CompositionType 1, fallback\
2022-12-01 22:49:21.375 340-340/? W/RanchuHwc: presentDisplay display has no layers to compose, flushing client target buffer.\
2022-12-01 22:49:21.388 340-340/? W/RanchuHwc: validateDisplay: layer 84 CompositionType 1, fallback\
2022-12-01 22:49:21.393 340-340/? W/RanchuHwc: presentDisplay display has no layers to compose, flushing client target buffer.\
2022-12-01 22:49:21.405 340-340/? W/RanchuHwc: validateDisplay: layer 84 CompositionType 1, fallback\
2022-12-01 22:49:21.409 340-340/? W/RanchuHwc: presentDisplay display has no layers to compose, flushing client target buffer.\
2022-12-01 22:49:21.421 340-340/? W/RanchuHwc: validateDisplay: layer 84 CompositionType 1, fallback\
2022-12-01 22:49:21.430 340-340/? W/RanchuHwc: presentDisplay display has no layers to compose, flushing client target buffer.\
2022-12-01 22:49:21.438 340-340/? W/RanchuHwc: validateDisplay: layer 84 CompositionType 1, fallback\
2022-12-01 22:49:21.443 340-340/? W/RanchuHwc: presentDisplay display has no layers to compose, flushing client target buffer.\
2022-12-01 22:49:21.454 340-340/? W/RanchuHwc: validateDisplay: layer 84 CompositionType 1, fallback\
2022-12-01 22:49:21.458 340-340/? W/RanchuHwc: presentDisplay display has no layers to compose, flushing client target buffer.\
2022-12-01 22:49:21.471 340-340/? W/RanchuHwc: validateDisplay: layer 84 CompositionType 1, fallback\
2022-12-01 22:49:21.475 340-340/? W/RanchuHwc: presentDisplay display has no layers to compose, flushing client target buffer.\
2022-12-01 22:49:21.490 340-340/? W/RanchuHwc: validateDisplay: layer 84 CompositionType 1, fallback\
2022-12-01 22:49:21.492 340-340/? W/RanchuHwc: presentDisplay display has no layers to compose, flushing client target buffer.\
2022-12-01 22:49:22.552 359-359/? I/android.hardware.vibrator-service.example: Vibrator perform\
2022-12-01 22:49:22.552 359-15222/? I/android.hardware.vibrator-service.example: Starting perform on another thread\
2022-12-01 22:49:22.556 758-832/? D/EGL_emulation: app_time_stats: avg=41.31ms min=8.61ms max=815.00ms count=32\
2022-12-01 22:49:22.603 512-617/? I/WindowManager: Ignoring HOME; event canceled.\
2022-12-01 22:49:22.633 1016-1653/? D/EGL_emulation: app_time_stats: avg=98.52ms min=5.56ms max=1074.22ms count=13\
2022-12-01 22:49:22.637 340-340/? W/RanchuHwc: validateDisplay: layer 84 CompositionType 1, fallback\
2022-12-01 22:49:22.642 340-340/? W/RanchuHwc: presentDisplay display has no layers to compose, flushing client target buffer.\
2022-12-01 22:49:22.653 359-15222/? I/android.hardware.vibrator-service.example: Notifying perform complete\
2022-12-01 22:49:22.654 340-340/? W/RanchuHwc: validateDisplay: layer 84 CompositionType 1, fallback\
2022-12-01 22:49:22.654 359-359/? I/android.hardware.vibrator-service.example: Vibrator off\
2022-12-01 22:49:22.659 340-340/? W/RanchuHwc: presentDisplay display has no layers to compose, flushing client target buffer.\
2022-12-01 22:49:22.671 340-340/? W/RanchuHwc: validateDisplay: layer 84 CompositionType 1, fallback\
2022-12-01 22:49:22.676 340-340/? W/RanchuHwc: presentDisplay display has no layers to compose, flushing client target buffer.\
2022-12-01 22:49:22.687 340-340/? W/RanchuHwc: validateDisplay: layer 84 CompositionType 1, fallback\
2022-12-01 22:49:22.691 340-340/? W/RanchuHwc: presentDisplay display has no layers to compose, flushing client target buffer.\
2022-12-01 22:49:22.704 340-340/? W/RanchuHwc: validateDisplay: layer 84 CompositionType 1, fallback\
2022-12-01 22:49:22.707 340-340/? W/RanchuHwc: presentDisplay display has no layers to compose, flushing client target buffer.\
2022-12-01 22:49:22.721 340-340/? W/RanchuHwc: validateDisplay: layer 84 CompositionType 1, fallback\
2022-12-01 22:49:22.724 340-340/? W/RanchuHwc: presentDisplay display has no layers to compose, flushing client target buffer.\
2022-12-01 22:49:22.745 758-832/? D/EGL_emulation: app_time_stats: avg=490.66ms min=11.84ms max=4285.36ms count=9\
2022-12-01 22:49:24.026 1016-1653/? D/EGL_emulation: app_time_stats: avg=44.86ms min=8.24ms max=898.64ms count=31\
2022-12-01 22:49:24.047 512-1949/? I/ActivityTaskManager: START u0 \{act=android.intent.action.MAIN cat=[android.intent.category.LAUNCHER] flg=0x10200000 cmp=com.google.android.apps.photos/.home.HomeActivity bnds=[842,912][1043,1225]\} from uid 10127\
2022-12-01 22:49:24.061 512-3889/? D/CompatibilityChangeReporter: Compat change id reported: 181136395; UID 10125; state: DISABLED\
2022-12-01 22:49:24.062 512-3889/? D/CompatibilityChangeReporter: Compat change id reported: 174042936; UID 10125; state: DISABLED\
2022-12-01 22:49:24.147 512-552/? D/CompatibilityChangeReporter: Compat change id reported: 158002302; UID 10125; state: ENABLED\
2022-12-01 22:49:24.148 338-338/? D/goldfish-address-space: claimShared: Ask to claim region [0x1ec000000 0x1ec968000]\
2022-12-01 22:49:24.153 338-338/? D/goldfish-address-space: claimShared: Ask to claim region [0x1ec968000 0x1ed2d0000]\
2022-12-01 22:49:24.153 338-338/? D/goldfish-address-space: claimShared: Ask to claim region [0x1ed2d0000 0x1edc38000]\
2022-12-01 22:49:24.154 340-340/? W/RanchuHwc: validateDisplay: layer 87 CompositionType 1, fallback\
2022-12-01 22:49:24.171 340-340/? W/RanchuHwc: presentDisplay display has no layers to compose, flushing client target buffer.\
2022-12-01 22:49:24.171 340-340/? W/RanchuHwc: validateDisplay: layer 87 CompositionType 1, fallback\
2022-12-01 22:49:24.176 340-340/? W/RanchuHwc: presentDisplay display has no layers to compose, flushing client target buffer.\
2022-12-01 22:49:24.177 3363-3363/? I/GsaVoiceInteractionSrv: Handling ACTION_STOP_HOTWORD\
2022-12-01 22:49:24.187 338-338/? D/goldfish-address-space: claimShared: Ask to claim region [0x1edc38000 0x1ee800000]\
2022-12-01 22:49:24.188 340-340/? W/RanchuHwc: validateDisplay: layer 87 CompositionType 1, fallback\
2022-12-01 22:49:24.190 338-338/? D/goldfish-address-space: claimShared: Ask to claim region [0x1ee800000 0x1ef3c8000]\
2022-12-01 22:49:24.191 340-340/? W/RanchuHwc: presentDisplay display has no layers to compose, flushing client target buffer.\
2022-12-01 22:49:24.192 338-338/? D/goldfish-address-space: claimShared: Ask to claim region [0x1ef3c8000 0x1eff90000]\
2022-12-01 22:49:24.193 3363-3363/? E/HwDetectorWithState: a: 3\
2022-12-01 22:49:24.204 340-340/? W/RanchuHwc: validateDisplay: layer 87 CompositionType 1, fallback\
2022-12-01 22:49:24.208 340-340/? W/RanchuHwc: presentDisplay display has no layers to compose, flushing client target buffer.\
2022-12-01 22:49:24.221 340-340/? W/RanchuHwc: validateDisplay: layer 88 CompositionType 1, fallback\
2022-12-01 22:49:24.224 340-340/? W/RanchuHwc: presentDisplay display has no layers to compose, flushing client target buffer.\
2022-12-01 22:49:24.237 340-340/? W/RanchuHwc: validateDisplay: layer 88 CompositionType 1, fallback\
2022-12-01 22:49:24.237 8233-8233/? I/GoogleInputMethodService: GoogleInputMethodService.onFinishInput():3420 \
2022-12-01 22:49:24.239 8233-8233/? I/GoogleInputMethodService: GoogleInputMethodService.onStartInput():2002 \
2022-12-01 22:49:24.240 8233-8233/? I/DeviceUnlockedTag: DeviceUnlockedTag.notifyDeviceLockStatusChanged():31 Notify device unlocked.\
2022-12-01 22:49:24.240 340-340/? W/RanchuHwc: presentDisplay display has no layers to compose, flushing client target buffer.\
2022-12-01 22:49:24.244 512-707/? D/ConnectivityService: NetReassign [no changes]\
2022-12-01 22:49:24.251 7387-12859/? I/CastDatabase: Opening the database\
2022-12-01 22:49:24.254 340-340/? W/RanchuHwc: validateDisplay: layer 88 CompositionType 1, fallback\
2022-12-01 22:49:24.258 340-340/? W/RanchuHwc: presentDisplay display has no layers to compose, flushing client target buffer.\
2022-12-01 22:49:24.260 7387-12859/? I/SQLiteCastStore: 0 CastNetworkInfo instances loaded, 0 CastDeviceInfo instances loaded, 0 paired guest mode devices loaded.\
2022-12-01 22:49:24.264 7387-7387/? I/DatabaseProcessor: Self-device filtering is disabled.\
2022-12-01 22:49:24.265 338-338/? D/goldfish-address-space: claimShared: Ask to claim region [0x1ebe74000 0x1ebe78000]\
2022-12-01 22:49:24.266 6079-10699/? D/HostConnection: createUnique: call\
2022-12-01 22:49:24.270 6079-10699/? D/HostConnection: HostConnection::get() New Host Connection established 0xb4000078b0c28fd0, tid 10699\
2022-12-01 22:49:24.271 340-340/? W/RanchuHwc: validateDisplay: layer 88 CompositionType 1, fallback\
2022-12-01 22:49:24.275 340-340/? W/RanchuHwc: presentDisplay display has no layers to compose, flushing client target buffer.\
2022-12-01 22:49:24.285 1512-10455/? I/MediaProvider: Open with lower FS for /storage/emulated/0/RECORD1adb.mp4. Uid: 10125\
2022-12-01 22:49:24.285 1512-10854/? I/MediaProvider: Open with lower FS for /storage/emulated/0/RECORD1adb.mp4. Uid: 10125\
2022-12-01 22:49:24.286 7387-15231/? I/DiscoveryManager: Filter criteria(96084372) scannerFlags(0)\
2022-12-01 22:49:24.286 1512-11001/? I/MediaProvider: Open with lower FS for /storage/emulated/0/RECORD1adb.mp4. Uid: 10125\
2022-12-01 22:49:24.288 340-340/? W/RanchuHwc: validateDisplay: layer 88 CompositionType 1, fallback\
2022-12-01 22:49:24.289 6079-10696/? D/skia: --- Failed to create image decoder with message 'unimplemented'\
2022-12-01 22:49:24.289 7387-15231/? W/DatabaseProcessor: processLocalDevices: failed to get the network info with non-null networkId.\
2022-12-01 22:49:24.289 6079-10696/? D/skia: --- Failed to create image decoder with message 'unimplemented'\
2022-12-01 22:49:24.290 6079-10777/? D/skia: --- Failed to create image decoder with message 'unimplemented'\
2022-12-01 22:49:24.290 6079-10777/? D/skia: --- Failed to create image decoder with message 'unimplemented'\
2022-12-01 22:49:24.290 7387-15231/? I/CastDatabase: CastDeviceInfo created: V_f65ee1eb-8be0-4890-837e-ed308217200b\
2022-12-01 22:49:24.290 7387-15231/? W/GuestModeDeviceProber: setFilterCriteria\
2022-12-01 22:49:24.291 340-340/? W/RanchuHwc: presentDisplay display has no layers to compose, flushing client target buffer.\
2022-12-01 22:49:24.291 7387-15231/? W/DatabaseProcessor: processLocalDevices: failed to get the network info with non-null networkId.\
2022-12-01 22:49:24.292 7387-15231/? W/DatabaseProcessor: processLocalDevices: failed to get the network info with non-null networkId.\
2022-12-01 22:49:24.292 6079-10699/? D/HostConnection: HostComposition ext ANDROID_EMU_CHECKSUM_HELPER_v1 ANDROID_EMU_native_sync_v2 ANDROID_EMU_native_sync_v3 ANDROID_EMU_native_sync_v4 ANDROID_EMU_dma_v1 ANDROID_EMU_direct_mem ANDROID_EMU_host_composition_v1 ANDROID_EMU_host_composition_v2 ANDROID_EMU_vulkan ANDROID_EMU_deferred_vulkan_commands ANDROID_EMU_vulkan_null_optional_strings ANDROID_EMU_vulkan_create_resources_with_requirements ANDROID_EMU_YUV_Cache ANDROID_EMU_vulkan_ignored_handles ANDROID_EMU_has_shared_slots_host_memory_allocator ANDROID_EMU_vulkan_free_memory_sync ANDROID_EMU_vulkan_shader_float16_int8 ANDROID_EMU_vulkan_async_queue_submit ANDROID_EMU_vulkan_queue_submit_with_commands ANDROID_EMU_sync_buffer_data ANDROID_EMU_read_color_buffer_dma GL_OES_EGL_image_external_essl3 GL_OES_vertex_array_object GL_KHR_texture_compression_astc_ldr ANDROID_EMU_host_side_tracing ANDROID_EMU_gles_max_version_3_0 \
