2022-12-01 23:08:10.884 1302-5837/? I/id.ext.service: Explicit concurrent copying GC freed 2264(138KB) AllocSpace objects, 2(40KB) LOS objects, 49% free, 2089KB/4178KB, paused 16us,3us total 5.197ms\
2022-12-01 23:08:10.884 1302-5837/? W/id.ext.service: Reducing the number of considered missed Gc histogram windows from 144 to 100\
2022-12-01 23:08:10.887 402-402/? D/incidentd: Finish incident report section 1000 'cmd getprop'\
2022-12-01 23:08:10.887 402-402/? D/incidentd: Start incident report section 1002 'file /proc/version'\
2022-12-01 23:08:10.887 16600-16606/? D/incident: section 1000 status 2\
2022-12-01 23:08:10.887 16600-16606/? D/incident: section 1002 status 1\
2022-12-01 23:08:10.896 1302-5837/? I/id.ext.service: Explicit concurrent copying GC freed 194(33KB) AllocSpace objects, 1(20KB) LOS objects, 49% free, 2087KB/4175KB, paused 5us,2us total 1.964ms\
2022-12-01 23:08:10.929 3969-6322/? I/s.messaging:rc: Explicit concurrent copying GC freed 12311(604KB) AllocSpace objects, 4(80KB) LOS objects, 49% free, 5084KB/10168KB, paused 13us,17us total 24.365ms\
2022-12-01 23:08:10.929 3969-6322/? W/s.messaging:rc: Reducing the number of considered missed Gc histogram windows from 144 to 100\
2022-12-01 23:08:10.946 3969-6322/? I/s.messaging:rc: Explicit concurrent copying GC freed 685(47KB) AllocSpace objects, 1(20KB) LOS objects, 49% free, 5068KB/10137KB, paused 6us,4us total 5.184ms\
2022-12-01 23:08:10.978 8233-10292/? I/putmethod.lati: Explicit concurrent copying GC freed 3152(281KB) AllocSpace objects, 8(160KB) LOS objects, 24% free, 6179KB/8238KB, paused 9us,13us total 27.898ms\
2022-12-01 23:08:10.978 8233-10292/? W/putmethod.lati: Reducing the number of considered missed Gc histogram windows from 144 to 100\
2022-12-01 23:08:10.997 8233-10292/? I/putmethod.lati: Explicit concurrent copying GC freed 333(36KB) AllocSpace objects, 1(20KB) LOS objects, 24% free, 6175KB/8233KB, paused 6us,8us total 6.735ms\
2022-12-01 23:08:11.011 757-1634/? I/droid.bluetoot: Explicit concurrent copying GC freed 1185(242KB) AllocSpace objects, 15(300KB) LOS objects, 49% free, 2342KB/4684KB, paused 16us,27us total 9.885ms\
2022-12-01 23:08:11.011 757-1634/? W/droid.bluetoot: Reducing the number of considered missed Gc histogram windows from 144 to 100\
2022-12-01 23:08:11.023 757-1634/? I/droid.bluetoot: Explicit concurrent copying GC freed 495(55KB) AllocSpace objects, 1(20KB) LOS objects, 49% free, 2335KB/4670KB, paused 6us,3us total 2.008ms\
2022-12-01 23:08:11.030 1521-1584/? I/or.multidispla: Explicit concurrent copying GC freed 132(48KB) AllocSpace objects, 1(20KB) LOS objects, 49% free, 1899KB/3798KB, paused 16us,9us total 1.991ms\
2022-12-01 23:08:11.030 1521-1584/? W/or.multidispla: Reducing the number of considered missed Gc histogram windows from 144 to 100\
2022-12-01 23:08:11.040 1521-1584/? I/or.multidispla: Explicit concurrent copying GC freed 152(32KB) AllocSpace objects, 1(20KB) LOS objects, 49% free, 1899KB/3797KB, paused 5us,1us total 1.316ms\
2022-12-01 23:08:11.066 971-3063/? I/m.android.phon: Explicit concurrent copying GC freed 22268(1771KB) AllocSpace objects, 0(0B) LOS objects, 49% free, 2998KB/5997KB, paused 11us,14us total 18.264ms\
2022-12-01 23:08:11.080 971-3063/? I/m.android.phon: Explicit concurrent copying GC freed 735(48KB) AllocSpace objects, 1(20KB) LOS objects, 49% free, 2982KB/5964KB, paused 8us,4us total 3.402ms\
2022-12-01 23:08:11.087 952-968/? I/com.android.se: Explicit concurrent copying GC freed 145(48KB) AllocSpace objects, 1(20KB) LOS objects, 49% free, 1911KB/3822KB, paused 9us,7us total 2.737ms\
2022-12-01 23:08:11.087 952-968/? W/com.android.se: Reducing the number of considered missed Gc histogram windows from 144 to 100\
2022-12-01 23:08:11.097 952-968/? I/com.android.se: Explicit concurrent copying GC freed 151(32KB) AllocSpace objects, 1(20KB) LOS objects, 49% free, 1910KB/3821KB, paused 5us,1us total 1.234ms\
2022-12-01 23:08:11.107 906-2232/? I/rkstack.proces: Explicit concurrent copying GC freed 4516(330KB) AllocSpace objects, 28(1680KB) LOS objects, 49% free, 2486KB/4972KB, paused 13us,8us total 4.696ms\
2022-12-01 23:08:11.118 906-2232/? I/rkstack.proces: Explicit concurrent copying GC freed 144(31KB) AllocSpace objects, 1(20KB) LOS objects, 49% free, 2486KB/4973KB, paused 5us,2us total 2.396ms\
2022-12-01 23:08:11.151 758-8849/? I/ndroid.systemu: Explicit concurrent copying GC freed 15699(921KB) AllocSpace objects, 9(416KB) LOS objects, 49% free, 9770KB/19MB, paused 12us,19us total 22.551ms\
2022-12-01 23:08:11.164 758-794/? W/System: A resource failed to call release. \
2022-12-01 23:08:11.165 758-794/? W/System: A resource failed to call release. \
2022-12-01 23:08:11.175 758-8849/? I/ndroid.systemu: Explicit concurrent copying GC freed 238(18KB) AllocSpace objects, 1(20KB) LOS objects, 49% free, 9783KB/19MB, paused 8us,11us total 11.532ms\
2022-12-01 23:08:11.210 512-3888/? I/system_server: Waiting for a blocking GC Explicit\
2022-12-01 23:08:11.245 512-3889/? I/system_server: Explicit concurrent copying GC freed 251836(12MB) AllocSpace objects, 44(1436KB) LOS objects, 50% free, 18MB/36MB, paused 55us,45us total 61.196ms\
2022-12-01 23:08:11.245 512-3888/? I/system_server: WaitForGcToComplete blocked Explicit on Explicit for 35.004ms\
2022-12-01 23:08:11.245 512-3889/? I/system_server: Waiting for a blocking GC DisableMovingGc\
2022-12-01 23:08:11.250 512-523/? W/System: A resource failed to call close. \
2022-12-01 23:08:11.251 512-523/? W/System: A resource failed to call close. \
2022-12-01 23:08:11.274 512-3888/? I/system_server: Explicit concurrent copying GC freed 64(24KB) AllocSpace objects, 0(0B) LOS objects, 49% free, 18MB/36MB, paused 17us,18us total 28.484ms\
2022-12-01 23:08:11.274 512-3889/? I/system_server: WaitForGcToComplete blocked DisableMovingGc on Explicit for 28.474ms\
2022-12-01 23:08:11.274 512-3889/? I/system_server: Starting a blocking GC DisableMovingGc\
2022-12-01 23:08:11.317 16386-16599/? D/dumpstate: Duration of 'CHECKIN MEMINFO': 1.46s\
2022-12-01 23:08:11.360 16386-16599/? D/dumpstate: Duration of 'DUMP CHECKINS': 1.55s\
2022-12-01 23:08:11.422 512-3888/? E/system_server: Can't open file: /sys/kernel/ion/total_heaps_kb\
2022-12-01 23:08:11.422 512-3888/? E/system_server: Can't open file: /sys/kernel/ion/total_pools_kb\
2022-12-01 23:08:11.465 512-3888/? E/system_server: Invalid file format: /sys/fs/bpf/map_gpu_mem_gpu_mem_total_map\
2022-12-01 23:08:11.465 512-3888/? D/ActivityManager: freezer override set to false\
2022-12-01 23:08:11.472 16386-16386/? D/dumpstate: Duration of 'DUMPSYS HIGH': 1.54s\
2022-12-01 23:08:11.893 402-402/? W/incidentd: Buffer corrupted: expect 404 bytes, read 411 bytes\
2022-12-01 23:08:11.893 402-402/? D/incidentd: Finish incident report section 1002 'file /proc/version'\
2022-12-01 23:08:11.893 402-402/? D/incidentd: Start incident report section 1109 'logcat -b main -L'\
2022-12-01 23:08:11.894 16600-16604/? D/incident: section 1002 status 2\
2022-12-01 23:08:11.894 16600-16604/? D/incident: section 1109 status 1\
2022-12-01 23:08:11.895 17172-17172/? W/incidentd: [logcat -b main -L] fails to read a log_msg.\
2022-12-01 23:08:11.892 17172-17172/? W/Binder:402_2: type=1400 audit(0.0:3501): avc: denied \{ search \} for name="/" dev="pstore" ino=16055 scontext=u:r:incidentd:s0 tcontext=u:object_r:pstorefs:s0 tclass=dir permissive=0\
2022-12-01 23:08:11.896 402-402/? E/incidentd: [logcat -b main -L] worker failed with error 'Permission denied'\
2022-12-01 23:08:11.896 402-402/? W/incidentd: warning in section 1109 (-13) 'Permission denied': WorkerThreadSection failed.\
2022-12-01 23:08:11.897 16600-16604/? D/incident: section 1109 status 2\
2022-12-01 23:08:11.897 402-402/? D/incidentd: Finish incident report section 1109 'logcat -b main -L'\
2022-12-01 23:08:11.897 402-402/? D/incidentd: Start incident report section 1110 'logcat -b radio -L'\
2022-12-01 23:08:11.897 16600-16604/? D/incident: section 1110 status 1\
2022-12-01 23:08:11.898 17174-17174/? W/incidentd: [logcat -b radio -L] fails to read a log_msg.\
2022-12-01 23:08:11.892 17174-17174/? W/Binder:402_2: type=1400 audit(0.0:3502): avc: denied \{ search \} for name="/" dev="pstore" ino=16055 scontext=u:r:incidentd:s0 tcontext=u:object_r:pstorefs:s0 tclass=dir permissive=0\
2022-12-01 23:08:11.899 402-402/? E/incidentd: [logcat -b radio -L] worker failed with error 'Permission denied'\
2022-12-01 23:08:11.899 402-402/? W/incidentd: warning in section 1110 (-13) 'Permission denied': WorkerThreadSection failed.\
2022-12-01 23:08:11.899 402-402/? D/incidentd: Finish incident report section 1110 'logcat -b radio -L'\
2022-12-01 23:08:11.899 402-402/? D/incidentd: Start incident report section 1111 'logcat -b events -L'\
2022-12-01 23:08:11.899 16600-16604/? D/incident: section 1110 status 2\
2022-12-01 23:08:11.899 16600-16604/? D/incident: section 1111 status 1\
2022-12-01 23:08:11.901 17176-17176/? W/incidentd: [logcat -b events -L] fails to read a log_msg.\
2022-12-01 23:08:11.896 17176-17176/? W/Binder:402_2: type=1400 audit(0.0:3503): avc: denied \{ search \} for name="/" dev="pstore" ino=16055 scontext=u:r:incidentd:s0 tcontext=u:object_r:pstorefs:s0 tclass=dir permissive=0\
2022-12-01 23:08:11.902 402-402/? E/incidentd: [logcat -b events -L] worker failed with error 'Permission denied'\
2022-12-01 23:08:11.902 402-402/? W/incidentd: warning in section 1111 (-13) 'Permission denied': WorkerThreadSection failed.\
2022-12-01 23:08:11.902 16600-16606/? D/incident: section 1111 status 2\
2022-12-01 23:08:11.902 402-402/? D/incidentd: Finish incident report section 1111 'logcat -b events -L'\
2022-12-01 23:08:11.902 402-402/? D/incidentd: Start incident report section 1112 'logcat -b system -L'\
2022-12-01 23:08:11.902 16600-16606/? D/incident: section 1112 status 1\
2022-12-01 23:08:11.903 17178-17178/? W/incidentd: [logcat -b system -L] fails to read a log_msg.\
2022-12-01 23:08:11.896 17178-17178/? W/Binder:402_2: type=1400 audit(0.0:3504): avc: denied \{ search \} for name="/" dev="pstore" ino=16055 scontext=u:r:incidentd:s0 tcontext=u:object_r:pstorefs:s0 tclass=dir permissive=0\
2022-12-01 23:08:11.903 402-402/? E/incidentd: [logcat -b system -L] worker failed with error 'Permission denied'\
2022-12-01 23:08:11.903 402-402/? W/incidentd: warning in section 1112 (-13) 'Permission denied': WorkerThreadSection failed.\
2022-12-01 23:08:11.903 402-402/? D/incidentd: Finish incident report section 1112 'logcat -b system -L'\
2022-12-01 23:08:11.903 402-402/? D/incidentd: Start incident report section 1113 'logcat -b crash -L'\
2022-12-01 23:08:11.904 16600-16606/? D/incident: section 1112 status 2\
2022-12-01 23:08:11.904 16600-16606/? D/incident: section 1113 status 1\
2022-12-01 23:08:11.900 17180-17180/? W/Binder:402_2: type=1400 audit(0.0:3505): avc: denied \{ search \} for name="/" dev="pstore" ino=16055 scontext=u:r:incidentd:s0 tcontext=u:object_r:pstorefs:s0 tclass=dir permissive=0\
2022-12-01 23:08:11.904 17180-17180/? W/incidentd: [logcat -b crash -L] fails to read a log_msg.\
2022-12-01 23:08:11.905 402-402/? E/incidentd: [logcat -b crash -L] worker failed with error 'Permission denied'\
2022-12-01 23:08:11.905 402-402/? W/incidentd: warning in section 1113 (-13) 'Permission denied': WorkerThreadSection failed.\
2022-12-01 23:08:11.905 402-402/? D/incidentd: Finish incident report section 1113 'logcat -b crash -L'\
2022-12-01 23:08:11.905 402-402/? D/incidentd: Start incident report section 1114 'logcat -b stats -L'\
2022-12-01 23:08:11.905 16600-16604/? D/incident: section 1113 status 2\
2022-12-01 23:08:11.905 16600-16604/? D/incident: section 1114 status 1\
2022-12-01 23:08:11.906 17182-17182/? W/incidentd: [logcat -b stats -L] fails to read a log_msg.\
2022-12-01 23:08:11.900 17182-17182/? W/Binder:402_2: type=1400 audit(0.0:3506): avc: denied \{ search \} for name="/" dev="pstore" ino=16055 scontext=u:r:incidentd:s0 tcontext=u:object_r:pstorefs:s0 tclass=dir permissive=0\
2022-12-01 23:08:11.907 402-402/? E/incidentd: [logcat -b stats -L] worker failed with error 'Permission denied'\
2022-12-01 23:08:11.907 402-402/? W/incidentd: warning in section 1114 (-13) 'Permission denied': WorkerThreadSection failed.\
2022-12-01 23:08:11.907 402-402/? D/incidentd: Finish incident report section 1114 'logcat -b stats -L'\
2022-12-01 23:08:11.907 402-402/? D/incidentd: Start incident report section 1115 'logcat -b security -L'\
2022-12-01 23:08:11.907 16600-16606/? D/incident: section 1114 status 2\
2022-12-01 23:08:11.907 16600-16606/? D/incident: section 1115 status 1\
2022-12-01 23:08:11.908 17184-17184/? W/incidentd: [logcat -b security -L] fails to read a log_msg.\
2022-12-01 23:08:11.909 402-402/? E/incidentd: [logcat -b security -L] worker failed with error 'Permission denied'\
2022-12-01 23:08:11.909 402-402/? W/incidentd: warning in section 1115 (-13) 'Permission denied': WorkerThreadSection failed.\
2022-12-01 23:08:11.909 402-402/? D/incidentd: Finish incident report section 1115 'logcat -b security -L'\
2022-12-01 23:08:11.909 402-402/? D/incidentd: Start incident report section 1116 'cmd /system/bin/sh /system/bin/incident-helper-cmd -l run persisted_logs --limit 10MB'\
2022-12-01 23:08:11.909 16600-16604/? D/incident: section 1115 status 2\
2022-12-01 23:08:11.909 16600-16604/? D/incident: section 1116 status 1\
2022-12-01 23:08:12.062 17185-17185/? D/AndroidRuntime: >>>>>> START com.android.internal.os.RuntimeInit uid 1067 <<<<<<\
2022-12-01 23:08:12.071 17185-17185/? I/AndroidRuntime: Using default boot image\
2022-12-01 23:08:12.071 17185-17185/? I/AndroidRuntime: Leaving lock profiling enabled\
2022-12-01 23:08:12.072 17185-17185/? E/app_process: Default boot image check failed, could not stat: /data/misc/apexdata/com.android.art/dalvik-cache/boot-framework.art: Permission denied\
2022-12-01 23:08:12.183 17185-17185/? D/app_process: Time zone APEX ICU file found: /apex/com.android.tzdata/etc/icu/icu_tzdata.dat\
2022-12-01 23:08:12.183 17185-17185/? D/app_process: I18n APEX ICU file found: /apex/com.android.i18n/etc/icu/icudt68l.dat\
2022-12-01 23:08:12.201 17185-17185/? W/app_process: Failed to create JIT Code Cache: Failed to initialize memory file: Permission denied\
2022-12-01 23:08:12.201 17185-17185/? W/app_process: Missing code cache, cannot create JIT.\
2022-12-01 23:08:12.201 17185-17185/? E/app_process: Could not check odex file /data/misc/apexdata/com.android.art/dalvik-cache/arm64/system@framework@incident-helper-cmd.jar@classes.odex: Permission denied\
2022-12-01 23:08:12.201 17185-17185/? W/app_process: Failed to determine oat file name for dex location /system/framework/incident-helper-cmd.jar: Dalvik cache directory does not exist\
2022-12-01 23:08:12.233 17185-17185/? D/AndroidRuntime: Calling main entry com.android.commands.incident.IncidentHelper\
2022-12-01 23:08:12.233 17185-17185/? I/IncidentHelper: Args: [-l,run,persisted_logs,--limit,10MB]\
2022-12-01 23:08:12.234 17185-17185/? W/IH_PersistLog: Skip dump. /data/misc/logd does not exist.\
2022-12-01 23:08:12.234 17185-17185/? D/AndroidRuntime: Shutting down VM\
2022-12-01 23:08:12.360 758-832/? D/EGL_emulation: app_time_stats: avg=12276.56ms min=12276.56ms max=12276.56ms count=1\
2022-12-01 23:08:12.805 176-176/? I/servicemanager: Notifying apexservice they have clients: 0\
2022-12-01 23:08:12.806 176-176/? I/BpBinder: onLastStrongRef automatically unlinking death recipients: <uncached descriptor>\
2022-12-01 23:08:12.815 177-177/? I/hwservicemanager: Notifying android.hardware.dumpstate@1.1::IDumpstateDevice/default they have clients: 1\
2022-12-01 23:08:12.816 17026-17026/? I/HidlLazyUtils: Process has 1 (of 1 available) client(s) in use after notification android.hardware.dumpstate@1.1::IDumpstateDevice/default has clients: 1\
2022-12-01 23:08:15.060 10146-10220/? I/flutter: invokeApi Start HttpMethod.GET https://api2.mymarket.ge/app/ru/user/lastsync\
2022-12-01 23:08:15.075 402-402/? D/incidentd: Finish incident report section 1116 'cmd /system/bin/sh /system/bin/incident-helper-cmd -l run persisted_logs --limit 10MB'\
2022-12-01 23:08:15.075 402-402/? D/incidentd: Start incident report section 2001 'file /proc/pagetypeinfo'\
2022-12-01 23:08:15.075 16600-16606/? D/incident: section 1116 status 2\
2022-12-01 23:08:15.075 16600-16606/? D/incident: section 2001 status 1\
2022-12-01 23:08:16.090 402-402/? D/incidentd: Finish incident report section 2001 'file /proc/pagetypeinfo'\
2022-12-01 23:08:16.090 402-402/? D/incidentd: Start incident report section 2002 'file /d/wakeup_sources'\
2022-12-01 23:08:16.090 16600-16606/? D/incident: section 2001 status 2\
2022-12-01 23:08:16.090 16600-16606/? D/incident: section 2002 status 1\
2022-12-01 23:08:16.090 402-402/? W/incidentd: [file /d/wakeup_sources] failed to open file\
2022-12-01 23:08:16.090 402-402/? W/incidentd: setSectionStats not called for section 2002\
2022-12-01 23:08:16.090 402-402/? D/incidentd: Finish incident report section 2002 'file /d/wakeup_sources'\
2022-12-01 23:08:16.090 402-402/? D/incidentd: Start incident report section 2003 'cmd top -b -n 1 -H -s 6 -o pid,tid,user,pr,ni,%cpu,s,virt,res,pcy,cmd,name'\
2022-12-01 23:08:16.090 16600-16604/? D/incident: section 2002 status 2\
2022-12-01 23:08:16.090 16600-16604/? D/incident: section 2003 status 1\
2022-12-01 23:08:16.288 16386-16386/? D/dumpstate: Duration of 'SERVICE HIGH connectivity': 4.82s\
2022-12-01 23:08:16.332 16386-16386/? D/dumpstate: Adding dir /data/misc/snapshotctl_log (recursive: 0)\
2022-12-01 23:08:16.342 512-3888/? D/CompatibilityChangeReporter: Compat change id reported: 174042980; UID 1000; state: DISABLED\
2022-12-01 23:08:16.342 512-3888/? D/CompatibilityChangeReporter: Compat change id reported: 174042980; UID 10091; state: DISABLED\
2022-12-01 23:08:16.384 8233-8233/? I/FallbackOnDeviceRecognizerModule: FallbackOnDeviceRecognizerModule.dump():36 dump()\
2022-12-01 23:08:16.385 8233-8233/? I/Environment: Environment.isPackageInstalled():311 com.bitstrips.imoji is not installed\
2022-12-01 23:08:16.385 8233-8233/? I/OnDeviceDictationPerformanceEvaluationModule: OnDeviceDictationPerformanceEvaluationModule.dump():104 dump()\
2022-12-01 23:08:16.427 8233-8233/? I/putmethod.lati: Explicit concurrent copying GC freed 21620(1017KB) AllocSpace objects, 3(52KB) LOS objects, 24% free, 6174KB/8233KB, paused 6us,4us total 8.431ms\
2022-12-01 23:08:16.451 512-3888/? I/AdbDebuggingManager: Cannot read system keys\
    java.io.FileNotFoundException: /adb_keys: open failed: ENOENT (No such file or directory)\
        at libcore.io.IoBridge.open(IoBridge.java:575)\
        at java.io.FileInputStream.<init>(FileInputStream.java:160)\
        at android.os.FileUtils.readTextFile(FileUtils.java:637)\
        at com.android.server.adb.AdbDebuggingManager.dump(AdbDebuggingManager.java:1762)\
        at com.android.server.adb.AdbService.dump(AdbService.java:546)\
        at android.os.Binder.doDump(Binder.java:887)\
        at android.os.Binder.dump(Binder.java:877)\
        at android.os.Binder.onTransact(Binder.java:813)\
        at android.debug.IAdbManager$Stub.onTransact(IAdbManager.java:343)\
        at android.os.Binder.execTransactInternal(Binder.java:1184)\
        at android.os.Binder.execTransact(Binder.java:1143)\
     Caused by: android.system.ErrnoException: open failed: ENOENT (No such file or directory)\
        at libcore.io.Linux.open(Native Method)\
        at libcore.io.ForwardingOs.open(ForwardingOs.java:567)\
        at libcore.io.BlockGuardOs.open(BlockGuardOs.java:273)\
        at libcore.io.IoBridge.open(IoBridge.java:561)\
        at java.io.FileInputStream.<init>(FileInputStream.java:160)\'a0\
        at android.os.FileUtils.readTextFile(FileUtils.java:637)\'a0\
        at com.android.server.adb.AdbDebuggingManager.dump(AdbDebuggingManager.java:1762)\'a0\
        at com.android.server.adb.AdbService.dump(AdbService.java:546)\'a0\
        at android.os.Binder.doDump(Binder.java:887)\'a0\
        at android.os.Binder.dump(Binder.java:877)\'a0\
        at android.os.Binder.onTransact(Binder.java:813)\'a0\
        at android.debug.IAdbManager$Stub.onTransact(IAdbManager.java:343)\'a0\
        at android.os.Binder.execTransactInternal(Binder.java:1184)\'a0\
        at android.os.Binder.execTransact(Binder.java:1143)\'a0\
2022-12-01 23:08:16.472 512-3888/? W/AutofillManagerService: Ignoring invalid dump arg: -a\
2022-12-01 23:08:16.479 512-3888/? V/FieldClassificationStrategy: getServiceComponentName(): ComponentInfo\{com.google.android.ext.services/android.ext.services.autofill.AutofillFieldClassificationServiceImpl\}\
2022-12-01 23:08:16.491 512-3283/? D/TelephonyManager: requestModemActivityInfo: Sending result to app: ModemActivityInfo\{ mTimestamp=3720434 mSleepTimeMs=0 mIdleTimeMs=3711435 mTxTimeMs[]=[0, 0, 0, 0, 0] mRxTimeMs=0\}\
2022-12-01 23:08:16.493 190-198/? E/android.system.suspend@1.0-service: Error opening kernel wakelock stats for: wakeup4: Permission denied\
2022-12-01 23:08:16.488 190-190/? W/Binder:190_2: type=1400 audit(0.0:3509): avc: denied \{ read \} for name="wakeup4" dev="sysfs" ino=18252 scontext=u:r:system_suspend:s0 tcontext=u:object_r:sysfs:s0 tclass=dir permissive=0\
2022-12-01 23:08:16.488 190-190/? W/Binder:190_2: type=1400 audit(0.0:3510): avc: denied \{ read \} for name="wakeup2" dev="sysfs" ino=17379 scontext=u:r:system_suspend:s0 tcontext=u:object_r:sysfs:s0 tclass=dir permissive=0\
2022-12-01 23:08:16.494 190-198/? E/android.system.suspend@1.0-service: Error opening kernel wakelock stats for: wakeup2: Permission denied\
2022-12-01 23:08:16.488 190-190/? W/Binder:190_2: type=1400 audit(0.0:3511): avc: denied \{ read \} for name="wakeup0" dev="sysfs" ino=14282 scontext=u:r:system_suspend:s0 tcontext=u:object_r:sysfs:s0 tclass=dir permissive=0\
2022-12-01 23:08:16.488 190-190/? W/Binder:190_2: type=1400 audit(0.0:3512): avc: denied \{ read \} for name="wakeup5" dev="sysfs" ino=18312 scontext=u:r:system_suspend:s0 tcontext=u:object_r:sysfs:s0 tclass=dir permissive=0\
2022-12-01 23:08:16.488 190-190/? W/Binder:190_2: type=1400 audit(0.0:3513): avc: denied \{ read \} for name="wakeup3" dev="sysfs" ino=17427 scontext=u:r:system_suspend:s0 tcontext=u:object_r:sysfs:s0 tclass=dir permissive=0\
2022-12-01 23:08:16.494 190-198/? E/android.system.suspend@1.0-service: Error opening kernel wakelock stats for: wakeup0: Permission denied\
2022-12-01 23:08:16.494 190-198/? E/android.system.suspend@1.0-service: Error opening kernel wakelock stats for: wakeup5: Permission denied\
2022-12-01 23:08:16.494 190-198/? E/android.system.suspend@1.0-service: Error opening kernel wakelock stats for: wakeup3: Permission denied\
2022-12-01 23:08:16.495 190-198/? E/android.system.suspend@1.0-service: Error opening kernel wakelock stats for: wakeup1: Permission denied\
2022-12-01 23:08:16.573 512-3888/? D/ActivityManager: freezer override set to true\
2022-12-01 23:08:16.591 512-520/? I/system_server: JIT allocated 87KB for compiled code of void android.os.BatteryStats.dumpLocked(android.content.Context, java.io.PrintWriter, java.lang.String, int, int, boolean)\
2022-12-01 23:08:16.592 512-520/? I/system_server: Compiler allocated 24MB to compile void android.os.BatteryStats.dumpLocked(android.content.Context, java.io.PrintWriter, java.lang.String, int, int, boolean)\
2022-12-01 23:08:16.625 512-3888/? D/ActivityManager: freezer override set to false\
2022-12-01 23:08:16.641 512-3888/? W/ContentCaptureManagerService: Ignoring invalid dump arg: -a\
2022-12-01 23:08:16.644 512-3888/? D/ActivityManager: freezer override set to true\
2022-12-01 23:08:16.648 512-520/? I/system_server: JIT allocated 61KB for compiled code of void android.os.BatteryStats.dumpLocked(android.content.Context, java.io.PrintWriter, java.lang.String, int, int, boolean)\
2022-12-01 23:08:16.648 512-520/? I/system_server: Compiler allocated 25MB to compile void android.os.BatteryStats.dumpLocked(android.content.Context, java.io.PrintWriter, java.lang.String, int, int, boolean)\
2022-12-01 23:08:16.722 512-3888/? D/ActivityManager: freezer override set to false\
2022-12-01 23:08:16.731 512-3888/? W/PackageManager: Cannot suspend package "com.android.dialer": is the default dialer\
2022-12-01 23:08:16.732 512-3888/? I/DevicePolicyManager: Packages subject to suspension: com.google.android.youtube,com.android.contacts,com.android.camera2,com.android.stk,ge.my.mymarket,com.google.android.deskclock,com.google.android.gm,com.google.android.apps.docs,com.google.android.apps.maps,com.android.chrome,com.google.android.apps.photos,com.google.android.calendar,com.google.android.documentsui,com.example.myapplication,com.google.android.apps.youtube.music\
2022-12-01 23:08:16.737 512-3888/? W/DiskStatsService: exception reading diskstats cache file\
    java.io.FileNotFoundException: /data/system/diskstats_cache.json: open failed: ENOENT (No such file or directory)\
        at libcore.io.IoBridge.open(IoBridge.java:575)\
        at libcore.io.IoUtils$FileReader.<init>(IoUtils.java:388)\
        at libcore.io.IoUtils.readFileAsString(IoUtils.java:301)\
        at com.android.server.DiskStatsService.reportCachedValues(DiskStatsService.java:211)\
        at com.android.server.DiskStatsService.dump(DiskStatsService.java:149)\
        at android.os.Binder.doDump(Binder.java:887)\
        at android.os.Binder.dump(Binder.java:877)\
        at android.os.Binder.onTransact(Binder.java:813)\
        at android.os.Binder.execTransactInternal(Binder.java:1184)\
        at android.os.Binder.execTransact(Binder.java:1143)\
     Caused by: android.system.ErrnoException: open failed: ENOENT (No such file or directory)\
        at libcore.io.Linux.open(Native Method)\
        at libcore.io.ForwardingOs.open(ForwardingOs.java:567)\
        at libcore.io.BlockGuardOs.open(BlockGuardOs.java:273)\
        at libcore.io.IoBridge.open(IoBridge.java:561)\
        at libcore.io.IoUtils$FileReader.<init>(IoUtils.java:388)\'a0\
        at libcore.io.IoUtils.readFileAsString(IoUtils.java:301)\'a0\
        at com.android.server.DiskStatsService.reportCachedValues(DiskStatsService.java:211)\'a0\
        at com.android.server.DiskStatsService.dump(DiskStatsService.java:149)\'a0\
        at android.os.Binder.doDump(Binder.java:887)\'a0\
        at android.os.Binder.dump(Binder.java:877)\'a0\
        at android.os.Binder.onTransact(Binder.java:813)\'a0\
        at android.os.Binder.execTransactInternal(Binder.java:1184)\'a0\
        at android.os.Binder.execTransact(Binder.java:1143)\'a0\
2022-12-01 23:08:16.769 512-3888/? D/ActivityManager: freezer override set to true\
2022-12-01 23:08:16.806 512-3888/? D/ActivityManager: freezer override set to false\
2022-12-01 23:08:16.861 512-3888/? E/GnssLocationProviderJni: android_location_gnss_hal_GnssNative_get_internal_state: IGnssDebug interface not available.\
2022-12-01 23:08:17.089 17446-17447/? E/idmap2d: failed to parse idmap header\
2022-12-01 23:08:17.251 17446-17447/? E/idmap2d: failed to parse idmap header\
2022-12-01 23:08:17.642 176-176/? I/servicemanager: Since 'apexservice' could not be found, trying to start it as a lazy AIDL service\
2022-12-01 23:08:17.685 176-176/? I/BpBinder: onLastStrongRef automatically unlinking death recipients: <uncached descriptor>\
2022-12-01 23:08:17.685 176-176/? I/servicemanager: Tried to unregister apexservice, but there is about to be a client.\
2022-12-01 23:08:17.725 512-512/? D/CompatibilityChangeReporter: Compat change id reported: 135634846; UID 10092; state: DISABLED\
2022-12-01 23:08:17.726 512-512/? D/CompatibilityChangeReporter: Compat change id reported: 177438394; UID 10092; state: DISABLED\
2022-12-01 23:08:17.726 512-512/? D/CompatibilityChangeReporter: Compat change id reported: 135772972; UID 10092; state: DISABLED\
2022-12-01 23:08:17.726 512-512/? D/CompatibilityChangeReporter: Compat change id reported: 135754954; UID 10092; state: ENABLED\
2022-12-01 23:08:17.728 512-560/? D/CompatibilityChangeReporter: Compat change id reported: 143937733; UID 10092; state: ENABLED\
2022-12-01 23:08:17.731 512-558/? W/Binder: Outgoing transactions from this process must be FLAG_ONEWAY\
    java.lang.Throwable\
        at android.os.BinderProxy.transact(BinderProxy.java:532)\
        at android.os.BinderProxy.dump(BinderProxy.java:620)\
        at android.permission.PermissionControllerManager.lambda$dump$12(PermissionControllerManager.java:496)\
        at android.permission.PermissionControllerManager$$ExternalSyntheticLambda18.runOrThrow(Unknown Source:6)\
        at com.android.internal.util.FunctionalUtils$ThrowingRunnable.run(FunctionalUtils.java:106)\
        at java.util.concurrent.CompletableFuture$AsyncRun.run(CompletableFuture.java:1663)\
        at android.os.Handler.handleCallback(Handler.java:938)\
        at android.os.Handler.dispatchMessage(Handler.java:99)\
        at android.os.Looper.loopOnce(Looper.java:201)\
        at android.os.Looper.loop(Looper.java:288)\
        at android.os.HandlerThread.run(HandlerThread.java:67)\
2022-12-01 23:08:17.734 323-323/? D/Zygote: Forked child process 17460\
2022-12-01 23:08:17.734 512-560/? I/ActivityManager: Start proc 17460:com.google.android.partnersetup/u0a92 for service \{com.google.android.partnersetup/com.google.android.partnersetup.InstalledAppJobService\}\
2022-12-01 23:08:17.750 17460-17460/? E/id.partnersetu: Not starting debugger since process cannot load the jdwp agent.\
2022-12-01 23:08:17.762 512-3283/? D/CompatibilityChangeReporter: Compat change id reported: 168419799; UID 10092; state: DISABLED\
2022-12-01 23:08:17.769 17460-17460/? D/CompatibilityChangeReporter: Compat change id reported: 171979766; UID 10092; state: DISABLED\
2022-12-01 23:08:17.799 512-3888/? D/CompatibilityChangeReporter: Compat change id reported: 168419799; UID 10085; state: DISABLED\
2022-12-01 23:08:17.803 176-176/? I/servicemanager: Notifying apexservice they have clients: 1\
2022-12-01 23:08:17.803 176-176/? I/servicemanager: Notifying apexservice they have clients: 0\
2022-12-01 23:08:17.803 176-176/? I/BpBinder: onLastStrongRef automatically unlinking death recipients: <uncached descriptor>\
2022-12-01 23:08:17.806 17460-17460/? D/nativeloader: classloader namespace configured for unbundled product apk. library_path=/product/priv-app/PartnerSetupPrebuilt/lib/arm64:/product/lib64:/system/product/lib64\
2022-12-01 23:08:17.810 17460-17460/? V/GraphicsEnvironment: ANGLE Developer option for 'com.google.android.partnersetup' set to: 'default'\
2022-12-01 23:08:17.810 17460-17460/? V/GraphicsEnvironment: Neither updatable production driver nor prerelease driver is supported.\
2022-12-01 23:08:17.811 17460-17460/? D/NetworkSecurityConfig: No Network Security Config specified, using platform default\
2022-12-01 23:08:17.811 17460-17460/? D/NetworkSecurityConfig: No Network Security Config specified, using platform default\
2022-12-01 23:08:17.815 177-177/? I/hwservicemanager: Notifying android.hardware.dumpstate@1.1::IDumpstateDevice/default they have clients: 0\
2022-12-01 23:08:17.815 17026-17026/? I/HidlLazyUtils: Process has 0 (of 1 available) client(s) in use after notification android.hardware.dumpstate@1.1::IDumpstateDevice/default has clients: 0\
2022-12-01 23:08:17.816 17026-17026/? I/HidlLazyUtils: Trying to exit HAL. No clients in use for any service in process.\
2022-12-01 23:08:17.816 177-177/? I/hw-BpHwBinder: onLastStrongRef automatically unlinking death recipients\
2022-12-01 23:08:17.817 177-177/? I/hw-BpHwBinder: onLastStrongRef automatically unlinking death recipients\
2022-12-01 23:08:17.817 17026-17026/? I/HidlLazyUtils: Unregistered all clients and exiting\
2022-12-01 23:08:17.901 512-3819/? D/CompatibilityChangeReporter: Compat change id reported: 168419799; UID 10101; state: DISABLED\
2022-12-01 23:08:17.911 190-198/? E/android.system.suspend@1.0-service: Error opening kernel wakelock stats for: wakeup4: Permission denied\
2022-12-01 23:08:17.911 190-198/? E/android.system.suspend@1.0-service: Error opening kernel wakelock stats for: wakeup2: Permission denied\
2022-12-01 23:08:17.904 190-190/? W/Binder:190_2: type=1400 audit(0.0:3515): avc: denied \{ read \} for name="wakeup4" dev="sysfs" ino=18252 scontext=u:r:system_suspend:s0 tcontext=u:object_r:sysfs:s0 tclass=dir permissive=0\
2022-12-01 23:08:17.908 190-190/? W/Binder:190_2: type=1400 audit(0.0:3516): avc: denied \{ read \} for name="wakeup2" dev="sysfs" ino=17379 scontext=u:r:system_suspend:s0 tcontext=u:object_r:sysfs:s0 tclass=dir permissive=0\
2022-12-01 23:08:17.908 190-190/? W/Binder:190_2: type=1400 audit(0.0:3517): avc: denied \{ read \} for name="wakeup0" dev="sysfs" ino=14282 scontext=u:r:system_suspend:s0 tcontext=u:object_r:sysfs:s0 tclass=dir permissive=0\
2022-12-01 23:08:17.908 190-190/? W/Binder:190_2: type=1400 audit(0.0:3518): avc: denied \{ read \} for name="wakeup5" dev="sysfs" ino=18312 scontext=u:r:system_suspend:s0 tcontext=u:object_r:sysfs:s0 tclass=dir permissive=0\
2022-12-01 23:08:17.908 190-190/? W/Binder:190_2: type=1400 audit(0.0:3519): avc: denied \{ read \} for name="wakeup3" dev="sysfs" ino=17427 scontext=u:r:system_suspend:s0 tcontext=u:object_r:sysfs:s0 tclass=dir permissive=0\
2022-12-01 23:08:17.912 190-198/? E/android.system.suspend@1.0-service: Error opening kernel wakelock stats for: wakeup0: Permission denied\
2022-12-01 23:08:17.914 190-198/? E/android.system.suspend@1.0-service: Error opening kernel wakelock stats for: wakeup5: Permission denied\
2022-12-01 23:08:17.914 190-198/? E/android.system.suspend@1.0-service: Error opening kernel wakelock stats for: wakeup3: Permission denied\
2022-12-01 23:08:17.916 190-198/? E/android.system.suspend@1.0-service: Error opening kernel wakelock stats for: wakeup1: Permission denied\
2022-12-01 23:08:17.918 7387-7387/? W/SystemServiceRegistry: No service published for: persistent_data_block\
2022-12-01 23:08:17.935 512-3888/? I/Telecom: PhoneAccountRegistrar: getSimCallManager: SimCallManager for subId 1 queried, returning: null\
2022-12-01 23:08:17.942 512-3819/? D/androidtc: Initializing SystemTextClassifier, type = Default system\
2022-12-01 23:08:17.943 512-3819/? D/androidtc: Initializing SystemTextClassifier, type = System\
2022-12-01 23:08:17.949 3350-3350/? I/SetupWizard: [bsu] [logReason:Get Notification Priority, UserDismissed: false, PersonalizationComplete: false, DPEnable: false, DPExisted: false, DPComplete: false, DAHPActions: 2, DAMPActions:3 , DAPAReason:Just a few more steps]\
2022-12-01 23:08:17.954 3350-3350/? I/SetupWizard: [DeferredSetupNotificationSchedulerService] Deferred notification scheduled at Thu Dec 01 22:07:12 GMT+03:00 2022\
2022-12-01 23:08:17.958 3350-3350/? I/SetupWizard: [bsu] [logReason:Get Notification Priority, UserDismissed: false, PersonalizationComplete: false, DPEnable: false, DPExisted: false, DPComplete: false, DAHPActions: 2, DAMPActions:3 , DAPAReason:Just a few more steps]\
2022-12-01 23:08:17.965 3350-3350/? I/SetupWizard: [SetupNotificationService] RegisterNotification:4\
2022-12-01 23:08:17.965 3350-3350/? I/SetupWizard: [SetupNotificationService] updateStatus notificationType = 4\
2022-12-01 23:08:17.970 3350-3350/? I/SetupWizard: [SetupNotificationService] updateStatus portalNow(false)\
2022-12-01 23:08:17.970 3350-3350/? I/SetupWizard: [DeferredSetupNotificationSchedulerService] Register deferred notification succeed.\
2022-12-01 23:08:17.972 512-3888/? W/UsbDeviceManager: Ignore missing legacy kernel path in bugreport dump: kernel function list:/sys/class/android_usb/android0/functions\
2022-12-01 23:08:18.001 758-758/? D/InterruptionStateProvider: No bubble up: not allowed to bubble: 0|com.google.android.setupwizard|9|null|10097\
2022-12-01 23:08:18.003 758-758/? D/InterruptionStateProvider: No heads up: unimportant notification: 0|com.google.android.setupwizard|9|null|10097\
2022-12-01 23:08:18.015 758-839/? D/PeopleSpaceWidgetMgr: Sbn doesn't contain valid PeopleTileKey: null/0/com.google.android.setupwizard\
2022-12-01 23:08:18.028 512-3888/? V/UserManagerService: dumpPackageWhitelistProblems(): using mode ENFORCE|IMPLICIT_WHITELIST|IMPLICIT_WHITELIST_SYSTEM\
2022-12-01 23:08:18.036 758-832/? D/EGL_emulation: app_time_stats: avg=5675.41ms min=5675.41ms max=5675.41ms count=1\
2022-12-01 23:08:18.110 512-520/? I/system_server: JIT allocated 96KB for compiled code of void com.android.server.wifi.WifiMetrics.dump(java.io.FileDescriptor, java.io.PrintWriter, java.lang.String[])\
2022-12-01 23:08:18.111 512-520/? I/system_server: Compiler allocated 6806KB to compile void com.android.server.wifi.WifiMetrics.dump(java.io.FileDescriptor, java.io.PrintWriter, java.lang.String[])\
2022-12-01 23:08:18.333 512-3888/? W/LastMileLogger: Failed to read event trace: /sys/kernel/debug/tracing/instances/wifi/trace\
2022-12-01 23:08:18.340 512-3888/? D/WifiScanningService: Latest scan results nowMs = 3722284\
2022-12-01 23:08:18.340 512-3888/? D/WificondScannerImpl: Latest native scan results nowMs = 3722285\
2022-12-01 23:08:18.341 16386-16386/? D/dumpstate: Duration of 'DUMPSYS': 2.01s\
2022-12-01 23:08:18.372 16386-16386/? D/dumpstate: Adding dir /data/misc/bluetooth/logs (recursive: 1)\
2022-12-01 23:08:18.406 1016-17567/? D/ProtoStore: no cached data\
2022-12-01 23:08:18.406 1016-17567/? D/ProtoStore: no cached data\
2022-12-01 23:08:18.471 758-758/? I/BufferEulogizer: Not eulogizing buffers; they are 463868 hours old\
2022-12-01 23:08:18.515 402-402/? D/incidentd: Finish incident report section 2003 'cmd top -b -n 1 -H -s 6 -o pid,tid,user,pr,ni,%cpu,s,virt,res,pcy,cmd,name'\
2022-12-01 23:08:18.515 402-402/? D/incidentd: Start incident report section 2004 'file /sys/devices/system/cpu/cpufreq/all_time_in_state'\
2022-12-01 23:08:18.515 402-402/? W/incidentd: [file /sys/devices/system/cpu/cpufreq/all_time_in_state] failed to open file\
2022-12-01 23:08:18.515 402-402/? W/incidentd: setSectionStats not called for section 2004\
2022-12-01 23:08:18.515 402-402/? D/incidentd: Finish incident report section 2004 'file /sys/devices/system/cpu/cpufreq/all_time_in_state'\
2022-12-01 23:08:18.515 402-402/? D/incidentd: Start incident report section 2005 'cmd ps -A -T -Z -O pri,nice,rtprio,sched,pcy,time'\
2022-12-01 23:08:18.515 16600-16606/? D/incident: section 2003 status 2\
2022-12-01 23:08:18.515 16600-16606/? D/incident: section 2004 status 1\
2022-12-01 23:08:18.515 16600-16606/? D/incident: section 2004 status 2\
2022-12-01 23:08:18.515 16600-16606/? D/incident: section 2005 status 1\
2022-12-01 23:08:18.695 7387-7518/? D/BluetoothAdapter: isLeEnabled(): ON\
2022-12-01 23:08:18.773 8233-8233/? I/FallbackOnDeviceRecognizerModule: FallbackOnDeviceRecognizerModule.dump():36 dump()\
2022-12-01 23:08:18.774 8233-8233/? I/Environment: Environment.isPackageInstalled():311 com.bitstrips.imoji is not installed\
2022-12-01 23:08:18.775 8233-8233/? I/OnDeviceDictationPerformanceEvaluationModule: OnDeviceDictationPerformanceEvaluationModule.dump():104 dump()\
2022-12-01 23:08:18.817 8233-8233/? I/putmethod.lati: Explicit concurrent copying GC freed 29280(1390KB) AllocSpace objects, 4(68KB) LOS objects, 24% free, 6175KB/8234KB, paused 5us,3us total 9.137ms\
2022-12-01 23:08:18.870 7537-7537/? I/Finsky: [2] DumpSysContentProvider.dump(1): Triggered to dump debug info.\
2022-12-01 23:08:18.873 7537-7537/? I/Finsky: [2] DumpSysContentProvider.dump(3): Attempting to dump debug info.\
2022-12-01 23:08:18.915 7537-7537/? I/Finsky: [2] nne.F(5): Successfully completed dumping debug info.\
2022-12-01 23:08:18.955 7387-7387/? I/DebugStateProvider: No Finder use case is enabled. [CONTEXT service_id=284 ]\
2022-12-01 23:08:18.980 8862-8862/? W/Icing: Record file /data/user/0/com.google.android.gms/files/AppDataSearch/main/query-record-log.tmp not found, ignoring\
2022-12-01 23:08:19.109 8345-8345/? I/PCP.ImplV0: on dump start\
2022-12-01 23:08:19.110 8345-8345/? I/PCP.MediaManager: Dumping pcp media manager events\
2022-12-01 23:08:19.114 8345-8374/? I/A: [null\
    , GlobalData\
    , next_alarm_trigger_time: 9223372036854775807 | \
    ]\
2022-12-01 23:08:19.114 8345-8370/? I/A: [AccountId\{id=2\}\
    , SharedProactiveData\
    , ClientProactiveData\
    , LastClientDataQuery\
    ]\
2022-12-01 23:08:19.131 8345-8379/? W/AmbientOptInHelper: no case for handling featuretype:1\
2022-12-01 23:08:19.132 8345-8379/? W/AmbientOptInHelper: no case for handling featuretype:34\
2022-12-01 23:08:19.132 8345-8379/? W/AmbientOptInHelper: no case for handling featuretype:35\
2022-12-01 23:08:19.151 8345-8345/? E/earchbox:searc: Resource 7f030000 is a complex map type.\
2022-12-01 23:08:19.151 8345-8345/? E/earchbox:searc: Resource 7f030015 is a complex map type.\
2022-12-01 23:08:19.151 8345-8345/? E/earchbox:searc: Resource 7f030016 is a complex map type.\
2022-12-01 23:08:19.151 8345-8345/? E/earchbox:searc: Resource 7f030017 is a complex map type.\
2022-12-01 23:08:19.151 8345-8345/? E/earchbox:searc: Resource 7f03001f is a complex map type.\
2022-12-01 23:08:19.151 8345-8345/? E/earchbox:searc: Resource 7f030020 is a complex map type.\
2022-12-01 23:08:19.151 8345-8345/? E/earchbox:searc: Resource 7f030023 is a complex map type.\
2022-12-01 23:08:19.151 8345-8345/? E/earchbox:searc: Resource 7f03002c is a complex map type.\
2022-12-01 23:08:19.151 8345-8345/? E/earchbox:searc: Resource 7f030032 is a complex map type.\
2022-12-01 23:08:19.151 8345-8345/? E/earchbox:searc: Resource 7f030033 is a complex map type.\
2022-12-01 23:08:19.151 8345-8345/? E/earchbox:searc: Resource 7f030038 is a complex map type.\
2022-12-01 23:08:19.159 8345-8345/? I/MicroDataManager: Location for model with model type: 2 and locale: en-US, is : https://www.gstatic.com/android-search/hotword/x_google/0b06a49fe5a853c080ada268feeb6882/hotword.data\
2022-12-01 23:08:19.267 16386-16386/? D/dumpstate: Adding dir /linkerconfig (recursive: 1)\
2022-12-01 23:08:19.272 16386-16386/? D/dumpstate: Adding dir /sys/fs/cgroup (recursive: 1)\
2022-12-01 23:08:20.639 402-402/? D/incidentd: Finish incident report section 2005 'cmd ps -A -T -Z -O pri,nice,rtprio,sched,pcy,time'\
2022-12-01 23:08:20.639 402-402/? D/incidentd: Start incident report section 2006 'file /sys/class/power_supply/bms/battery_type'\
2022-12-01 23:08:20.639 16600-17609/? D/incident: section 2005 status 2\
2022-12-01 23:08:20.639 16600-17609/? D/incident: section 2006 status 1\
2022-12-01 23:08:20.639 402-402/? W/incidentd: [file /sys/class/power_supply/bms/battery_type] failed to open file\
2022-12-01 23:08:20.639 402-402/? W/incidentd: setSectionStats not called for section 2006\
2022-12-01 23:08:20.639 402-402/? D/incidentd: Finish incident report section 2006 'file /sys/class/power_supply/bms/battery_type'\
2022-12-01 23:08:20.639 402-402/? D/incidentd: Start incident report section 2007 'gzip /sys/fs/pstore/console-ramoops /sys/fs/pstore/console-ramoops-0 /proc/last_kmsg'\
2022-12-01 23:08:20.639 16600-17609/? D/incident: section 2006 status 2\
2022-12-01 23:08:20.641 16600-16603/? D/incident: section 2007 status 1\
2022-12-01 23:08:20.641 402-402/? W/incidentd: GZipSection failed to open file /sys/fs/pstore/console-ramoops\
2022-12-01 23:08:20.641 402-402/? W/incidentd: GZipSection failed to open file /sys/fs/pstore/console-ramoops-0\
2022-12-01 23:08:20.641 402-402/? W/incidentd: GZipSection failed to open file /proc/last_kmsg\
2022-12-01 23:08:20.641 402-402/? W/incidentd: [gzip /sys/fs/pstore/console-ramoops /sys/fs/pstore/console-ramoops-0 /proc/last_kmsg] can't open all the files\
2022-12-01 23:08:20.641 402-402/? W/incidentd: setSectionStats not called for section 2007\
2022-12-01 23:08:20.641 402-402/? D/incidentd: Finish incident report section 2007 'gzip /sys/fs/pstore/console-ramoops /sys/fs/pstore/console-ramoops-0 /proc/last_kmsg'\
2022-12-01 23:08:20.641 402-402/? D/incidentd: Start incident report section 3000 'dumpsys fingerprint --proto --incident'\
2022-12-01 23:08:20.641 16600-16603/? D/incident: section 2007 status 2\
2022-12-01 23:08:20.641 16600-16603/? D/incident: section 3000 status 1\
2022-12-01 23:08:20.636 402-402/? W/Binder:402_2: type=1400 audit(0.0:6844): avc: denied \{ search \} for name="/" dev="pstore" ino=16055 scontext=u:r:incidentd:s0 tcontext=u:object_r:pstorefs:s0 tclass=dir permissive=0\
2022-12-01 23:08:20.636 402-402/? W/Binder:402_2: type=1400 audit(0.0:6845): avc: denied \{ search \} for name="/" dev="pstore" ino=16055 scontext=u:r:incidentd:s0 tcontext=u:object_r:pstorefs:s0 tclass=dir permissive=0\
2022-12-01 23:08:20.646 402-402/? D/incidentd: Finish incident report section 3000 'dumpsys fingerprint --proto --incident'\
2022-12-01 23:08:20.646 402-402/? D/incidentd: Start incident report section 3001 'dumpsys netstats --proto'\
2022-12-01 23:08:20.646 16600-17609/? D/incident: section 3000 status 2\
2022-12-01 23:08:20.646 16600-17609/? D/incident: section 3001 status 1\
2022-12-01 23:08:20.652 402-402/? D/incidentd: Finish incident report section 3001 'dumpsys netstats --proto'\
2022-12-01 23:08:20.652 402-402/? D/incidentd: Start incident report section 3002 'dumpsys settings --proto'\
2022-12-01 23:08:20.652 16600-16603/? D/incident: section 3001 status 2\
2022-12-01 23:08:20.652 16600-16603/? D/incident: section 3002 status 1\
2022-12-01 23:08:20.658 402-402/? D/incidentd: Finish incident report section 3002 'dumpsys settings --proto'\
2022-12-01 23:08:20.658 402-402/? D/incidentd: Start incident report section 3004 'dumpsys notification --proto'\
2022-12-01 23:08:20.658 16600-17609/? D/incident: section 3002 status 2\
2022-12-01 23:08:20.658 16600-17609/? D/incident: section 3004 status 1\
2022-12-01 23:08:20.662 402-402/? D/incidentd: Finish incident report section 3004 'dumpsys notification --proto'\
2022-12-01 23:08:20.662 402-402/? D/incidentd: Start incident report section 3005 'dumpsys batterystats --proto'\
2022-12-01 23:08:20.662 16600-16603/? D/incident: section 3004 status 2\
2022-12-01 23:08:20.662 16600-16603/? D/incident: section 3005 status 1\
2022-12-01 23:08:20.683 512-545/? D/TelephonyManager: requestModemActivityInfo: Sending result to app: ModemActivityInfo\{ mTimestamp=3724625 mSleepTimeMs=0 mIdleTimeMs=3715624 mTxTimeMs[]=[0, 0, 0, 0, 0] mRxTimeMs=0\}\
2022-12-01 23:08:20.680 190-190/? W/Binder:190_2: type=1400 audit(0.0:6846): avc: denied \{ read \} for name="wakeup4" dev="sysfs" ino=18252 scontext=u:r:system_suspend:s0 tcontext=u:object_r:sysfs:s0 tclass=dir permissive=0\
2022-12-01 23:08:20.684 190-190/? W/Binder:190_2: type=1400 audit(0.0:6847): avc: denied \{ read \} for name="wakeup2" dev="sysfs" ino=17379 scontext=u:r:system_suspend:s0 tcontext=u:object_r:sysfs:s0 tclass=dir permissive=0\
2022-12-01 23:08:20.684 190-190/? W/Binder:190_2: type=1400 audit(0.0:6848): avc: denied \{ read \} for name="wakeup0" dev="sysfs" ino=14282 scontext=u:r:system_suspend:s0 tcontext=u:object_r:sysfs:s0 tclass=dir permissive=0\
2022-12-01 23:08:20.687 190-198/? E/android.system.suspend@1.0-service: Error opening kernel wakelock stats for: wakeup4: Permission denied\
2022-12-01 23:08:20.687 190-198/? E/android.system.suspend@1.0-service: Error opening kernel wakelock stats for: wakeup2: Permission denied\
2022-12-01 23:08:20.688 190-198/? E/android.system.suspend@1.0-service: Error opening kernel wakelock stats for: wakeup0: Permission denied\
2022-12-01 23:08:20.689 190-198/? E/android.system.suspend@1.0-service: Error opening kernel wakelock stats for: wakeup5: Permission denied\
2022-12-01 23:08:20.689 190-198/? E/android.system.suspend@1.0-service: Error opening kernel wakelock stats for: wakeup3: Permission denied\
2022-12-01 23:08:20.689 190-198/? E/android.system.suspend@1.0-service: Error opening kernel wakelock stats for: wakeup1: Permission denied\
2022-12-01 23:08:20.730 176-176/? I/servicemanager: Since 'apexservice' could not be found, trying to start it as a lazy AIDL service\
2022-12-01 23:08:20.741 16600-17609/? D/incident: section 3005 status 2\
2022-12-01 23:08:20.741 402-402/? D/incidentd: Finish incident report section 3005 'dumpsys batterystats --proto'\
2022-12-01 23:08:20.741 402-402/? D/incidentd: Start incident report section 3006 'dumpsys battery --proto'\
2022-12-01 23:08:20.741 16600-17609/? D/incident: section 3006 status 1\
2022-12-01 23:08:20.741 402-402/? D/incidentd: Finish incident report section 3006 'dumpsys battery --proto'\
2022-12-01 23:08:20.741 402-402/? D/incidentd: Start incident report section 3007 'dumpsys diskstats --proto'\
2022-12-01 23:08:20.741 16600-17609/? D/incident: section 3006 status 2\
2022-12-01 23:08:20.741 16600-17609/? D/incident: section 3007 status 1\
2022-12-01 23:08:20.745 512-1554/? W/DiskStatsService: exception reading diskstats cache file\
    java.io.FileNotFoundException: /data/system/diskstats_cache.json: open failed: ENOENT (No such file or directory)\
        at libcore.io.IoBridge.open(IoBridge.java:575)\
        at libcore.io.IoUtils$FileReader.<init>(IoUtils.java:388)\
        at libcore.io.IoUtils.readFileAsString(IoUtils.java:301)\
        at com.android.server.DiskStatsService.reportCachedValuesProto(DiskStatsService.java:246)\
        at com.android.server.DiskStatsService.dump(DiskStatsService.java:147)\
        at android.os.Binder.doDump(Binder.java:887)\
        at android.os.Binder.dump(Binder.java:877)\
        at android.os.Binder.onTransact(Binder.java:813)\
        at android.os.Binder.execTransactInternal(Binder.java:1184)\
        at android.os.Binder.execTransact(Binder.java:1143)\
     Caused by: android.system.ErrnoException: open failed: ENOENT (No such file or directory)\
        at libcore.io.Linux.open(Native Method)\
        at libcore.io.ForwardingOs.open(ForwardingOs.java:567)\
        at libcore.io.BlockGuardOs.open(BlockGuardOs.java:273)\
        at libcore.io.IoBridge.open(IoBridge.java:561)\
        at libcore.io.IoUtils$FileReader.<init>(IoUtils.java:388)\'a0\
        at libcore.io.IoUtils.readFileAsString(IoUtils.java:301)\'a0\
