2022-12-01 22:50:00.073 758-832/? D/EGL_emulation: app_time_stats: avg=28003.68ms min=28003.68ms max=28003.68ms count=1\
2022-12-01 22:50:05.076 10146-10220/? I/flutter: invokeApi Start HttpMethod.GET https://api2.mymarket.ge/app/ru/user/lastsync\
2022-12-01 22:50:08.511 512-3889/? D/ConnectivityService: requestNetwork for uid/pid:10125/6079 activeRequest: null callbackRequest: 232 [NetworkRequest [ REQUEST id=233, [ Capabilities: INTERNET&NOT_RESTRICTED&TRUSTED&NOT_VCN_MANAGED Uid: 10125 RequestorUid: 10125 RequestorPkg: com.google.android.apps.photos] ]] callback flags: 0 priority: 2147483647\
2022-12-01 22:50:08.512 512-707/? D/ConnectivityService: NetReassign [233 : null 
\f1 \uc0\u8594 
\f0  100]\
2022-12-01 22:50:08.513 512-700/? D/WifiNetworkFactory: got request NetworkRequest [ REQUEST id=233, [ Capabilities: INTERNET&NOT_RESTRICTED&TRUSTED&NOT_VCN_MANAGED Uid: 10125 RequestorUid: 10125 RequestorPkg: com.google.android.apps.photos] ]\
2022-12-01 22:50:08.514 512-700/? D/UntrustedWifiNetworkFactory: got request NetworkRequest [ REQUEST id=233, [ Capabilities: INTERNET&NOT_RESTRICTED&TRUSTED&NOT_VCN_MANAGED Uid: 10125 RequestorUid: 10125 RequestorPkg: com.google.android.apps.photos] ]\
2022-12-01 22:50:08.514 512-700/? D/OemPaidWifiNetworkFactory: got request NetworkRequest [ REQUEST id=233, [ Capabilities: INTERNET&NOT_RESTRICTED&TRUSTED&NOT_VCN_MANAGED Uid: 10125 RequestorUid: 10125 RequestorPkg: com.google.android.apps.photos] ]\
2022-12-01 22:50:11.245 10146-10171/? D/TransportRuntime.CctTransportBackend: Making request to: https://firebaselogging-pa.googleapis.com/v1/firelog/legacy/batchlog\
2022-12-01 22:50:12.090 758-832/? D/EGL_emulation: app_time_stats: avg=12016.57ms min=12016.57ms max=12016.57ms count=1\
2022-12-01 22:50:13.398 10146-10171/? I/TransportRuntime.CctTransportBackend: Status Code: 200\
2022-12-01 22:50:13.398 10146-10171/? I/TransportRuntime.CctTransportBackend: Content-Type: application/json; charset=UTF-8\
2022-12-01 22:50:13.398 10146-10171/? I/TransportRuntime.CctTransportBackend: Content-Encoding: gzip\
2022-12-01 22:50:15.087 10146-10220/? I/flutter: invokeApi Start HttpMethod.GET https://api2.mymarket.ge/app/ru/user/lastsync\
2022-12-01 22:50:25.054 10146-10220/? I/flutter: invokeApi Start HttpMethod.GET https://api2.mymarket.ge/app/ru/user/lastsync\
2022-12-01 22:50:33.246 348-348/? E/android.hardware.power.stats@1.0-service-mock: Failed to getEnergyData\
2022-12-01 22:50:35.079 10146-10220/? I/flutter: invokeApi Start HttpMethod.GET https://api2.mymarket.ge/app/ru/user/lastsync\
2022-12-01 22:50:45.057 10146-10220/? I/flutter: invokeApi Start HttpMethod.GET https://api2.mymarket.ge/app/ru/user/lastsync\
2022-12-01 22:50:52.123 758-832/? D/EGL_emulation: app_time_stats: avg=40033.24ms min=40033.24ms max=40033.24ms count=1\
2022-12-01 22:50:55.080 10146-10220/? I/flutter: invokeApi Start HttpMethod.GET https://api2.mymarket.ge/app/ru/user/lastsync\
2022-12-01 22:51:00.059 758-832/? D/EGL_emulation: app_time_stats: avg=7936.03ms min=7936.03ms max=7936.03ms count=1\
2022-12-01 22:51:05.057 10146-10220/? I/flutter: invokeApi Start HttpMethod.GET https://api2.mymarket.ge/app/ru/user/lastsync\
2022-12-01 22:51:08.421 512-3498/? D/WifiNl80211Manager: Scan result ready event\
2022-12-01 22:51:08.422 512-3498/? D/WifiNative: Scan result ready event\
2022-12-01 22:51:15.088 10146-10220/? I/flutter: invokeApi Start HttpMethod.GET https://api2.mymarket.ge/app/ru/user/lastsync\
2022-12-01 22:51:25.078 10146-10220/? I/flutter: invokeApi Start HttpMethod.GET https://api2.mymarket.ge/app/ru/user/lastsync\
2022-12-01 22:51:30.769 176-176/? I/servicemanager: Since 'apexservice' could not be found, trying to start it as a lazy AIDL service\
2022-12-01 22:51:30.840 176-176/? I/BpBinder: onLastStrongRef automatically unlinking death recipients: <uncached descriptor>\
2022-12-01 22:51:30.840 176-176/? I/servicemanager: Tried to unregister apexservice, but there is about to be a client.\
2022-12-01 22:51:32.804 176-176/? I/servicemanager: Notifying apexservice they have clients: 1\
2022-12-01 22:51:35.074 10146-10220/? I/flutter: invokeApi Start HttpMethod.GET https://api2.mymarket.ge/app/ru/user/lastsync\
2022-12-01 22:51:45.090 10146-10220/? I/flutter: invokeApi Start HttpMethod.GET https://api2.mymarket.ge/app/ru/user/lastsync\
2022-12-01 22:51:55.081 10146-10220/? I/flutter: invokeApi Start HttpMethod.GET https://api2.mymarket.ge/app/ru/user/lastsync\
2022-12-01 22:52:00.066 758-832/? D/EGL_emulation: app_time_stats: avg=60006.41ms min=60006.41ms max=60006.41ms count=1\
2022-12-01 22:52:05.081 10146-10220/? I/flutter: invokeApi Start HttpMethod.GET https://api2.mymarket.ge/app/ru/user/lastsync\
2022-12-01 22:52:10.849 512-523/? W/System: A resource failed to call close. \
2022-12-01 22:52:12.806 176-176/? I/servicemanager: Notifying apexservice they have clients: 0\
2022-12-01 22:52:12.809 176-176/? I/BpBinder: onLastStrongRef automatically unlinking death recipients: <uncached descriptor>\
2022-12-01 22:52:15.085 10146-10220/? I/flutter: invokeApi Start HttpMethod.GET https://api2.mymarket.ge/app/ru/user/lastsync\
2022-12-01 22:52:20.748 176-176/? I/servicemanager: Since 'apexservice' could not be found, trying to start it as a lazy AIDL service\
2022-12-01 22:52:20.765 176-176/? I/BpBinder: onLastStrongRef automatically unlinking death recipients: <uncached descriptor>\
2022-12-01 22:52:20.765 176-176/? I/servicemanager: Tried to unregister apexservice, but there is about to be a client.\
2022-12-01 22:52:22.805 176-176/? I/servicemanager: Notifying apexservice they have clients: 1\
2022-12-01 22:52:25.088 10146-10220/? I/flutter: invokeApi Start HttpMethod.GET https://api2.mymarket.ge/app/ru/user/lastsync\
2022-12-01 22:52:32.123 758-832/? D/EGL_emulation: app_time_stats: avg=32057.01ms min=32057.01ms max=32057.01ms count=1\
2022-12-01 22:52:33.247 348-348/? E/android.hardware.power.stats@1.0-service-mock: Failed to getEnergyData\
2022-12-01 22:52:35.056 10146-10220/? I/flutter: invokeApi Start HttpMethod.GET https://api2.mymarket.ge/app/ru/user/lastsync\
2022-12-01 22:52:45.079 10146-10220/? I/flutter: invokeApi Start HttpMethod.GET https://api2.mymarket.ge/app/ru/user/lastsync\
2022-12-01 22:52:55.060 10146-10220/? I/flutter: invokeApi Start HttpMethod.GET https://api2.mymarket.ge/app/ru/user/lastsync\
2022-12-01 22:53:00.049 758-832/? D/EGL_emulation: app_time_stats: avg=27925.72ms min=27925.72ms max=27925.72ms count=1\
2022-12-01 22:53:04.893 758-839/? D/ControlsListingControllerImpl: Subscribing callback, service count: 0\
2022-12-01 22:53:04.899 758-839/? D/ControlsListingControllerImpl: Unsubscribing callback\
2022-12-01 22:53:05.076 10146-10220/? I/flutter: invokeApi Start HttpMethod.GET https://api2.mymarket.ge/app/ru/user/lastsync\
2022-12-01 22:53:12.136 758-832/? D/EGL_emulation: app_time_stats: avg=12086.87ms min=12086.87ms max=12086.87ms count=1\
2022-12-01 22:53:15.076 10146-10220/? I/flutter: invokeApi Start HttpMethod.GET https://api2.mymarket.ge/app/ru/user/lastsync\
2022-12-01 22:53:25.074 10146-10220/? I/flutter: invokeApi Start HttpMethod.GET https://api2.mymarket.ge/app/ru/user/lastsync\
2022-12-01 22:53:35.057 10146-10220/? I/flutter: invokeApi Start HttpMethod.GET https://api2.mymarket.ge/app/ru/user/lastsync\
2022-12-01 22:53:45.073 10146-10220/? I/flutter: invokeApi Start HttpMethod.GET https://api2.mymarket.ge/app/ru/user/lastsync\
2022-12-01 22:53:47.004 512-612/? W/libprocessgroup: Failed to open /sys/fs/cgroup/./frozen/cgroup.procs: No such file or directory\
2022-12-01 22:53:47.004 512-612/? W/libprocessgroup: Failed to apply Frozen process profile: No such file or directory\
2022-12-01 22:53:47.004 512-612/? D/ActivityManager: froze 11163 com.android.traceur\
2022-12-01 22:53:52.138 758-832/? D/EGL_emulation: app_time_stats: avg=40001.77ms min=40001.77ms max=40001.77ms count=1\
2022-12-01 22:53:55.084 10146-10220/? I/flutter: invokeApi Start HttpMethod.GET https://api2.mymarket.ge/app/ru/user/lastsync\
2022-12-01 22:53:55.105 7387-12859/? I/NetworkScheduler.Stats: Task com.google.android.gms/com.google.android.gms.checkin.CheckinService started execution. cause:4 exec_start_elapsed_seconds: 2859 [CONTEXT service_id=218 ]\
2022-12-01 22:53:55.108 7387-15231/? I/NetworkScheduler.Stats: Task com.google.android.gms/com.google.android.gms.checkin.CheckinService finished executing. cause:4 result: 3 elapsed_millis: 31 uptime_millis: 31 exec_start_elapsed_seconds: 2859 [CONTEXT service_id=218 ]\
2022-12-01 22:53:55.123 3350-3350/? I/SetupWizard: [bsu] [logReason:Get Notification Priority, UserDismissed: false, PersonalizationComplete: false, DPEnable: false, DPExisted: false, DPComplete: false, DAHPActions: 2, DAMPActions:3 , DAPAReason:Just a few more steps]\
2022-12-01 22:53:55.131 7387-15231/? I/NetworkScheduler.Stats: Task com.google.android.gms/com.google.android.gms.tapandpay.gcmtask.TapAndPayGcmTaskService started execution. cause:4 exec_start_elapsed_seconds: 2859 [CONTEXT service_id=218 ]\
2022-12-01 22:53:55.134 7387-15519/? W/TapAndPay: NfcAdapter is null while obtaining CardEmulation instance. [CONTEXT service_id=79 ]\
    java.lang.NullPointerException: NfcAdapter is null\
        at android.nfc.cardemulation.CardEmulation.getInstance(CardEmulation.java:150)\
        at bwft.<init>(:com.google.android.gms@224517044@22.45.17 (190400-490120723):0)\
        at com.google.android.gms.tapandpay.hce.task.TapAndPayAidRegistrationTaskOperation.a(:com.google.android.gms@224517044@22.45.17 (190400-490120723):5)\
        at com.google.android.gms.tapandpay.gcmtask.TapAndPayGcmTaskChimeraService.a(:com.google.android.gms@224517044@22.45.17 (190400-490120723):4)\
        at asbr.call(:com.google.android.gms@224517044@22.45.17 (190400-490120723):4)\
        at java.util.concurrent.FutureTask.run(FutureTask.java:266)\
        at aaed.c(:com.google.android.gms@224517044@22.45.17 (190400-490120723):6)\
        at aaed.run(:com.google.android.gms@224517044@22.45.17 (190400-490120723):7)\
        at java.util.concurrent.ThreadPoolExecutor.runWorker(ThreadPoolExecutor.java:1167)\
        at java.util.concurrent.ThreadPoolExecutor$Worker.run(ThreadPoolExecutor.java:641)\
        at aajh.run(:com.google.android.gms@224517044@22.45.17 (190400-490120723):0)\
        at java.lang.Thread.run(Thread.java:920)\
2022-12-01 22:53:55.136 3350-3350/? I/SetupWizard: [DeferredSetupNotificationSchedulerService] Deferred notification scheduled at Thu Dec 01 22:07:12 GMT+03:00 2022\
2022-12-01 22:53:55.141 7387-15231/? I/NetworkScheduler.Stats: Task com.google.android.gms/com.google.android.gms.tapandpay.gcmtask.TapAndPayGcmTaskService finished executing. cause:4 result: 3 elapsed_millis: 45 uptime_millis: 45 exec_start_elapsed_seconds: 2859 [CONTEXT service_id=218 ]\
2022-12-01 22:53:55.142 3350-3350/? I/SetupWizard: [bsu] [logReason:Get Notification Priority, UserDismissed: false, PersonalizationComplete: false, DPEnable: false, DPExisted: false, DPComplete: false, DAHPActions: 2, DAMPActions:3 , DAPAReason:Just a few more steps]\
2022-12-01 22:53:55.146 3350-3350/? I/SetupWizard: [SetupNotificationService] RegisterNotification:4\
2022-12-01 22:53:55.146 3350-3350/? I/SetupWizard: [SetupNotificationService] updateStatus notificationType = 4\
2022-12-01 22:53:55.157 3350-3350/? I/SetupWizard: [SetupNotificationService] updateStatus portalNow(false)\
2022-12-01 22:53:55.157 3350-3350/? I/SetupWizard: [DeferredSetupNotificationSchedulerService] Register deferred notification succeed.\
2022-12-01 22:53:55.182 758-758/? D/InterruptionStateProvider: No bubble up: not allowed to bubble: 0|com.google.android.setupwizard|9|null|10097\
2022-12-01 22:53:55.183 758-758/? D/InterruptionStateProvider: No heads up: unimportant notification: 0|com.google.android.setupwizard|9|null|10097\
2022-12-01 22:53:55.191 758-839/? D/PeopleSpaceWidgetMgr: Sbn doesn't contain valid PeopleTileKey: null/0/com.google.android.setupwizard\
2022-12-01 22:53:55.212 758-832/? D/EGL_emulation: app_time_stats: avg=3073.66ms min=3073.66ms max=3073.66ms count=1\
2022-12-01 22:53:58.342 512-612/? W/libprocessgroup: Failed to open /sys/fs/cgroup/./frozen/cgroup.procs: No such file or directory\
2022-12-01 22:53:58.342 512-612/? W/libprocessgroup: Failed to apply Frozen process profile: No such file or directory\
2022-12-01 22:53:58.342 512-612/? D/ActivityManager: froze 9973 com.example.myapplication\
2022-12-01 22:53:58.343 512-612/? W/libprocessgroup: Failed to open /sys/fs/cgroup/./frozen/cgroup.procs: No such file or directory\
2022-12-01 22:53:58.343 512-612/? W/libprocessgroup: Failed to apply Frozen process profile: No such file or directory\
2022-12-01 22:53:58.343 512-612/? D/ActivityManager: froze 10041 android.process.acore\
2022-12-01 22:53:58.345 512-612/? W/libprocessgroup: Failed to open /sys/fs/cgroup/./frozen/cgroup.procs: No such file or directory\
2022-12-01 22:53:58.345 512-612/? W/libprocessgroup: Failed to apply Frozen process profile: No such file or directory\
2022-12-01 22:53:58.345 512-612/? D/ActivityManager: froze 9727 com.google.android.googlequicksearchbox\
2022-12-01 22:54:00.049 758-832/? D/EGL_emulation: app_time_stats: avg=4837.73ms min=4837.73ms max=4837.73ms count=1\
2022-12-01 22:54:04.362 359-359/? I/android.hardware.vibrator-service.example: Vibrator perform\
2022-12-01 22:54:04.363 359-15524/? I/android.hardware.vibrator-service.example: Starting perform on another thread\
2022-12-01 22:54:04.371 758-832/? D/EGL_emulation: app_time_stats: avg=39623.39ms min=11.09ms max=277204.88ms count=7\
2022-12-01 22:54:04.495 359-15524/? I/android.hardware.vibrator-service.example: Notifying perform complete\
2022-12-01 22:54:04.497 359-359/? I/android.hardware.vibrator-service.example: Vibrator off\
2022-12-01 22:54:04.501 359-359/? I/android.hardware.vibrator-service.example: Vibrator perform\
2022-12-01 22:54:04.501 359-15527/? I/android.hardware.vibrator-service.example: Starting perform on another thread\
2022-12-01 22:54:04.514 512-549/? I/ActivityTaskManager: START u0 \{act=android.intent.action.MAIN cat=[android.intent.category.HOME] flg=0x10000100 cmp=com.google.android.apps.nexuslauncher/.NexusLauncherActivity (has extras)\} from uid 0\
2022-12-01 22:54:04.529 758-758/? V/ShadeControllerImpl: NotificationShadeWindow: com.android.systemui.statusbar.phone.NotificationShadeWindowView\{f070360 I.E...... ......ID 0,0-1080,2280\} canPanelBeCollapsed(): false\
2022-12-01 22:54:04.570 8345-8345/? I/A: onApplyWindowInsets: systemWindowInsets=Insets\{left=0, top=66, right=0, bottom=132\}\
2022-12-01 22:54:04.572 8345-8345/? I/A: onApplyWindowInsets: systemWindowInsets=Insets\{left=0, top=66, right=0, bottom=132\}\
2022-12-01 22:54:04.574 512-1961/? W/ActivityManager: Unable to start service Intent \{ act=android.service.smartspace.SmartspaceService cmp=com.google.android.as/com.google.android.apps.miphone.aiai.app.AiAiSmartspaceService \} U=0: not found\
2022-12-01 22:54:04.577 338-405/? D/goldfish-address-space: claimShared: Ask to claim region [0x1f14a4000 0x1f1e0c000]\
2022-12-01 22:54:04.579 512-1961/? W/RemoteSmartspaceService: could not bind to Intent \{ act=android.service.smartspace.SmartspaceService cmp=com.google.android.as/com.google.android.apps.miphone.aiai.app.AiAiSmartspaceService \} using flags 67112961\
2022-12-01 22:54:04.580 338-405/? D/goldfish-address-space: claimShared: Ask to claim region [0x1f1e0c000 0x1f2774000]\
2022-12-01 22:54:04.581 338-338/? D/goldfish-address-space: claimShared: Ask to claim region [0x1f0000000 0x1f0968000]\
2022-12-01 22:54:04.582 338-338/? D/goldfish-address-space: claimShared: Ask to claim region [0x1f7510000 0x1f7e78000]\
2022-12-01 22:54:04.586 512-512/? W/ActivityManager: Unbind failed: could not find connection for android.app.LoadedApk$ServiceDispatcher$InnerConnection@e513302\
2022-12-01 22:54:04.587 338-338/? D/goldfish-address-space: claimShared: Ask to claim region [0x1f52d4000 0x1f5c3c000]\
2022-12-01 22:54:04.597 758-758/? V/ShadeControllerImpl: NotificationShadeWindow: com.android.systemui.statusbar.phone.NotificationShadeWindowView\{f070360 I.E...... ......ID 0,0-1080,2280\} canPanelBeCollapsed(): false\
2022-12-01 22:54:04.598 338-338/? D/goldfish-address-space: claimShared: Ask to claim region [0x1f5c3c000 0x1f65a4000]\
2022-12-01 22:54:04.601 359-15527/? I/android.hardware.vibrator-service.example: Notifying perform complete\
2022-12-01 22:54:04.603 359-359/? I/android.hardware.vibrator-service.example: Vibrator off\
2022-12-01 22:54:04.615 3363-3363/? I/GsaVoiceInteractionSrv: Handling ACTION_START_HOTWORD\
2022-12-01 22:54:04.616 3363-3363/? I/GsaVoiceInteractionSrv: disregardVoiceMatch: false\
2022-12-01 22:54:04.616 3363-3363/? I/GsaVoiceInteractionSrv: Cannot start hotword, hotword has been explicitly disabled.\
2022-12-01 22:54:04.629 6079-15281/? I/CCodecConfig: query failed after returning 12 values (BAD_INDEX)\
2022-12-01 22:54:04.631 6079-15281/? D/CCodecConfig: c2 config diff is   c2::u32 coded.vui.color.matrix = 1\
      c2::u32 coded.vui.color.primaries = 1\
      c2::u32 coded.vui.color.transfer = 3\
2022-12-01 22:54:04.634 6079-15281/? W/Codec2Client: query -- param skipped: index = 1342179345.\
2022-12-01 22:54:04.634 6079-15281/? W/Codec2Client: query -- param skipped: index = 2415921170.\
2022-12-01 22:54:04.634 6079-15281/? W/Codec2Client: query -- param skipped: index = 1610614798.\
2022-12-01 22:54:04.637 6079-15281/? D/SurfaceUtils: connecting to surface 0xb4000079a0c37540, reason connectToSurface\
2022-12-01 22:54:04.637 6079-15281/? I/MediaCodec: [c2.goldfish.h264.decoder] setting surface generation to 6224899\
2022-12-01 22:54:04.637 6079-15281/? D/SurfaceUtils: disconnecting from surface 0xb4000079a0c37540, reason connectToSurface(reconnect)\
2022-12-01 22:54:04.637 6079-15281/? D/SurfaceUtils: connecting to surface 0xb4000079a0c37540, reason connectToSurface(reconnect)\
2022-12-01 22:54:04.641 6079-15281/? D/Codec2-OutputBufferQueue: remote graphic buffer migration 0/0\
2022-12-01 22:54:04.641 6079-15281/? D/Codec2Client: setOutputSurface -- failed to set consumer usage (6/BAD_INDEX)\
2022-12-01 22:54:04.641 6079-15281/? D/Codec2Client: setOutputSurface -- generation=6224899 consumer usage=0x900\
2022-12-01 22:54:04.642 338-338/? D/goldfish-address-space: claimShared: Ask to claim region [0x1ebe78000 0x1ebeec000]\
2022-12-01 22:54:04.645 6079-15281/? E/BufferQueueProducer: [SurfaceView[com.google.android.apps.photos/com.google.android.apps.photos.home.HomeActivity]#6(BLAST Consumer)6](id:17bf00000007,api:3,p:6079,c:6079) detachBuffer: slot 0 is not owned by the producer (state = FREE)\
2022-12-01 22:54:04.645 6079-15281/? E/BufferQueueProducer: [SurfaceView[com.google.android.apps.photos/com.google.android.apps.photos.home.HomeActivity]#6(BLAST Consumer)6](id:17bf00000007,api:3,p:6079,c:6079) detachBuffer: slot 1 is not owned by the producer (state = FREE)\
2022-12-01 22:54:04.645 6079-15281/? E/BufferQueueProducer: [SurfaceView[com.google.android.apps.photos/com.google.android.apps.photos.home.HomeActivity]#6(BLAST Consumer)6](id:17bf00000007,api:3,p:6079,c:6079) detachBuffer: slot 2 is not owned by the producer (state = FREE)\
2022-12-01 22:54:04.645 6079-15281/? E/BufferQueueProducer: [SurfaceView[com.google.android.apps.photos/com.google.android.apps.photos.home.HomeActivity]#6(BLAST Consumer)6](id:17bf00000007,api:3,p:6079,c:6079) detachBuffer: slot 3 is not owned by the producer (state = FREE)\
2022-12-01 22:54:04.645 6079-15281/? E/BufferQueueProducer: [SurfaceView[com.google.android.apps.photos/com.google.android.apps.photos.home.HomeActivity]#6(BLAST Consumer)6](id:17bf00000007,api:3,p:6079,c:6079) detachBuffer: slot 4 is not owned by the producer (state = FREE)\
2022-12-01 22:54:04.646 6079-15281/? E/BufferQueueProducer: [SurfaceView[com.google.android.apps.photos/com.google.android.apps.photos.home.HomeActivity]#6(BLAST Consumer)6](id:17bf00000007,api:3,p:6079,c:6079) detachBuffer: slot 5 is not owned by the producer (state = ACQUIRED)\
2022-12-01 22:54:04.646 6079-15281/? E/BufferQueueProducer: [SurfaceView[com.google.android.apps.photos/com.google.android.apps.photos.home.HomeActivity]#6(BLAST Consumer)6](id:17bf00000007,api:3,p:6079,c:6079) detachBuffer: slot 6 is not owned by the producer (state = FREE)\
2022-12-01 22:54:04.646 6079-15281/? E/BufferQueueProducer: [SurfaceView[com.google.android.apps.photos/com.google.android.apps.photos.home.HomeActivity]#6(BLAST Consumer)6](id:17bf00000007,api:3,p:6079,c:6079) detachBuffer: slot 7 is not owned by the producer (state = FREE)\
2022-12-01 22:54:04.646 6079-15281/? E/BufferQueueProducer: [SurfaceView[com.google.android.apps.photos/com.google.android.apps.photos.home.HomeActivity]#6(BLAST Consumer)6](id:17bf00000007,api:3,p:6079,c:6079) detachBuffer: slot 8 is not owned by the producer (state = FREE)\
2022-12-01 22:54:04.646 6079-15281/? E/BufferQueueProducer: [SurfaceView[com.google.android.apps.photos/com.google.android.apps.photos.home.HomeActivity]#6(BLAST Consumer)6](id:17bf00000007,api:3,p:6079,c:6079) detachBuffer: slot 9 is not owned by the producer (state = FREE)\
2022-12-01 22:54:04.646 6079-15281/? E/BufferQueueProducer: [SurfaceView[com.google.android.apps.photos/com.google.android.apps.photos.home.HomeActivity]#6(BLAST Consumer)6](id:17bf00000007,api:3,p:6079,c:6079) detachBuffer: slot 10 is not owned by the producer (state = FREE)\
2022-12-01 22:54:04.646 6079-15281/? E/BufferQueueProducer: [SurfaceView[com.google.android.apps.photos/com.google.android.apps.photos.home.HomeActivity]#6(BLAST Consumer)6](id:17bf00000007,api:3,p:6079,c:6079) detachBuffer: slot 11 is not owned by the producer (state = FREE)\
2022-12-01 22:54:04.646 6079-15281/? E/BufferQueueProducer: [SurfaceView[com.google.android.apps.photos/com.google.android.apps.photos.home.HomeActivity]#6(BLAST Consumer)6](id:17bf00000007,api:3,p:6079,c:6079) detachBuffer: slot 12 is not owned by the producer (state = FREE)\
2022-12-01 22:54:04.646 6079-15281/? E/BufferQueueProducer: [SurfaceView[com.google.android.apps.photos/com.google.android.apps.photos.home.HomeActivity]#6(BLAST Consumer)6](id:17bf00000007,api:3,p:6079,c:6079) detachBuffer: slot 13 is not owned by the producer (state = FREE)\
2022-12-01 22:54:04.646 6079-15281/? E/BufferQueueProducer: [SurfaceView[com.google.android.apps.photos/com.google.android.apps.photos.home.HomeActivity]#6(BLAST Consumer)6](id:17bf00000007,api:3,p:6079,c:6079) detachBuffer: slot 14 is not owned by the producer (state = FREE)\
2022-12-01 22:54:04.646 6079-15281/? E/BufferQueueProducer: [SurfaceView[com.google.android.apps.photos/com.google.android.apps.photos.home.HomeActivity]#6(BLAST Consumer)6](id:17bf00000007,api:3,p:6079,c:6079) detachBuffer: slot 15 is not owned by the producer (state = FREE)\
2022-12-01 22:54:04.646 6079-15281/? E/BufferQueueProducer: [SurfaceView[com.google.android.apps.photos/com.google.android.apps.photos.home.HomeActivity]#6(BLAST Consumer)6](id:17bf00000007,api:3,p:6079,c:6079) detachBuffer: slot 16 is not owned by the producer (state = FREE)\
2022-12-01 22:54:04.646 6079-15281/? E/BufferQueueProducer: [SurfaceView[com.google.android.apps.photos/com.google.android.apps.photos.home.HomeActivity]#6(BLAST Consumer)6](id:17bf00000007,api:3,p:6079,c:6079) detachBuffer: slot 17 is not owned by the producer (state = FREE)\
2022-12-01 22:54:04.646 6079-15281/? E/BufferQueueProducer: [SurfaceView[com.google.android.apps.photos/com.google.android.apps.photos.home.HomeActivity]#6(BLAST Consumer)6](id:17bf00000007,api:3,p:6079,c:6079) detachBuffer: slot 18 is not owned by the producer (state = FREE)\
2022-12-01 22:54:04.646 6079-15281/? E/BufferQueueProducer: [SurfaceView[com.google.android.apps.photos/com.google.android.apps.photos.home.HomeActivity]#6(BLAST Consumer)6](id:17bf00000007,api:3,p:6079,c:6079) detachBuffer: slot 19 is not owned by the producer (state = FREE)\
2022-12-01 22:54:04.646 6079-15281/? E/BufferQueueProducer: [SurfaceView[com.google.android.apps.photos/com.google.android.apps.photos.home.HomeActivity]#6(BLAST Consumer)6](id:17bf00000007,api:3,p:6079,c:6079) detachBuffer: slot 20 is not owned by the producer (state = FREE)\
2022-12-01 22:54:04.646 6079-15281/? E/BufferQueueProducer: [SurfaceView[com.google.android.apps.photos/com.google.android.apps.photos.home.HomeActivity]#6(BLAST Consumer)6](id:17bf00000007,api:3,p:6079,c:6079) detachBuffer: slot 21 is not owned by the producer (state = FREE)\
2022-12-01 22:54:04.646 6079-15281/? E/BufferQueueProducer: [SurfaceView[com.google.android.apps.photos/com.google.android.apps.photos.home.HomeActivity]#6(BLAST Consumer)6](id:17bf00000007,api:3,p:6079,c:6079) detachBuffer: slot 22 is not owned by the producer (state = FREE)\
2022-12-01 22:54:04.646 6079-15281/? E/BufferQueueProducer: [SurfaceView[com.google.android.apps.photos/com.google.android.apps.photos.home.HomeActivity]#6(BLAST Consumer)6](id:17bf00000007,api:3,p:6079,c:6079) detachBuffer: slot 23 is not owned by the producer (state = FREE)\
2022-12-01 22:54:04.646 6079-15281/? E/BufferQueueProducer: [SurfaceView[com.google.android.apps.photos/com.google.android.apps.photos.home.HomeActivity]#6(BLAST Consumer)6](id:17bf00000007,api:3,p:6079,c:6079) detachBuffer: slot 24 is not owned by the producer (state = FREE)\
2022-12-01 22:54:04.646 6079-15281/? E/BufferQueueProducer: [SurfaceView[com.google.android.apps.photos/com.google.android.apps.photos.home.HomeActivity]#6(BLAST Consumer)6](id:17bf00000007,api:3,p:6079,c:6079) detachBuffer: slot 25 is not owned by the producer (state = FREE)\
2022-12-01 22:54:04.646 6079-15281/? E/BufferQueueProducer: [SurfaceView[com.google.android.apps.photos/com.google.android.apps.photos.home.HomeActivity]#6(BLAST Consumer)6](id:17bf00000007,api:3,p:6079,c:6079) detachBuffer: slot 26 is not owned by the producer (state = FREE)\
2022-12-01 22:54:04.646 6079-15281/? E/BufferQueueProducer: [SurfaceView[com.google.android.apps.photos/com.google.android.apps.photos.home.HomeActivity]#6(BLAST Consumer)6](id:17bf00000007,api:3,p:6079,c:6079) detachBuffer: slot 27 is not owned by the producer (state = FREE)\
2022-12-01 22:54:04.646 6079-15281/? E/BufferQueueProducer: [SurfaceView[com.google.android.apps.photos/com.google.android.apps.photos.home.HomeActivity]#6(BLAST Consumer)6](id:17bf00000007,api:3,p:6079,c:6079) detachBuffer: slot 28 is not owned by the producer (state = FREE)\
2022-12-01 22:54:04.646 6079-15281/? E/BufferQueueProducer: [SurfaceView[com.google.android.apps.photos/com.google.android.apps.photos.home.HomeActivity]#6(BLAST Consumer)6](id:17bf00000007,api:3,p:6079,c:6079) detachBuffer: slot 29 is not owned by the producer (state = FREE)\
2022-12-01 22:54:04.646 6079-15281/? E/BufferQueueProducer: [SurfaceView[com.google.android.apps.photos/com.google.android.apps.photos.home.HomeActivity]#6(BLAST Consumer)6](id:17bf00000007,api:3,p:6079,c:6079) detachBuffer: slot 30 is not owned by the producer (state = FREE)\
2022-12-01 22:54:04.646 6079-15281/? E/BufferQueueProducer: [SurfaceView[com.google.android.apps.photos/com.google.android.apps.photos.home.HomeActivity]#6(BLAST Consumer)6](id:17bf00000007,api:3,p:6079,c:6079) detachBuffer: slot 31 is not owned by the producer (state = FREE)\
2022-12-01 22:54:04.646 6079-15281/? E/BufferQueueProducer: [SurfaceView[com.google.android.apps.photos/com.google.android.apps.photos.home.HomeActivity]#6(BLAST Consumer)6](id:17bf00000007,api:3,p:6079,c:6079) detachBuffer: slot 32 is not owned by the producer (state = FREE)\
2022-12-01 22:54:04.647 6079-15281/? E/BufferQueueProducer: [SurfaceView[com.google.android.apps.photos/com.google.android.apps.photos.home.HomeActivity]#6(BLAST Consumer)6](id:17bf00000007,api:3,p:6079,c:6079) detachBuffer: slot 33 is not owned by the producer (state = FREE)\
2022-12-01 22:54:04.647 6079-15281/? E/BufferQueueProducer: [SurfaceView[com.google.android.apps.photos/com.google.android.apps.photos.home.HomeActivity]#6(BLAST Consumer)6](id:17bf00000007,api:3,p:6079,c:6079) detachBuffer: slot 34 is not owned by the producer (state = FREE)\
2022-12-01 22:54:04.647 6079-15281/? E/BufferQueueProducer: [SurfaceView[com.google.android.apps.photos/com.google.android.apps.photos.home.HomeActivity]#6(BLAST Consumer)6](id:17bf00000007,api:3,p:6079,c:6079) detachBuffer: slot 35 is not owned by the producer (state = FREE)\
2022-12-01 22:54:04.647 6079-15281/? E/BufferQueueProducer: [SurfaceView[com.google.android.apps.photos/com.google.android.apps.photos.home.HomeActivity]#6(BLAST Consumer)6](id:17bf00000007,api:3,p:6079,c:6079) detachBuffer: slot 36 is not owned by the producer (state = FREE)\
2022-12-01 22:54:04.647 6079-15281/? E/BufferQueueProducer: [SurfaceView[com.google.android.apps.photos/com.google.android.apps.photos.home.HomeActivity]#6(BLAST Consumer)6](id:17bf00000007,api:3,p:6079,c:6079) detachBuffer: slot 37 is not owned by the producer (state = FREE)\
2022-12-01 22:54:04.647 6079-15281/? E/BufferQueueProducer: [SurfaceView[com.google.android.apps.photos/com.google.android.apps.photos.home.HomeActivity]#6(BLAST Consumer)6](id:17bf00000007,api:3,p:6079,c:6079) detachBuffer: slot 38 is not owned by the producer (state = FREE)\
2022-12-01 22:54:04.647 6079-15281/? E/BufferQueueProducer: [SurfaceView[com.google.android.apps.photos/com.google.android.apps.photos.home.HomeActivity]#6(BLAST Consumer)6](id:17bf00000007,api:3,p:6079,c:6079) detachBuffer: slot 39 is not owned by the producer (state = FREE)\
2022-12-01 22:54:04.647 6079-15281/? E/BufferQueueProducer: [SurfaceView[com.google.android.apps.photos/com.google.android.apps.photos.home.HomeActivity]#6(BLAST Consumer)6](id:17bf00000007,api:3,p:6079,c:6079) detachBuffer: slot 40 is not owned by the producer (state = FREE)\
2022-12-01 22:54:04.647 6079-15281/? E/BufferQueueProducer: [SurfaceView[com.google.android.apps.photos/com.google.android.apps.photos.home.HomeActivity]#6(BLAST Consumer)6](id:17bf00000007,api:3,p:6079,c:6079) detachBuffer: slot 41 is not owned by the producer (state = FREE)\
2022-12-01 22:54:04.647 6079-15281/? E/BufferQueueProducer: [SurfaceView[com.google.android.apps.photos/com.google.android.apps.photos.home.HomeActivity]#6(BLAST Consumer)6](id:17bf00000007,api:3,p:6079,c:6079) detachBuffer: slot 42 is not owned by the producer (state = FREE)\
2022-12-01 22:54:04.647 6079-15281/? E/BufferQueueProducer: [SurfaceView[com.google.android.apps.photos/com.google.android.apps.photos.home.HomeActivity]#6(BLAST Consumer)6](id:17bf00000007,api:3,p:6079,c:6079) detachBuffer: slot 43 is not owned by the producer (state = FREE)\
2022-12-01 22:54:04.647 6079-15281/? E/BufferQueueProducer: [SurfaceView[com.google.android.apps.photos/com.google.android.apps.photos.home.HomeActivity]#6(BLAST Consumer)6](id:17bf00000007,api:3,p:6079,c:6079) detachBuffer: slot 44 is not owned by the producer (state = FREE)\
2022-12-01 22:54:04.647 6079-15281/? E/BufferQueueProducer: [SurfaceView[com.google.android.apps.photos/com.google.android.apps.photos.home.HomeActivity]#6(BLAST Consumer)6](id:17bf00000007,api:3,p:6079,c:6079) detachBuffer: slot 45 is not owned by the producer (state = FREE)\
2022-12-01 22:54:04.647 6079-15281/? E/BufferQueueProducer: [SurfaceView[com.google.android.apps.photos/com.google.android.apps.photos.home.HomeActivity]#6(BLAST Consumer)6](id:17bf00000007,api:3,p:6079,c:6079) detachBuffer: slot 46 is not owned by the producer (state = FREE)\
2022-12-01 22:54:04.647 6079-15281/? E/BufferQueueProducer: [SurfaceView[com.google.android.apps.photos/com.google.android.apps.photos.home.HomeActivity]#6(BLAST Consumer)6](id:17bf00000007,api:3,p:6079,c:6079) detachBuffer: slot 47 is not owned by the producer (state = FREE)\
2022-12-01 22:54:04.647 6079-15281/? E/BufferQueueProducer: [SurfaceView[com.google.android.apps.photos/com.google.android.apps.photos.home.HomeActivity]#6(BLAST Consumer)6](id:17bf00000007,api:3,p:6079,c:6079) detachBuffer: slot 48 is not owned by the producer (state = FREE)\
2022-12-01 22:54:04.647 6079-15281/? E/BufferQueueProducer: [SurfaceView[com.google.android.apps.photos/com.google.android.apps.photos.home.HomeActivity]#6(BLAST Consumer)6](id:17bf00000007,api:3,p:6079,c:6079) detachBuffer: slot 49 is not owned by the producer (state = FREE)\
2022-12-01 22:54:04.647 6079-15281/? E/BufferQueueProducer: [SurfaceView[com.google.android.apps.photos/com.google.android.apps.photos.home.HomeActivity]#6(BLAST Consumer)6](id:17bf00000007,api:3,p:6079,c:6079) detachBuffer: slot 50 is not owned by the producer (state = FREE)\
2022-12-01 22:54:04.647 6079-15281/? E/BufferQueueProducer: [SurfaceView[com.google.android.apps.photos/com.google.android.apps.photos.home.HomeActivity]#6(BLAST Consumer)6](id:17bf00000007,api:3,p:6079,c:6079) detachBuffer: slot 51 is not owned by the producer (state = FREE)\
2022-12-01 22:54:04.647 6079-15281/? E/BufferQueueProducer: [SurfaceView[com.google.android.apps.photos/com.google.android.apps.photos.home.HomeActivity]#6(BLAST Consumer)6](id:17bf00000007,api:3,p:6079,c:6079) detachBuffer: slot 52 is not owned by the producer (state = FREE)\
2022-12-01 22:54:04.647 6079-15281/? E/BufferQueueProducer: [SurfaceView[com.google.android.apps.photos/com.google.android.apps.photos.home.HomeActivity]#6(BLAST Consumer)6](id:17bf00000007,api:3,p:6079,c:6079) detachBuffer: slot 53 is not owned by the producer (state = FREE)\
2022-12-01 22:54:04.647 6079-15281/? E/BufferQueueProducer: [SurfaceView[com.google.android.apps.photos/com.google.android.apps.photos.home.HomeActivity]#6(BLAST Consumer)6](id:17bf00000007,api:3,p:6079,c:6079) detachBuffer: slot 54 is not owned by the producer (state = FREE)\
2022-12-01 22:54:04.647 6079-15281/? E/BufferQueueProducer: [SurfaceView[com.google.android.apps.photos/com.google.android.apps.photos.home.HomeActivity]#6(BLAST Consumer)6](id:17bf00000007,api:3,p:6079,c:6079) detachBuffer: slot 55 is not owned by the producer (state = FREE)\
2022-12-01 22:54:04.647 6079-15281/? E/BufferQueueProducer: [SurfaceView[com.google.android.apps.photos/com.google.android.apps.photos.home.HomeActivity]#6(BLAST Consumer)6](id:17bf00000007,api:3,p:6079,c:6079) detachBuffer: slot 56 is not owned by the producer (state = FREE)\
2022-12-01 22:54:04.647 6079-15281/? E/BufferQueueProducer: [SurfaceView[com.google.android.apps.photos/com.google.android.apps.photos.home.HomeActivity]#6(BLAST Consumer)6](id:17bf00000007,api:3,p:6079,c:6079) detachBuffer: slot 57 is not owned by the producer (state = FREE)\
2022-12-01 22:54:04.647 6079-15281/? E/BufferQueueProducer: [SurfaceView[com.google.android.apps.photos/com.google.android.apps.photos.home.HomeActivity]#6(BLAST Consumer)6](id:17bf00000007,api:3,p:6079,c:6079) detachBuffer: slot 58 is not owned by the producer (state = FREE)\
2022-12-01 22:54:04.647 6079-15281/? E/BufferQueueProducer: [SurfaceView[com.google.android.apps.photos/com.google.android.apps.photos.home.HomeActivity]#6(BLAST Consumer)6](id:17bf00000007,api:3,p:6079,c:6079) detachBuffer: slot 59 is not owned by the producer (state = FREE)\
2022-12-01 22:54:04.648 6079-15281/? E/BufferQueueProducer: [SurfaceView[com.google.android.apps.photos/com.google.android.apps.photos.home.HomeActivity]#6(BLAST Consumer)6](id:17bf00000007,api:3,p:6079,c:6079) detachBuffer: slot 60 is not owned by the producer (state = FREE)\
2022-12-01 22:54:04.648 6079-15281/? E/BufferQueueProducer: [SurfaceView[com.google.android.apps.photos/com.google.android.apps.photos.home.HomeActivity]#6(BLAST Consumer)6](id:17bf00000007,api:3,p:6079,c:6079) detachBuffer: slot 61 is not owned by the producer (state = FREE)\
2022-12-01 22:54:04.648 6079-15281/? E/BufferQueueProducer: [SurfaceView[com.google.android.apps.photos/com.google.android.apps.photos.home.HomeActivity]#6(BLAST Consumer)6](id:17bf00000007,api:3,p:6079,c:6079) detachBuffer: slot 62 is not owned by the producer (state = FREE)\
2022-12-01 22:54:04.648 6079-15281/? E/BufferQueueProducer: [SurfaceView[com.google.android.apps.photos/com.google.android.apps.photos.home.HomeActivity]#6(BLAST Consumer)6](id:17bf00000007,api:3,p:6079,c:6079) detachBuffer: slot 63 is not owned by the producer (state = FREE)\
2022-12-01 22:54:04.648 342-420/? D/C2BqBuffer: local generation change 6224899 , bqId: 26109106192392 migrated buffers # 0\
2022-12-01 22:54:04.649 6079-15281/? D/Codec2Client: Surface configure completed\
2022-12-01 22:54:04.649 6079-15281/? D/SurfaceUtils: disconnecting from surface 0xb4000079a0c33120, reason disconnectFromSurface\
2022-12-01 22:54:04.651 338-338/? D/goldfish-address-space: claimShared: Ask to claim region [0x1f65a4000 0x1f6ba8000]\
2022-12-01 22:54:04.654 6079-15281/? D/CCodecBufferChannel: [c2.goldfish.h264.decoder#110] MediaCodec discarded an unknown buffer\
2022-12-01 22:54:04.655 6079-15281/? D/CCodecBufferChannel: [c2.goldfish.h264.decoder#110] MediaCodec discarded an unknown buffer\
2022-12-01 22:54:04.655 6079-15281/? D/CCodecBufferChannel: [c2.goldfish.h264.decoder#110] MediaCodec discarded an unknown buffer\
2022-12-01 22:54:04.655 6079-15281/? D/CCodecBufferChannel: [c2.goldfish.h264.decoder#110] MediaCodec discarded an unknown buffer\
2022-12-01 22:54:04.674 6079-15282/? I/hw-BpHwBinder: onLastStrongRef automatically unlinking death recipients\
2022-12-01 22:54:04.674 6079-15282/? D/BufferPoolAccessor2.0: bufferpool2 0xb400007900c487f8 : 0(0 size) total buffers - 0(0 size) used buffers - 0/6 (recycle/alloc) - 7/535 (fetch/transfer)\
2022-12-01 22:54:04.675 342-420/? I/GoldfishComponentStore: in ~ComponentModule\
2022-12-01 22:54:04.675 342-420/? I/GoldfishComponentStore: unloading dll\
2022-12-01 22:54:04.678 6079-15287/? E/BufferQueueProducer: [MediaCodec.release](id:17bf00000008,api:3,p:6079,c:6079) detachBuffer: slot 0 is not owned by the producer (state = FREE)\
2022-12-01 22:54:04.678 6079-15281/? D/SurfaceUtils: disconnecting from surface 0xb4000079a0c37540, reason disconnectFromSurface\
2022-12-01 22:54:04.678 6079-15287/? E/BufferQueueProducer: [MediaCodec.release](id:17bf00000008,api:0,p:-1,c:6079) detachBuffer: BufferQueue has no connected producer\
2022-12-01 22:54:04.686 512-3888/? W/ActivityManager: Unable to start service Intent \{ act=android.service.smartspace.SmartspaceService cmp=com.google.android.as/com.google.android.apps.miphone.aiai.app.AiAiSmartspaceService \} U=0: not found\
2022-12-01 22:54:04.686 512-3888/? W/RemoteSmartspaceService: could not bind to Intent \{ act=android.service.smartspace.SmartspaceService cmp=com.google.android.as/com.google.android.apps.miphone.aiai.app.AiAiSmartspaceService \} using flags 67112961\
2022-12-01 22:54:04.687 364-364/? W/SurfaceFlinger: couldn't log to binary event log: overflow.\
2022-12-01 22:54:04.687 512-512/? W/ActivityManager: Unbind failed: could not find connection for android.app.LoadedApk$ServiceDispatcher$InnerConnection@327677c\
2022-12-01 22:54:04.711 8233-8233/? I/GoogleInputMethodService: GoogleInputMethodService.onFinishInput():3420 \
2022-12-01 22:54:04.714 758-832/? D/EGL_emulation: app_time_stats: avg=4664.18ms min=4664.18ms max=4664.18ms count=1\
2022-12-01 22:54:04.714 8233-8233/? I/GoogleInputMethodService: GoogleInputMethodService.onStartInput():2002 \
2022-12-01 22:54:04.714 6079-10680/? D/EGL_emulation: app_time_stats: avg=12368.46ms min=14.37ms max=259364.83ms count=21\
2022-12-01 22:54:04.715 8233-8233/? I/DeviceUnlockedTag: DeviceUnlockedTag.notifyDeviceLockStatusChanged():31 Notify device unlocked.\
2022-12-01 22:54:04.719 8862-8862/? D/BoundBrokerSvc: onBind: Intent \{ act=com.google.android.gms.measurement.START pkg=com.google.android.gms \}\
2022-12-01 22:54:04.719 8862-8862/? D/BoundBrokerSvc: Loading bound service for intent: Intent \{ act=com.google.android.gms.measurement.START pkg=com.google.android.gms \}\
2022-12-01 22:54:05.086 512-3889/? D/ConnectivityService: requestNetwork for uid/pid:10125/6079 activeRequest: null callbackRequest: 234 [NetworkRequest [ REQUEST id=235, [ Capabilities: INTERNET&NOT_RESTRICTED&TRUSTED&NOT_VCN_MANAGED Uid: 10125 RequestorUid: 10125 RequestorPkg: com.google.android.apps.photos] ]] callback flags: 0 priority: 2147483647\
2022-12-01 22:54:05.086 10146-10220/? I/flutter: invokeApi Start HttpMethod.GET https://api2.mymarket.ge/app/ru/user/lastsync\
2022-12-01 22:54:05.086 512-707/? D/ConnectivityService: NetReassign [235 : null 
\f1 \uc0\u8594 
\f0  100]\
2022-12-01 22:54:05.096 512-700/? D/WifiNetworkFactory: got request NetworkRequest [ REQUEST id=235, [ Capabilities: INTERNET&NOT_RESTRICTED&TRUSTED&NOT_VCN_MANAGED Uid: 10125 RequestorUid: 10125 RequestorPkg: com.google.android.apps.photos] ]\
2022-12-01 22:54:05.096 512-700/? D/UntrustedWifiNetworkFactory: got request NetworkRequest [ REQUEST id=235, [ Capabilities: INTERNET&NOT_RESTRICTED&TRUSTED&NOT_VCN_MANAGED Uid: 10125 RequestorUid: 10125 RequestorPkg: com.google.android.apps.photos] ]\
2022-12-01 22:54:05.099 512-700/? D/OemPaidWifiNetworkFactory: got request NetworkRequest [ REQUEST id=235, [ Capabilities: INTERNET&NOT_RESTRICTED&TRUSTED&NOT_VCN_MANAGED Uid: 10125 RequestorUid: 10125 RequestorPkg: com.google.android.apps.photos] ]\
2022-12-01 22:54:05.108 7387-15519/? I/DiscoveryManager: Filter criteria(null) scannerFlags(0)\
2022-12-01 22:54:05.109 7387-15519/? W/GuestModeDeviceProber: setFilterCriteria\
2022-12-01 22:54:05.154 512-1949/? I/WifiService: releaseMulticastLock uid=10101\
2022-12-01 22:54:05.477 359-359/? I/android.hardware.vibrator-service.example: Vibrator perform\
2022-12-01 22:54:05.477 359-15540/? I/android.hardware.vibrator-service.example: Starting perform on another thread\
2022-12-01 22:54:05.490 758-832/? D/EGL_emulation: app_time_stats: avg=21.29ms min=1.07ms max=514.70ms count=32\
2022-12-01 22:54:05.577 359-15540/? I/android.hardware.vibrator-service.example: Notifying perform complete\
2022-12-01 22:54:05.579 359-359/? I/android.hardware.vibrator-service.example: Vibrator off\
2022-12-01 22:54:05.797 359-359/? I/android.hardware.vibrator-service.example: Vibrator perform\
2022-12-01 22:54:05.798 359-15542/? I/android.hardware.vibrator-service.example: Starting perform on another thread\
2022-12-01 22:54:05.898 359-15542/? I/android.hardware.vibrator-service.example: Notifying perform complete\
2022-12-01 22:54:05.898 359-359/? I/android.hardware.vibrator-service.example: Vibrator off\
2022-12-01 22:54:07.496 359-359/? I/android.hardware.vibrator-service.example: Vibrator perform\
2022-12-01 22:54:07.496 359-15546/? I/android.hardware.vibrator-service.example: Starting perform on another thread\
2022-12-01 22:54:07.509 758-832/? D/EGL_emulation: app_time_stats: avg=44.39ms min=0.94ms max=1352.06ms count=35\
2022-12-01 22:54:07.597 359-15546/? I/android.hardware.vibrator-service.example: Notifying perform complete\
2022-12-01 22:54:07.598 359-359/? I/android.hardware.vibrator-service.example: Vibrator off\
2022-12-01 22:54:07.689 1016-1653/? D/EGL_emulation: app_time_stats: avg=113.35ms min=1.98ms max=2597.85ms count=24\
2022-12-01 22:54:07.706 340-340/? W/RanchuHwc: validateDisplay: layer 95 CompositionType 1, fallback\
2022-12-01 22:54:07.714 340-340/? W/RanchuHwc: presentDisplay display has no layers to compose, flushing client target buffer.\
2022-12-01 22:54:07.721 340-340/? W/RanchuHwc: validateDisplay: layer 95 CompositionType 1, fallback\
2022-12-01 22:54:07.724 340-340/? W/RanchuHwc: presentDisplay display has no layers to compose, flushing client target buffer.\
2022-12-01 22:54:07.737 340-340/? W/RanchuHwc: validateDisplay: layer 95 CompositionType 1, fallback\
2022-12-01 22:54:07.739 340-340/? W/RanchuHwc: presentDisplay display has no layers to compose, flushing client target buffer.\
2022-12-01 22:54:07.744 758-832/? D/EGL_emulation: app_time_stats: avg=302.99ms min=12.90ms max=2883.46ms count=10\
2022-12-01 22:54:09.773 6079-15286/? D/BufferPoolAccessor2.0: bufferpool2 0xb400007900c487f8 : 0(0 size) total buffers - 0(0 size) used buffers - 0/6 (recycle/alloc) - 7/535 (fetch/transfer)\
2022-12-01 22:54:09.774 6079-15286/? D/BufferPoolAccessor2.0: evictor expired: 1, evicted: 1\
2022-12-01 22:54:11.100 512-612/? W/libprocessgroup: Failed to open /sys/fs/cgroup/./frozen/cgroup.procs: No such file or directory\
2022-12-01 22:54:11.100 512-612/? W/libprocessgroup: Failed to apply Frozen process profile: No such file or directory\
2022-12-01 22:54:11.100 512-612/? D/ActivityManager: froze 12257 com.android.printspooler\
2022-12-01 22:54:15.080 10146-10220/? I/flutter: invokeApi Start HttpMethod.GET https://api2.mymarket.ge/app/ru/user/lastsync\
2022-12-01 22:54:16.850 8862-8862/? D/BoundBrokerSvc: onUnbind: Intent \{ act=com.google.android.gms.measurement.START pkg=com.google.android.gms \}\
2022-12-01 22:54:20.205 7387-7387/? D/BoundBrokerSvc: onUnbind: Intent \{ act=com.google.android.gms.mdns.service.START dat=chimera-action: cmp=com.google.android.gms/.chimera.MdnsPersistentBoundBrokerService \}\
2022-12-01 22:54:25.060 10146-10220/? I/flutter: invokeApi Start HttpMethod.GET https://api2.mymarket.ge/app/ru/user/lastsync\
2022-12-01 22:54:33.248 348-348/? E/android.hardware.power.stats@1.0-service-mock: Failed to getEnergyData\
2022-12-01 22:54:35.081 10146-10220/? I/flutter: invokeApi Start HttpMethod.GET https://api2.mymarket.ge/app/ru/user/lastsync\
2022-12-01 22:54:37.405 512-612/? W/libprocessgroup: Failed to open /sys/fs/cgroup/./frozen/cgroup.procs: No such file or directory\
2022-12-01 22:54:37.405 512-612/? W/libprocessgroup: Failed to apply Frozen process profile: No such file or directory\
2022-12-01 22:54:37.406 512-612/? D/ActivityManager: froze 9659 com.google.android.gms.unstable\
2022-12-01 22:54:45.080 10146-10220/? I/flutter: invokeApi Start HttpMethod.GET https://api2.mymarket.ge/app/ru/user/lastsync\
2022-12-01 22:54:55.058 10146-10220/? I/flutter: invokeApi Start HttpMethod.GET https://api2.mymarket.ge/app/ru/user/lastsync\
2022-12-01 22:55:00.100 758-832/? D/EGL_emulation: app_time_stats: avg=5812.65ms min=3.03ms max=52210.79ms count=9\
2022-12-01 22:55:05.075 10146-10220/? I/flutter: invokeApi Start HttpMethod.GET https://api2.mymarket.ge/app/ru/user/lastsync\
2022-12-01 22:55:05.149 7387-15231/? I/CastDatabase: Saving the database\
2022-12-01 22:55:05.159 7387-15231/? E/SQLiteCastStore: Skip saving CastDeviceInfo: "Nearby device" (__cast_nearby___V_f65ee1eb-8be0-4890-837e-ed308217200b)\
2022-12-01 22:55:05.159 7387-15231/? I/SQLiteCastStore: [CastNetworkInfo] saved: 0, skipped: 0, [CastDeviceInfo]: saved 0, skipped 1, [Paired Guest Mode DeviceInfo] saved: 0, skipped: 0. [ProbedNetworks]: saved 0, skipped: 0, [ProbedSocketAddress]: saved 0, skipped: 0, [Network-Device pairs]: saved: 0\
2022-12-01 22:55:15.079 10146-10220/? I/flutter: invokeApi Start HttpMethod.GET https://api2.mymarket.ge/app/ru/user/lastsync\
2022-12-01 22:55:16.124 1016-1653/? D/EGL_emulation: app_time_stats: avg=2430.16ms min=1.89ms max=67964.40ms count=28\
2022-12-01 22:55:25.076 10146-10220/? I/flutter: invokeApi Start HttpMethod.GET https://api2.mymarket.ge/app/ru/user/lastsync\
2022-12-01 22:55:32.173 758-832/? D/EGL_emulation: app_time_stats: avg=32072.29ms min=32072.29ms max=32072.29ms count=1\
2022-12-01 22:55:35.077 10146-10220/? I/flutter: invokeApi Start HttpMethod.GET https://api2.mymarket.ge/app/ru/user/lastsync\
2022-12-01 22:55:45.086 10146-10220/? I/flutter: invokeApi Start HttpMethod.GET https://api2.mymarket.ge/app/ru/user/lastsync\
2022-12-01 22:55:48.427 512-1961/? D/WifiNl80211Manager: Scan result ready event\
2022-12-01 22:55:48.428 512-1961/? D/WifiNative: Scan result ready event\
2022-12-01 22:55:55.074 10146-10220/? I/flutter: invokeApi Start HttpMethod.GET https://api2.mymarket.ge/app/ru/user/lastsync\
2022-12-01 22:56:00.049 758-832/? D/EGL_emulation: app_time_stats: avg=27875.91ms min=27875.91ms max=27875.91ms count=1\
2022-12-01 22:56:05.080 10146-10220/? I/flutter: invokeApi Start HttpMethod.GET https://api2.mymarket.ge/app/ru/user/lastsync\
2022-12-01 22:56:12.167 758-832/? D/EGL_emulation: app_time_stats: avg=12118.44ms min=12118.44ms max=12118.44ms count=1\
2022-12-01 22:56:15.061 10146-10220/? I/flutter: invokeApi Start HttpMethod.GET https://api2.mymarket.ge/app/ru/user/lastsync\
2022-12-01 22:56:16.119 1016-1653/? D/EGL_emulation: app_time_stats: avg=59994.75ms min=59994.75ms max=59994.75ms count=1\
2022-12-01 22:56:25.090 10146-10220/? I/flutter: invokeApi Start HttpMethod.GET https://api2.mymarket.ge/app/ru/user/lastsync\
2022-12-01 22:56:33.249 348-348/? E/android.hardware.power.stats@1.0-service-mock: Failed to getEnergyData\
2022-12-01 22:56:35.090 10146-10220/? I/flutter: invokeApi Start HttpMethod.GET https://api2.mymarket.ge/app/ru/user/lastsync\
2022-12-01 22:56:45.073 10146-10220/? I/flutter: invokeApi Start HttpMethod.GET https://api2.mymarket.ge/app/ru/user/lastsync\
2022-12-01 22:56:48.529 3350-3934/? W/ProcessReaper: Memory state is: 125\
2022-12-01 22:56:48.532 3363-15672/? W/ProcessReaper: Memory state is: 100\
2022-12-01 22:56:52.191 758-832/? D/EGL_emulation: app_time_stats: avg=40023.43ms min=40023.43ms max=40023.43ms count=1\
2022-12-01 22:56:55.080 10146-10220/? I/flutter: invokeApi Start HttpMethod.GET https://api2.mymarket.ge/app/ru/user/lastsync\
2022-12-01 22:57:00.041 758-832/? D/EGL_emulation: app_time_stats: avg=7849.49ms min=7849.49ms max=7849.49ms count=1\
2022-12-01 22:57:05.061 10146-10220/? I/flutter: invokeApi Start HttpMethod.GET https://api2.mymarket.ge/app/ru/user/lastsync\
2022-12-01 22:57:09.265 3969-15687/? W/ProcessReaper: Memory state is: 125\
2022-12-01 22:57:15.059 10146-10220/? I/flutter: invokeApi Start HttpMethod.GET https://api2.mymarket.ge/app/ru/user/lastsync\
2022-12-01 22:57:16.129 1016-1653/? D/EGL_emulation: app_time_stats: avg=60010.07ms min=60010.07ms max=60010.07ms count=1\
2022-12-01 22:57:25.089 10146-10220/? I/flutter: invokeApi Start HttpMethod.GET https://api2.mymarket.ge/app/ru/user/lastsync\
2022-12-01 22:57:35.078 10146-10220/? I/flutter: invokeApi Start HttpMethod.GET https://api2.mymarket.ge/app/ru/user/lastsync\
